<?xml version="1.0"?>
<link_info>
   <banner>TMS320C55x Linker PC v4.4.1</banner>
   <copyright>Copyright (c) 1996-2012 Texas Instruments Incorporated</copyright>
   <link_time>0x60e43cdc</link_time>
   <output_file>Audio Input.out</output_file>
   <entry_point>
      <name>_c_int00</name>
      <address>0x261f8</address>
   </entry_point>
   <input_file_list>
      <input_file id="fl-2">
         <path>.\</path>
         <kind>object</kind>
         <file>PLL.obj</file>
         <name>PLL.obj</name>
      </input_file>
      <input_file id="fl-3">
         <path>.\</path>
         <kind>object</kind>
         <file>aic3204.obj</file>
         <name>aic3204.obj</name>
      </input_file>
      <input_file id="fl-4">
         <path>.\</path>
         <kind>object</kind>
         <file>aic3204_init.obj</file>
         <name>aic3204_init.obj</name>
      </input_file>
      <input_file id="fl-5">
         <path>.\</path>
         <kind>object</kind>
         <file>bargraph5515.obj</file>
         <name>bargraph5515.obj</name>
      </input_file>
      <input_file id="fl-6">
         <path>.\</path>
         <kind>object</kind>
         <file>main.obj</file>
         <name>main.obj</name>
      </input_file>
      <input_file id="fl-7">
         <path>.\</path>
         <kind>object</kind>
         <file>oled5515.obj</file>
         <name>oled5515.obj</name>
      </input_file>
      <input_file id="fl-8">
         <path>.\</path>
         <kind>object</kind>
         <file>pushbuttons5515.obj</file>
         <name>pushbuttons5515.obj</name>
      </input_file>
      <input_file id="fl-9">
         <path>.\</path>
         <kind>object</kind>
         <file>stereo.obj</file>
         <name>stereo.obj</name>
      </input_file>
      <input_file id="fl-a">
         <path>.\</path>
         <kind>object</kind>
         <file>usbstk5515.obj</file>
         <name>usbstk5515.obj</name>
      </input_file>
      <input_file id="fl-b">
         <path>.\</path>
         <kind>object</kind>
         <file>usbstk5515_gpio.obj</file>
         <name>usbstk5515_gpio.obj</name>
      </input_file>
      <input_file id="fl-c">
         <path>.\</path>
         <kind>object</kind>
         <file>usbstk5515_i2c.obj</file>
         <name>usbstk5515_i2c.obj</name>
      </input_file>
      <input_file id="fl-d">
         <path>.\</path>
         <kind>object</kind>
         <file>usbstk5515_led.obj</file>
         <name>usbstk5515_led.obj</name>
      </input_file>
      <input_file id="fl-13">
         <path>..\</path>
         <kind>archive</kind>
         <file>CSLc55x5h.lib</file>
         <name>csl_pll.obj</name>
      </input_file>
      <input_file id="fl-14">
         <path>F:\ti\ccs1031\ccs\tools\compiler\c5500_4.4.1\lib\</path>
         <kind>archive</kind>
         <file>rts55h.lib</file>
         <name>boot.obj</name>
      </input_file>
      <input_file id="fl-15">
         <path>F:\ti\ccs1031\ccs\tools\compiler\c5500_4.4.1\lib\</path>
         <kind>archive</kind>
         <file>rts55h.lib</file>
         <name>exit.obj</name>
      </input_file>
      <input_file id="fl-16">
         <path>F:\ti\ccs1031\ccs\tools\compiler\c5500_4.4.1\lib\</path>
         <kind>archive</kind>
         <file>rts55h.lib</file>
         <name>fputs.obj</name>
      </input_file>
      <input_file id="fl-17">
         <path>F:\ti\ccs1031\ccs\tools\compiler\c5500_4.4.1\lib\</path>
         <kind>archive</kind>
         <file>rts55h.lib</file>
         <name>lowlev.obj</name>
      </input_file>
      <input_file id="fl-18">
         <path>F:\ti\ccs1031\ccs\tools\compiler\c5500_4.4.1\lib\</path>
         <kind>archive</kind>
         <file>rts55h.lib</file>
         <name>memcpy.obj</name>
      </input_file>
      <input_file id="fl-19">
         <path>F:\ti\ccs1031\ccs\tools\compiler\c5500_4.4.1\lib\</path>
         <kind>archive</kind>
         <file>rts55h.lib</file>
         <name>printf.obj</name>
      </input_file>
      <input_file id="fl-1a">
         <path>F:\ti\ccs1031\ccs\tools\compiler\c5500_4.4.1\lib\</path>
         <kind>archive</kind>
         <file>rts55h.lib</file>
         <name>remul.obj</name>
      </input_file>
      <input_file id="fl-1b">
         <path>F:\ti\ccs1031\ccs\tools\compiler\c5500_4.4.1\lib\</path>
         <kind>archive</kind>
         <file>rts55h.lib</file>
         <name>trgdrv.obj</name>
      </input_file>
      <input_file id="fl-1c">
         <path>F:\ti\ccs1031\ccs\tools\compiler\c5500_4.4.1\lib\</path>
         <kind>archive</kind>
         <file>rts55h.lib</file>
         <name>trgmsg.obj</name>
      </input_file>
      <input_file id="fl-1d">
         <path>F:\ti\ccs1031\ccs\tools\compiler\c5500_4.4.1\lib\</path>
         <kind>archive</kind>
         <file>rts55h.lib</file>
         <name>vectors.obj</name>
      </input_file>
      <input_file id="fl-1e">
         <path>F:\ti\ccs1031\ccs\tools\compiler\c5500_4.4.1\lib\</path>
         <kind>archive</kind>
         <file>rts55h.lib</file>
         <name>_io_perm.obj</name>
      </input_file>
      <input_file id="fl-1f">
         <path>F:\ti\ccs1031\ccs\tools\compiler\c5500_4.4.1\lib\</path>
         <kind>archive</kind>
         <file>rts55h.lib</file>
         <name>_lock.obj</name>
      </input_file>
      <input_file id="fl-20">
         <path>F:\ti\ccs1031\ccs\tools\compiler\c5500_4.4.1\lib\</path>
         <kind>archive</kind>
         <file>rts55h.lib</file>
         <name>_printfi.obj</name>
      </input_file>
      <input_file id="fl-21">
         <path>F:\ti\ccs1031\ccs\tools\compiler\c5500_4.4.1\lib\</path>
         <kind>archive</kind>
         <file>rts55h.lib</file>
         <name>args_main.obj</name>
      </input_file>
      <input_file id="fl-22">
         <path>F:\ti\ccs1031\ccs\tools\compiler\c5500_4.4.1\lib\</path>
         <kind>archive</kind>
         <file>rts55h.lib</file>
         <name>atoi.obj</name>
      </input_file>
      <input_file id="fl-23">
         <path>F:\ti\ccs1031\ccs\tools\compiler\c5500_4.4.1\lib\</path>
         <kind>archive</kind>
         <file>rts55h.lib</file>
         <name>autoinit.obj</name>
      </input_file>
      <input_file id="fl-24">
         <path>F:\ti\ccs1031\ccs\tools\compiler\c5500_4.4.1\lib\</path>
         <kind>archive</kind>
         <file>rts55h.lib</file>
         <name>cmpd.obj</name>
      </input_file>
      <input_file id="fl-25">
         <path>F:\ti\ccs1031\ccs\tools\compiler\c5500_4.4.1\lib\</path>
         <kind>archive</kind>
         <file>rts55h.lib</file>
         <name>ctype.obj</name>
      </input_file>
      <input_file id="fl-26">
         <path>F:\ti\ccs1031\ccs\tools\compiler\c5500_4.4.1\lib\</path>
         <kind>archive</kind>
         <file>rts55h.lib</file>
         <name>defs.obj</name>
      </input_file>
      <input_file id="fl-27">
         <path>F:\ti\ccs1031\ccs\tools\compiler\c5500_4.4.1\lib\</path>
         <kind>archive</kind>
         <file>rts55h.lib</file>
         <name>divd.obj</name>
      </input_file>
      <input_file id="fl-28">
         <path>F:\ti\ccs1031\ccs\tools\compiler\c5500_4.4.1\lib\</path>
         <kind>archive</kind>
         <file>rts55h.lib</file>
         <name>divul.obj</name>
      </input_file>
      <input_file id="fl-29">
         <path>F:\ti\ccs1031\ccs\tools\compiler\c5500_4.4.1\lib\</path>
         <kind>archive</kind>
         <file>rts55h.lib</file>
         <name>fflush.obj</name>
      </input_file>
      <input_file id="fl-2a">
         <path>F:\ti\ccs1031\ccs\tools\compiler\c5500_4.4.1\lib\</path>
         <kind>archive</kind>
         <file>rts55h.lib</file>
         <name>fixdi.obj</name>
      </input_file>
      <input_file id="fl-2b">
         <path>F:\ti\ccs1031\ccs\tools\compiler\c5500_4.4.1\lib\</path>
         <kind>archive</kind>
         <file>rts55h.lib</file>
         <name>fixdli.obj</name>
      </input_file>
      <input_file id="fl-2c">
         <path>F:\ti\ccs1031\ccs\tools\compiler\c5500_4.4.1\lib\</path>
         <kind>archive</kind>
         <file>rts55h.lib</file>
         <name>fltlid.obj</name>
      </input_file>
      <input_file id="fl-2d">
         <path>F:\ti\ccs1031\ccs\tools\compiler\c5500_4.4.1\lib\</path>
         <kind>archive</kind>
         <file>rts55h.lib</file>
         <name>fputc.obj</name>
      </input_file>
      <input_file id="fl-2e">
         <path>F:\ti\ccs1031\ccs\tools\compiler\c5500_4.4.1\lib\</path>
         <kind>archive</kind>
         <file>rts55h.lib</file>
         <name>frcmpyd_div.obj</name>
      </input_file>
      <input_file id="fl-2f">
         <path>F:\ti\ccs1031\ccs\tools\compiler\c5500_4.4.1\lib\</path>
         <kind>archive</kind>
         <file>rts55h.lib</file>
         <name>fseek.obj</name>
      </input_file>
      <input_file id="fl-30">
         <path>F:\ti\ccs1031\ccs\tools\compiler\c5500_4.4.1\lib\</path>
         <kind>archive</kind>
         <file>rts55h.lib</file>
         <name>isinf.obj</name>
      </input_file>
      <input_file id="fl-31">
         <path>F:\ti\ccs1031\ccs\tools\compiler\c5500_4.4.1\lib\</path>
         <kind>archive</kind>
         <file>rts55h.lib</file>
         <name>llmpy.obj</name>
      </input_file>
      <input_file id="fl-32">
         <path>F:\ti\ccs1031\ccs\tools\compiler\c5500_4.4.1\lib\</path>
         <kind>archive</kind>
         <file>rts55h.lib</file>
         <name>lmpy.obj</name>
      </input_file>
      <input_file id="fl-33">
         <path>F:\ti\ccs1031\ccs\tools\compiler\c5500_4.4.1\lib\</path>
         <kind>archive</kind>
         <file>rts55h.lib</file>
         <name>ltoa.obj</name>
      </input_file>
      <input_file id="fl-34">
         <path>F:\ti\ccs1031\ccs\tools\compiler\c5500_4.4.1\lib\</path>
         <kind>archive</kind>
         <file>rts55h.lib</file>
         <name>memccpy.obj</name>
      </input_file>
      <input_file id="fl-35">
         <path>F:\ti\ccs1031\ccs\tools\compiler\c5500_4.4.1\lib\</path>
         <kind>archive</kind>
         <file>rts55h.lib</file>
         <name>mpyd.obj</name>
      </input_file>
      <input_file id="fl-36">
         <path>F:\ti\ccs1031\ccs\tools\compiler\c5500_4.4.1\lib\</path>
         <kind>archive</kind>
         <file>rts55h.lib</file>
         <name>negd.obj</name>
      </input_file>
      <input_file id="fl-37">
         <path>F:\ti\ccs1031\ccs\tools\compiler\c5500_4.4.1\lib\</path>
         <kind>archive</kind>
         <file>rts55h.lib</file>
         <name>remli.obj</name>
      </input_file>
      <input_file id="fl-38">
         <path>F:\ti\ccs1031\ccs\tools\compiler\c5500_4.4.1\lib\</path>
         <kind>archive</kind>
         <file>rts55h.lib</file>
         <name>setvbuf.obj</name>
      </input_file>
      <input_file id="fl-39">
         <path>F:\ti\ccs1031\ccs\tools\compiler\c5500_4.4.1\lib\</path>
         <kind>archive</kind>
         <file>rts55h.lib</file>
         <name>subd.obj</name>
      </input_file>
      <input_file id="fl-3a">
         <path>F:\ti\ccs1031\ccs\tools\compiler\c5500_4.4.1\lib\</path>
         <kind>archive</kind>
         <file>rts55h.lib</file>
         <name>udiv.obj</name>
      </input_file>
      <input_file id="fl-3b">
         <path>F:\ti\ccs1031\ccs\tools\compiler\c5500_4.4.1\lib\</path>
         <kind>archive</kind>
         <file>rts55h.lib</file>
         <name>addd.obj</name>
      </input_file>
      <input_file id="fl-3c">
         <path>F:\ti\ccs1031\ccs\tools\compiler\c5500_4.4.1\lib\</path>
         <kind>archive</kind>
         <file>rts55h.lib</file>
         <name>divli.obj</name>
      </input_file>
      <input_file id="fl-3d">
         <path>F:\ti\ccs1031\ccs\tools\compiler\c5500_4.4.1\lib\</path>
         <kind>archive</kind>
         <file>rts55h.lib</file>
         <name>fopen.obj</name>
      </input_file>
      <input_file id="fl-3e">
         <path>F:\ti\ccs1031\ccs\tools\compiler\c5500_4.4.1\lib\</path>
         <kind>archive</kind>
         <file>rts55h.lib</file>
         <name>frcmpyd.obj</name>
      </input_file>
      <input_file id="fl-3f">
         <path>F:\ti\ccs1031\ccs\tools\compiler\c5500_4.4.1\lib\</path>
         <kind>archive</kind>
         <file>rts55h.lib</file>
         <name>memory.obj</name>
      </input_file>
      <input_file id="fl-40">
         <path>F:\ti\ccs1031\ccs\tools\compiler\c5500_4.4.1\lib\</path>
         <kind>archive</kind>
         <file>rts55h.lib</file>
         <name>fclose.obj</name>
      </input_file>
      <input_file id="fl-41">
         <path>F:\ti\ccs1031\ccs\tools\compiler\c5500_4.4.1\lib\</path>
         <kind>archive</kind>
         <file>rts55h.lib</file>
         <name>remove.obj</name>
      </input_file>
   </input_file_list>
   <object_component_list>
      <object_component id="oc-9c">
         <name>.text</name>
         <load_address>0x20000</load_address>
         <run_address>0x20000</run_address>
         <size>0x1533</size>
         <input_file_ref idref="fl-20"/>
      </object_component>
      <object_component id="oc-33">
         <name>.text</name>
         <load_address>0x21533</load_address>
         <run_address>0x21533</run_address>
         <size>0x965</size>
         <input_file_ref idref="fl-7"/>
      </object_component>
      <object_component id="oc-83">
         <name>.text</name>
         <load_address>0x21e98</load_address>
         <run_address>0x21e98</run_address>
         <size>0x538</size>
         <input_file_ref idref="fl-1b"/>
      </object_component>
      <object_component id="oc-11b">
         <name>.text</name>
         <load_address>0x223d0</load_address>
         <run_address>0x223d0</run_address>
         <size>0x533</size>
         <input_file_ref idref="fl-3f"/>
      </object_component>
      <object_component id="oc-20">
         <name>.text</name>
         <load_address>0x22903</load_address>
         <run_address>0x22903</run_address>
         <size>0x522</size>
         <input_file_ref idref="fl-4"/>
      </object_component>
      <object_component id="oc-71">
         <name>.text</name>
         <load_address>0x22e25</load_address>
         <run_address>0x22e25</run_address>
         <size>0x518</size>
         <input_file_ref idref="fl-17"/>
      </object_component>
      <object_component id="oc-b8">
         <name>.text</name>
         <load_address>0x2333d</load_address>
         <run_address>0x2333d</run_address>
         <size>0x3c7</size>
         <input_file_ref idref="fl-27"/>
      </object_component>
      <object_component id="oc-2b">
         <name>.text</name>
         <load_address>0x23704</load_address>
         <run_address>0x23704</run_address>
         <size>0x35f</size>
         <input_file_ref idref="fl-6"/>
      </object_component>
      <object_component id="oc-12">
         <name>.text</name>
         <load_address>0x23a63</load_address>
         <run_address>0x23a63</run_address>
         <size>0x340</size>
         <input_file_ref idref="fl-2"/>
      </object_component>
      <object_component id="oc-3a">
         <name>.text</name>
         <load_address>0x23da3</load_address>
         <run_address>0x23da3</run_address>
         <size>0x2b6</size>
         <input_file_ref idref="fl-8"/>
      </object_component>
      <object_component id="oc-5c">
         <name>.text</name>
         <load_address>0x24059</load_address>
         <run_address>0x24059</run_address>
         <size>0x2ad</size>
         <input_file_ref idref="fl-13"/>
      </object_component>
      <object_component id="oc-111">
         <name>.text</name>
         <load_address>0x24306</load_address>
         <run_address>0x24306</run_address>
         <size>0x26c</size>
         <input_file_ref idref="fl-3d"/>
      </object_component>
      <object_component id="oc-26">
         <name>.text</name>
         <load_address>0x24572</load_address>
         <run_address>0x24572</run_address>
         <size>0x25c</size>
         <input_file_ref idref="fl-5"/>
      </object_component>
      <object_component id="oc-e1">
         <name>.text</name>
         <load_address>0x247ce</load_address>
         <run_address>0x247ce</run_address>
         <size>0x25c</size>
         <input_file_ref idref="fl-31"/>
      </object_component>
      <object_component id="oc-109">
         <name>.text</name>
         <load_address>0x24a2a</load_address>
         <run_address>0x24a2a</run_address>
         <size>0x257</size>
         <input_file_ref idref="fl-3b"/>
      </object_component>
      <object_component id="oc-ae">
         <name>.text</name>
         <load_address>0x24c81</load_address>
         <run_address>0x24c81</run_address>
         <size>0x1ea</size>
         <input_file_ref idref="fl-24"/>
      </object_component>
      <object_component id="oc-57">
         <name>.text</name>
         <load_address>0x24e6b</load_address>
         <run_address>0x24e6b</run_address>
         <size>0x1c9</size>
         <input_file_ref idref="fl-d"/>
      </object_component>
      <object_component id="oc-6c">
         <name>.text</name>
         <load_address>0x25034</load_address>
         <run_address>0x25034</run_address>
         <size>0x17b</size>
         <input_file_ref idref="fl-16"/>
      </object_component>
      <object_component id="oc-4b">
         <name>.text</name>
         <load_address>0x251af</load_address>
         <run_address>0x251af</run_address>
         <size>0x156</size>
         <input_file_ref idref="fl-b"/>
      </object_component>
      <object_component id="oc-f1">
         <name>.text</name>
         <load_address>0x25305</load_address>
         <run_address>0x25305</run_address>
         <size>0x14b</size>
         <input_file_ref idref="fl-35"/>
      </object_component>
      <object_component id="oc-50">
         <name>.text</name>
         <load_address>0x25450</load_address>
         <run_address>0x25450</run_address>
         <size>0x13e</size>
         <input_file_ref idref="fl-c"/>
      </object_component>
      <object_component id="oc-1a">
         <name>.text</name>
         <load_address>0x2558e</load_address>
         <run_address>0x2558e</run_address>
         <size>0x13b</size>
         <input_file_ref idref="fl-3"/>
      </object_component>
      <object_component id="oc-fd">
         <name>.text</name>
         <load_address>0x256c9</load_address>
         <run_address>0x256c9</run_address>
         <size>0xf3</size>
         <input_file_ref idref="fl-38"/>
      </object_component>
      <object_component id="oc-92">
         <name>.text</name>
         <load_address>0x257bc</load_address>
         <run_address>0x257bc</run_address>
         <size>0xda</size>
         <input_file_ref idref="fl-1e"/>
      </object_component>
      <object_component id="oc-8b">
         <name>.text:CIO_breakpoint</name>
         <load_address>0x25896</load_address>
         <run_address>0x25896</run_address>
         <size>0xbe</size>
         <input_file_ref idref="fl-1c"/>
      </object_component>
      <object_component id="oc-c0">
         <name>.text</name>
         <load_address>0x25954</load_address>
         <run_address>0x25954</run_address>
         <size>0xba</size>
         <input_file_ref idref="fl-29"/>
      </object_component>
      <object_component id="oc-d1">
         <name>.text</name>
         <load_address>0x25a0e</load_address>
         <run_address>0x25a0e</run_address>
         <size>0xa2</size>
         <input_file_ref idref="fl-2d"/>
      </object_component>
      <object_component id="oc-bc">
         <name>.text</name>
         <load_address>0x25ab0</load_address>
         <run_address>0x25ab0</run_address>
         <size>0xa0</size>
         <input_file_ref idref="fl-28"/>
      </object_component>
      <object_component id="oc-e9">
         <name>.text</name>
         <load_address>0x25b50</load_address>
         <run_address>0x25b50</run_address>
         <size>0x79</size>
         <input_file_ref idref="fl-33"/>
      </object_component>
      <object_component id="oc-122">
         <name>.text</name>
         <load_address>0x25bc9</load_address>
         <run_address>0x25bc9</run_address>
         <size>0x76</size>
         <input_file_ref idref="fl-40"/>
      </object_component>
      <object_component id="oc-117">
         <name>.text</name>
         <load_address>0x25c3f</load_address>
         <run_address>0x25c3f</run_address>
         <size>0x76</size>
         <input_file_ref idref="fl-3e"/>
      </object_component>
      <object_component id="oc-d5">
         <name>.text</name>
         <load_address>0x25cb5</load_address>
         <run_address>0x25cb5</run_address>
         <size>0x73</size>
         <input_file_ref idref="fl-2e"/>
      </object_component>
      <object_component id="oc-7f">
         <name>.text</name>
         <load_address>0x25d28</load_address>
         <run_address>0x25d28</run_address>
         <size>0x70</size>
         <input_file_ref idref="fl-1a"/>
      </object_component>
      <object_component id="oc-c8">
         <name>.text</name>
         <load_address>0x25d98</load_address>
         <run_address>0x25d98</run_address>
         <size>0x6e</size>
         <input_file_ref idref="fl-2b"/>
      </object_component>
      <object_component id="oc-88">
         <name>.text</name>
         <load_address>0x25e06</load_address>
         <run_address>0x25e06</run_address>
         <size>0x6b</size>
         <input_file_ref idref="fl-1c"/>
      </object_component>
      <object_component id="oc-d9">
         <name>.text</name>
         <load_address>0x25e71</load_address>
         <run_address>0x25e71</run_address>
         <size>0x68</size>
         <input_file_ref idref="fl-2f"/>
      </object_component>
      <object_component id="oc-cc">
         <name>.text</name>
         <load_address>0x25ed9</load_address>
         <run_address>0x25ed9</run_address>
         <size>0x67</size>
         <input_file_ref idref="fl-2c"/>
      </object_component>
      <object_component id="oc-a6">
         <name>.text</name>
         <load_address>0x25f40</load_address>
         <run_address>0x25f40</run_address>
         <size>0x59</size>
         <input_file_ref idref="fl-22"/>
      </object_component>
      <object_component id="oc-77">
         <name>.text</name>
         <load_address>0x25f99</load_address>
         <run_address>0x25f99</run_address>
         <size>0x56</size>
         <input_file_ref idref="fl-18"/>
      </object_component>
      <object_component id="oc-46">
         <name>.text</name>
         <load_address>0x25fef</load_address>
         <run_address>0x25fef</run_address>
         <size>0x54</size>
         <input_file_ref idref="fl-a"/>
      </object_component>
      <object_component id="oc-7b">
         <name>.text</name>
         <load_address>0x26043</load_address>
         <run_address>0x26043</run_address>
         <size>0x4e</size>
         <input_file_ref idref="fl-19"/>
      </object_component>
      <object_component id="oc-aa">
         <name>.text</name>
         <load_address>0x26091</load_address>
         <run_address>0x26091</run_address>
         <size>0x4d</size>
         <input_file_ref idref="fl-23"/>
      </object_component>
      <object_component id="oc-f9">
         <name>.text</name>
         <load_address>0x260de</load_address>
         <run_address>0x260de</run_address>
         <size>0x4b</size>
         <input_file_ref idref="fl-37"/>
      </object_component>
      <object_component id="oc-a2">
         <name>.text</name>
         <load_address>0x26129</load_address>
         <run_address>0x26129</run_address>
         <size>0x49</size>
         <input_file_ref idref="fl-21"/>
      </object_component>
      <object_component id="oc-10d">
         <name>.text</name>
         <load_address>0x26172</load_address>
         <run_address>0x26172</run_address>
         <size>0x48</size>
         <input_file_ref idref="fl-3c"/>
      </object_component>
      <object_component id="oc-65">
         <name>.text</name>
         <load_address>0x261ba</load_address>
         <run_address>0x261ba</run_address>
         <size>0x3e</size>
         <input_file_ref idref="fl-15"/>
      </object_component>
      <object_component id="oc-10">
         <name>.text</name>
         <load_address>0x261f8</load_address>
         <run_address>0x261f8</run_address>
         <size>0x34</size>
         <input_file_ref idref="fl-14"/>
      </object_component>
      <object_component id="oc-c4">
         <name>.text</name>
         <load_address>0x2622c</load_address>
         <run_address>0x2622c</run_address>
         <size>0x2a</size>
         <input_file_ref idref="fl-2a"/>
      </object_component>
      <object_component id="oc-105">
         <name>.text</name>
         <load_address>0x26256</load_address>
         <run_address>0x26256</run_address>
         <size>0x2a</size>
         <input_file_ref idref="fl-3a"/>
      </object_component>
      <object_component id="oc-ed">
         <name>.text</name>
         <load_address>0x26280</load_address>
         <run_address>0x26280</run_address>
         <size>0x22</size>
         <input_file_ref idref="fl-34"/>
      </object_component>
      <object_component id="oc-41">
         <name>.text</name>
         <load_address>0x262a2</load_address>
         <run_address>0x262a2</run_address>
         <size>0x1c</size>
         <input_file_ref idref="fl-9"/>
      </object_component>
      <object_component id="oc-dd">
         <name>.text</name>
         <load_address>0x262be</load_address>
         <run_address>0x262be</run_address>
         <size>0x1a</size>
         <input_file_ref idref="fl-30"/>
      </object_component>
      <object_component id="oc-101">
         <name>.text</name>
         <load_address>0x262d8</load_address>
         <run_address>0x262d8</run_address>
         <size>0x14</size>
         <input_file_ref idref="fl-39"/>
      </object_component>
      <object_component id="oc-e5">
         <name>.text</name>
         <load_address>0x262ec</load_address>
         <run_address>0x262ec</run_address>
         <size>0x13</size>
         <input_file_ref idref="fl-32"/>
      </object_component>
      <object_component id="oc-96">
         <name>.text</name>
         <load_address>0x262ff</load_address>
         <run_address>0x262ff</run_address>
         <size>0x12</size>
         <input_file_ref idref="fl-1f"/>
      </object_component>
      <object_component id="oc-f5">
         <name>.text</name>
         <load_address>0x26311</load_address>
         <run_address>0x26311</run_address>
         <size>0x10</size>
         <input_file_ref idref="fl-36"/>
      </object_component>
      <object_component id="oc-126">
         <name>.text</name>
         <load_address>0x26321</load_address>
         <run_address>0x26321</run_address>
         <size>0xa</size>
         <input_file_ref idref="fl-41"/>
      </object_component>
      <object_component id="oc-69">
         <name>.text:CIO_breakpoint</name>
         <load_address>0x2632b</load_address>
         <run_address>0x2632b</run_address>
         <size>0x7</size>
         <input_file_ref idref="fl-15"/>
      </object_component>
      <object_component id="oc-8e">
         <name>.text</name>
         <load_address>0x26332</load_address>
         <run_address>0x26332</run_address>
         <size>0x2</size>
         <input_file_ref idref="fl-1d"/>
      </object_component>
      <object_component id="oc-61">
         <name>.stack</name>
         <uninitialized>true</uninitialized>
         <run_address>0xc0</run_address>
         <size>0x0</size>
         <input_file_ref idref="fl-14"/>
      </object_component>
      <object_component id="oc-144">
         <name>.stack</name>
         <uninitialized>true</uninitialized>
         <run_address>0xc0</run_address>
         <size>0x0</size>
      </object_component>
      <object_component id="oc-12a">
         <name>.sysstack</name>
         <uninitialized>true</uninitialized>
         <run_address>0x20c0</run_address>
         <size>0x0</size>
         <input_file_ref idref="fl-14"/>
      </object_component>
      <object_component id="oc-146">
         <name>.sysstack</name>
         <uninitialized>true</uninitialized>
         <run_address>0x20c0</run_address>
         <size>0x0</size>
      </object_component>
      <object_component id="oc-34">
         <name>.bss</name>
         <uninitialized>true</uninitialized>
         <run_address>0x50c0</run_address>
         <size>0x544</size>
         <input_file_ref idref="fl-7"/>
      </object_component>
      <object_component id="oc-2c">
         <name>.bss</name>
         <uninitialized>true</uninitialized>
         <run_address>0x5604</run_address>
         <size>0x26a</size>
         <input_file_ref idref="fl-6"/>
      </object_component>
      <object_component id="oc-112">
         <name>.bss</name>
         <uninitialized>true</uninitialized>
         <run_address>0x586e</run_address>
         <size>0x2</size>
         <input_file_ref idref="fl-3d"/>
      </object_component>
      <object_component id="oc-b4">
         <name>.bss</name>
         <uninitialized>true</uninitialized>
         <run_address>0x5870</run_address>
         <size>0x232</size>
         <input_file_ref idref="fl-26"/>
      </object_component>
      <object_component id="oc-84">
         <name>.bss</name>
         <uninitialized>true</uninitialized>
         <run_address>0x5aa2</run_address>
         <size>0x1a0</size>
         <input_file_ref idref="fl-1b"/>
      </object_component>
      <object_component id="oc-51">
         <name>.bss</name>
         <uninitialized>true</uninitialized>
         <run_address>0x5c42</run_address>
         <size>0x2</size>
         <input_file_ref idref="fl-c"/>
      </object_component>
      <object_component id="oc-72">
         <name>.bss</name>
         <uninitialized>true</uninitialized>
         <run_address>0x5c44</run_address>
         <size>0xe2</size>
         <input_file_ref idref="fl-17"/>
      </object_component>
      <object_component id="oc-13">
         <name>.bss</name>
         <uninitialized>true</uninitialized>
         <run_address>0x5d28</run_address>
         <size>0x6c</size>
         <input_file_ref idref="fl-2"/>
      </object_component>
      <object_component id="oc-3b">
         <name>.bss</name>
         <uninitialized>true</uninitialized>
         <run_address>0x5d94</run_address>
         <size>0x18</size>
         <input_file_ref idref="fl-8"/>
      </object_component>
      <object_component id="oc-11c">
         <name>.bss</name>
         <uninitialized>true</uninitialized>
         <run_address>0x5dac</run_address>
         <size>0xe</size>
         <input_file_ref idref="fl-3f"/>
      </object_component>
      <object_component id="oc-97">
         <name>.bss</name>
         <uninitialized>true</uninitialized>
         <run_address>0x5dbc</run_address>
         <size>0x8</size>
         <input_file_ref idref="fl-1f"/>
      </object_component>
      <object_component id="oc-66">
         <name>.bss</name>
         <uninitialized>true</uninitialized>
         <run_address>0x5dc4</run_address>
         <size>0x8</size>
         <input_file_ref idref="fl-15"/>
      </object_component>
      <object_component id="oc-1b">
         <name>.bss</name>
         <uninitialized>true</uninitialized>
         <run_address>0x5dcc</run_address>
         <size>0x4</size>
         <input_file_ref idref="fl-3"/>
      </object_component>
      <object_component id="oc-16">
         <name>.const:.string</name>
         <load_address>0x5dd0</load_address>
         <run_address>0x5dd0</run_address>
         <size>0x46c</size>
         <input_file_ref idref="fl-2"/>
      </object_component>
      <object_component id="oc-2f">
         <name>.const:.string</name>
         <load_address>0x623c</load_address>
         <run_address>0x623c</run_address>
         <size>0x30c</size>
         <input_file_ref idref="fl-6"/>
      </object_component>
      <object_component id="oc-22">
         <name>.const:.string</name>
         <load_address>0x6548</load_address>
         <run_address>0x6548</run_address>
         <size>0x2e8</size>
         <input_file_ref idref="fl-4"/>
      </object_component>
      <object_component id="oc-12b">
         <name>.const:__ctypes_</name>
         <load_address>0x6830</load_address>
         <run_address>0x6830</run_address>
         <size>0x202</size>
         <input_file_ref idref="fl-25"/>
      </object_component>
      <object_component id="oc-9f">
         <name>.const:.string</name>
         <load_address>0x6a34</load_address>
         <run_address>0x6a34</run_address>
         <size>0x48</size>
         <input_file_ref idref="fl-20"/>
      </object_component>
      <object_component id="oc-9e">
         <name>.const</name>
         <load_address>0x6a7c</load_address>
         <run_address>0x6a7c</run_address>
         <size>0x18</size>
         <input_file_ref idref="fl-20"/>
      </object_component>
      <object_component id="oc-12c">
         <name>.const:_initial_approx$1</name>
         <load_address>0x6a94</load_address>
         <run_address>0x6a94</run_address>
         <size>0x10</size>
         <input_file_ref idref="fl-27"/>
      </object_component>
      <object_component id="oc-6e">
         <name>.const:.string</name>
         <load_address>0x6aa4</load_address>
         <run_address>0x6aa4</run_address>
         <size>0x4</size>
         <input_file_ref idref="fl-16"/>
      </object_component>
      <object_component id="oc-ce">
         <name>.const</name>
         <load_address>0x6aa8</load_address>
         <run_address>0x6aa8</run_address>
         <size>0x4</size>
         <input_file_ref idref="fl-2c"/>
      </object_component>
      <object_component id="oc-11f">
         <name>.sysmem</name>
         <uninitialized>true</uninitialized>
         <run_address>0x30c0</run_address>
         <size>0x0</size>
         <input_file_ref idref="fl-3f"/>
      </object_component>
      <object_component id="oc-145">
         <name>.sysmem</name>
         <uninitialized>true</uninitialized>
         <run_address>0x30c0</run_address>
         <size>0x0</size>
      </object_component>
      <object_component id="oc-36">
         <name>.cinit</name>
         <load_address>0x40000</load_address>
         <run_address>0x40000</run_address>
         <size>0x556</size>
         <input_file_ref idref="fl-7"/>
      </object_component>
      <object_component id="oc-15">
         <name>.cinit</name>
         <load_address>0x40556</load_address>
         <run_address>0x40556</run_address>
         <size>0x8c</size>
         <input_file_ref idref="fl-2"/>
      </object_component>
      <object_component id="oc-74">
         <name>.cinit</name>
         <load_address>0x405e2</load_address>
         <run_address>0x405e2</run_address>
         <size>0x5a</size>
         <input_file_ref idref="fl-17"/>
      </object_component>
      <object_component id="oc-b6">
         <name>.cinit</name>
         <load_address>0x4063c</load_address>
         <run_address>0x4063c</run_address>
         <size>0x54</size>
         <input_file_ref idref="fl-26"/>
      </object_component>
      <object_component id="oc-3d">
         <name>.cinit</name>
         <load_address>0x40690</load_address>
         <run_address>0x40690</run_address>
         <size>0x48</size>
         <input_file_ref idref="fl-8"/>
      </object_component>
      <object_component id="oc-2e">
         <name>.cinit</name>
         <load_address>0x406d8</load_address>
         <run_address>0x406d8</run_address>
         <size>0x24</size>
         <input_file_ref idref="fl-6"/>
      </object_component>
      <object_component id="oc-99">
         <name>.cinit</name>
         <load_address>0x406fc</load_address>
         <run_address>0x406fc</run_address>
         <size>0x14</size>
         <input_file_ref idref="fl-1f"/>
      </object_component>
      <object_component id="oc-68">
         <name>.cinit</name>
         <load_address>0x40710</load_address>
         <run_address>0x40710</run_address>
         <size>0x14</size>
         <input_file_ref idref="fl-15"/>
      </object_component>
      <object_component id="oc-114">
         <name>.cinit</name>
         <load_address>0x40724</load_address>
         <run_address>0x40724</run_address>
         <size>0x8</size>
         <input_file_ref idref="fl-3d"/>
      </object_component>
      <object_component id="oc-11e">
         <name>.cinit</name>
         <load_address>0x4072c</load_address>
         <run_address>0x4072c</run_address>
         <size>0x8</size>
         <input_file_ref idref="fl-3f"/>
      </object_component>
      <object_component id="oc-53">
         <name>.cinit</name>
         <load_address>0x40734</load_address>
         <run_address>0x40734</run_address>
         <size>0x8</size>
         <input_file_ref idref="fl-c"/>
      </object_component>
      <object_component id="oc-8a">
         <name>.cio</name>
         <uninitialized>true</uninitialized>
         <run_address>0x40740</run_address>
         <size>0x240</size>
         <input_file_ref idref="fl-1c"/>
      </object_component>
      <object_component id="oc-11">
         <name>vectors</name>
         <load_address>0x4fe00</load_address>
         <run_address>0x4fe00</run_address>
         <size>0x100</size>
         <input_file_ref idref="fl-1d"/>
      </object_component>
      <object_component id="oc-14">
         <name>.debug_info</name>
         <load_address>0x0</load_address>
         <run_address>0x0</run_address>
         <size>0x1181</size>
         <input_file_ref idref="fl-2"/>
      </object_component>
      <object_component id="oc-1c">
         <name>.debug_info</name>
         <load_address>0x1181</load_address>
         <run_address>0x1181</run_address>
         <size>0xc87</size>
         <input_file_ref idref="fl-3"/>
      </object_component>
      <object_component id="oc-21">
         <name>.debug_info</name>
         <load_address>0x1e08</load_address>
         <run_address>0x1e08</run_address>
         <size>0xe66</size>
         <input_file_ref idref="fl-4"/>
      </object_component>
      <object_component id="oc-27">
         <name>.debug_info</name>
         <load_address>0x2c6e</load_address>
         <run_address>0x2c6e</run_address>
         <size>0xb8f</size>
         <input_file_ref idref="fl-5"/>
      </object_component>
      <object_component id="oc-2d">
         <name>.debug_info</name>
         <load_address>0x37fd</load_address>
         <run_address>0x37fd</run_address>
         <size>0xf4e</size>
         <input_file_ref idref="fl-6"/>
      </object_component>
      <object_component id="oc-35">
         <name>.debug_info</name>
         <load_address>0x474b</load_address>
         <run_address>0x474b</run_address>
         <size>0x1d44</size>
         <input_file_ref idref="fl-7"/>
      </object_component>
      <object_component id="oc-3c">
         <name>.debug_info</name>
         <load_address>0x648f</load_address>
         <run_address>0x648f</run_address>
         <size>0x70b</size>
         <input_file_ref idref="fl-8"/>
      </object_component>
      <object_component id="oc-42">
         <name>.debug_info</name>
         <load_address>0x6b9a</load_address>
         <run_address>0x6b9a</run_address>
         <size>0x573</size>
         <input_file_ref idref="fl-9"/>
      </object_component>
      <object_component id="oc-47">
         <name>.debug_info</name>
         <load_address>0x710d</load_address>
         <run_address>0x710d</run_address>
         <size>0x675</size>
         <input_file_ref idref="fl-a"/>
      </object_component>
      <object_component id="oc-4c">
         <name>.debug_info</name>
         <load_address>0x7782</load_address>
         <run_address>0x7782</run_address>
         <size>0x803</size>
         <input_file_ref idref="fl-b"/>
      </object_component>
      <object_component id="oc-52">
         <name>.debug_info</name>
         <load_address>0x7f85</load_address>
         <run_address>0x7f85</run_address>
         <size>0xb91</size>
         <input_file_ref idref="fl-c"/>
      </object_component>
      <object_component id="oc-58">
         <name>.debug_info</name>
         <load_address>0x8b16</load_address>
         <run_address>0x8b16</run_address>
         <size>0xe80</size>
         <input_file_ref idref="fl-d"/>
      </object_component>
      <object_component id="oc-5d">
         <name>.debug_info</name>
         <load_address>0x9996</load_address>
         <run_address>0x9996</run_address>
         <size>0x5ff3</size>
         <input_file_ref idref="fl-13"/>
      </object_component>
      <object_component id="oc-62">
         <name>.debug_info</name>
         <load_address>0xf989</load_address>
         <run_address>0xf989</run_address>
         <size>0xe8</size>
         <input_file_ref idref="fl-14"/>
      </object_component>
      <object_component id="oc-67">
         <name>.debug_info</name>
         <load_address>0xfa71</load_address>
         <run_address>0xfa71</run_address>
         <size>0x5fb</size>
         <input_file_ref idref="fl-15"/>
      </object_component>
      <object_component id="oc-6d">
         <name>.debug_info</name>
         <load_address>0x1006c</load_address>
         <run_address>0x1006c</run_address>
         <size>0x942</size>
         <input_file_ref idref="fl-16"/>
      </object_component>
      <object_component id="oc-73">
         <name>.debug_info</name>
         <load_address>0x109ae</load_address>
         <run_address>0x109ae</run_address>
         <size>0x144b</size>
         <input_file_ref idref="fl-17"/>
      </object_component>
      <object_component id="oc-78">
         <name>.debug_info</name>
         <load_address>0x11df9</load_address>
         <run_address>0x11df9</run_address>
         <size>0xd1</size>
         <input_file_ref idref="fl-18"/>
      </object_component>
      <object_component id="oc-7c">
         <name>.debug_info</name>
         <load_address>0x11eca</load_address>
         <run_address>0x11eca</run_address>
         <size>0x76c</size>
         <input_file_ref idref="fl-19"/>
      </object_component>
      <object_component id="oc-80">
         <name>.debug_info</name>
         <load_address>0x12636</load_address>
         <run_address>0x12636</run_address>
         <size>0x534</size>
         <input_file_ref idref="fl-1a"/>
      </object_component>
      <object_component id="oc-85">
         <name>.debug_info</name>
         <load_address>0x12b6a</load_address>
         <run_address>0x12b6a</run_address>
         <size>0xed4</size>
         <input_file_ref idref="fl-1b"/>
      </object_component>
      <object_component id="oc-89">
         <name>.debug_info</name>
         <load_address>0x13a3e</load_address>
         <run_address>0x13a3e</run_address>
         <size>0x744</size>
         <input_file_ref idref="fl-1c"/>
      </object_component>
      <object_component id="oc-8f">
         <name>.debug_info</name>
         <load_address>0x14182</load_address>
         <run_address>0x14182</run_address>
         <size>0xbc</size>
         <input_file_ref idref="fl-1d"/>
      </object_component>
      <object_component id="oc-93">
         <name>.debug_info</name>
         <load_address>0x1423e</load_address>
         <run_address>0x1423e</run_address>
         <size>0x662</size>
         <input_file_ref idref="fl-1e"/>
      </object_component>
      <object_component id="oc-98">
         <name>.debug_info</name>
         <load_address>0x148a0</load_address>
         <run_address>0x148a0</run_address>
         <size>0x5bc</size>
         <input_file_ref idref="fl-1f"/>
      </object_component>
      <object_component id="oc-9d">
         <name>.debug_info</name>
         <load_address>0x14e5c</load_address>
         <run_address>0x14e5c</run_address>
         <size>0x27bd</size>
         <input_file_ref idref="fl-20"/>
      </object_component>
      <object_component id="oc-a3">
         <name>.debug_info</name>
         <load_address>0x17619</load_address>
         <run_address>0x17619</run_address>
         <size>0x586</size>
         <input_file_ref idref="fl-21"/>
      </object_component>
      <object_component id="oc-a7">
         <name>.debug_info</name>
         <load_address>0x17b9f</load_address>
         <run_address>0x17b9f</run_address>
         <size>0x5a4</size>
         <input_file_ref idref="fl-22"/>
      </object_component>
      <object_component id="oc-ab">
         <name>.debug_info</name>
         <load_address>0x18143</load_address>
         <run_address>0x18143</run_address>
         <size>0xcd</size>
         <input_file_ref idref="fl-23"/>
      </object_component>
      <object_component id="oc-af">
         <name>.debug_info</name>
         <load_address>0x18210</load_address>
         <run_address>0x18210</run_address>
         <size>0x81f</size>
         <input_file_ref idref="fl-24"/>
      </object_component>
      <object_component id="oc-b2">
         <name>.debug_info</name>
         <load_address>0x18a2f</load_address>
         <run_address>0x18a2f</run_address>
         <size>0x498</size>
         <input_file_ref idref="fl-25"/>
      </object_component>
      <object_component id="oc-b5">
         <name>.debug_info</name>
         <load_address>0x18ec7</load_address>
         <run_address>0x18ec7</run_address>
         <size>0x57e</size>
         <input_file_ref idref="fl-26"/>
      </object_component>
      <object_component id="oc-b9">
         <name>.debug_info</name>
         <load_address>0x19445</load_address>
         <run_address>0x19445</run_address>
         <size>0x7e8</size>
         <input_file_ref idref="fl-27"/>
      </object_component>
      <object_component id="oc-bd">
         <name>.debug_info</name>
         <load_address>0x19c2d</load_address>
         <run_address>0x19c2d</run_address>
         <size>0x534</size>
         <input_file_ref idref="fl-28"/>
      </object_component>
      <object_component id="oc-c1">
         <name>.debug_info</name>
         <load_address>0x1a161</load_address>
         <run_address>0x1a161</run_address>
         <size>0x706</size>
         <input_file_ref idref="fl-29"/>
      </object_component>
      <object_component id="oc-c5">
         <name>.debug_info</name>
         <load_address>0x1a867</load_address>
         <run_address>0x1a867</run_address>
         <size>0x4cf</size>
         <input_file_ref idref="fl-2a"/>
      </object_component>
      <object_component id="oc-c9">
         <name>.debug_info</name>
         <load_address>0x1ad36</load_address>
         <run_address>0x1ad36</run_address>
         <size>0x534</size>
         <input_file_ref idref="fl-2b"/>
      </object_component>
      <object_component id="oc-cd">
         <name>.debug_info</name>
         <load_address>0x1b26a</load_address>
         <run_address>0x1b26a</run_address>
         <size>0x549</size>
         <input_file_ref idref="fl-2c"/>
      </object_component>
      <object_component id="oc-d2">
         <name>.debug_info</name>
         <load_address>0x1b7b3</load_address>
         <run_address>0x1b7b3</run_address>
         <size>0x6aa</size>
         <input_file_ref idref="fl-2d"/>
      </object_component>
      <object_component id="oc-d6">
         <name>.debug_info</name>
         <load_address>0x1be5d</load_address>
         <run_address>0x1be5d</run_address>
         <size>0x53e</size>
         <input_file_ref idref="fl-2e"/>
      </object_component>
      <object_component id="oc-da">
         <name>.debug_info</name>
         <load_address>0x1c39b</load_address>
         <run_address>0x1c39b</run_address>
         <size>0x5f7</size>
         <input_file_ref idref="fl-2f"/>
      </object_component>
      <object_component id="oc-de">
         <name>.debug_info</name>
         <load_address>0x1c992</load_address>
         <run_address>0x1c992</run_address>
         <size>0x680</size>
         <input_file_ref idref="fl-30"/>
      </object_component>
      <object_component id="oc-e2">
         <name>.debug_info</name>
         <load_address>0x1d012</load_address>
         <run_address>0x1d012</run_address>
         <size>0x7d4</size>
         <input_file_ref idref="fl-31"/>
      </object_component>
      <object_component id="oc-e6">
         <name>.debug_info</name>
         <load_address>0x1d7e6</load_address>
         <run_address>0x1d7e6</run_address>
         <size>0xbd</size>
         <input_file_ref idref="fl-32"/>
      </object_component>
      <object_component id="oc-ea">
         <name>.debug_info</name>
         <load_address>0x1d8a3</load_address>
         <run_address>0x1d8a3</run_address>
         <size>0x5ad</size>
         <input_file_ref idref="fl-33"/>
      </object_component>
      <object_component id="oc-ee">
         <name>.debug_info</name>
         <load_address>0x1de50</load_address>
         <run_address>0x1de50</run_address>
         <size>0x574</size>
         <input_file_ref idref="fl-34"/>
      </object_component>
      <object_component id="oc-f2">
         <name>.debug_info</name>
         <load_address>0x1e3c4</load_address>
         <run_address>0x1e3c4</run_address>
         <size>0x55b</size>
         <input_file_ref idref="fl-35"/>
      </object_component>
      <object_component id="oc-f6">
         <name>.debug_info</name>
         <load_address>0x1e91f</load_address>
         <run_address>0x1e91f</run_address>
         <size>0x4b7</size>
         <input_file_ref idref="fl-36"/>
      </object_component>
      <object_component id="oc-fa">
         <name>.debug_info</name>
         <load_address>0x1edd6</load_address>
         <run_address>0x1edd6</run_address>
         <size>0x4f2</size>
         <input_file_ref idref="fl-37"/>
      </object_component>
      <object_component id="oc-fe">
         <name>.debug_info</name>
         <load_address>0x1f2c8</load_address>
         <run_address>0x1f2c8</run_address>
         <size>0x64a</size>
         <input_file_ref idref="fl-38"/>
      </object_component>
      <object_component id="oc-102">
         <name>.debug_info</name>
         <load_address>0x1f912</load_address>
         <run_address>0x1f912</run_address>
         <size>0x4de</size>
         <input_file_ref idref="fl-39"/>
      </object_component>
      <object_component id="oc-106">
         <name>.debug_info</name>
         <load_address>0x1fdf0</load_address>
         <run_address>0x1fdf0</run_address>
         <size>0xef</size>
         <input_file_ref idref="fl-3a"/>
      </object_component>
      <object_component id="oc-10a">
         <name>.debug_info</name>
         <load_address>0x1fedf</load_address>
         <run_address>0x1fedf</run_address>
         <size>0x5ab</size>
         <input_file_ref idref="fl-3b"/>
      </object_component>
      <object_component id="oc-10e">
         <name>.debug_info</name>
         <load_address>0x2048a</load_address>
         <run_address>0x2048a</run_address>
         <size>0x4f2</size>
         <input_file_ref idref="fl-3c"/>
      </object_component>
      <object_component id="oc-113">
         <name>.debug_info</name>
         <load_address>0x2097c</load_address>
         <run_address>0x2097c</run_address>
         <size>0xa1c</size>
         <input_file_ref idref="fl-3d"/>
      </object_component>
      <object_component id="oc-118">
         <name>.debug_info</name>
         <load_address>0x21398</load_address>
         <run_address>0x21398</run_address>
         <size>0x4d2</size>
         <input_file_ref idref="fl-3e"/>
      </object_component>
      <object_component id="oc-11d">
         <name>.debug_info</name>
         <load_address>0x2186a</load_address>
         <run_address>0x2186a</run_address>
         <size>0xba5</size>
         <input_file_ref idref="fl-3f"/>
      </object_component>
      <object_component id="oc-123">
         <name>.debug_info</name>
         <load_address>0x2240f</load_address>
         <run_address>0x2240f</run_address>
         <size>0x64f</size>
         <input_file_ref idref="fl-40"/>
      </object_component>
      <object_component id="oc-127">
         <name>.debug_info</name>
         <load_address>0x22a5e</load_address>
         <run_address>0x22a5e</run_address>
         <size>0x510</size>
         <input_file_ref idref="fl-41"/>
      </object_component>
      <object_component id="oc-14e">
         <name>.debug_info</name>
         <load_address>0x22f6e</load_address>
         <run_address>0x22f6e</run_address>
         <size>0x6e</size>
      </object_component>
      <object_component id="oc-17">
         <name>.debug_frame</name>
         <load_address>0x0</load_address>
         <run_address>0x0</run_address>
         <size>0x103</size>
         <input_file_ref idref="fl-2"/>
      </object_component>
      <object_component id="oc-1d">
         <name>.debug_frame</name>
         <load_address>0x103</load_address>
         <run_address>0x103</run_address>
         <size>0x172</size>
         <input_file_ref idref="fl-3"/>
      </object_component>
      <object_component id="oc-23">
         <name>.debug_frame</name>
         <load_address>0x275</load_address>
         <run_address>0x275</run_address>
         <size>0x103</size>
         <input_file_ref idref="fl-4"/>
      </object_component>
      <object_component id="oc-28">
         <name>.debug_frame</name>
         <load_address>0x378</load_address>
         <run_address>0x378</run_address>
         <size>0x13b</size>
         <input_file_ref idref="fl-5"/>
      </object_component>
      <object_component id="oc-30">
         <name>.debug_frame</name>
         <load_address>0x4b3</load_address>
         <run_address>0x4b3</run_address>
         <size>0xe3</size>
         <input_file_ref idref="fl-6"/>
      </object_component>
      <object_component id="oc-37">
         <name>.debug_frame</name>
         <load_address>0x596</load_address>
         <run_address>0x596</run_address>
         <size>0x25e</size>
         <input_file_ref idref="fl-7"/>
      </object_component>
      <object_component id="oc-3e">
         <name>.debug_frame</name>
         <load_address>0x7f4</load_address>
         <run_address>0x7f4</run_address>
         <size>0x118</size>
         <input_file_ref idref="fl-8"/>
      </object_component>
      <object_component id="oc-43">
         <name>.debug_frame</name>
         <load_address>0x90c</load_address>
         <run_address>0x90c</run_address>
         <size>0xe4</size>
         <input_file_ref idref="fl-9"/>
      </object_component>
      <object_component id="oc-48">
         <name>.debug_frame</name>
         <load_address>0x9f0</load_address>
         <run_address>0x9f0</run_address>
         <size>0x116</size>
         <input_file_ref idref="fl-a"/>
      </object_component>
      <object_component id="oc-4d">
         <name>.debug_frame</name>
         <load_address>0xb06</load_address>
         <run_address>0xb06</run_address>
         <size>0x135</size>
         <input_file_ref idref="fl-b"/>
      </object_component>
      <object_component id="oc-54">
         <name>.debug_frame</name>
         <load_address>0xc3b</load_address>
         <run_address>0xc3b</run_address>
         <size>0x14a</size>
         <input_file_ref idref="fl-c"/>
      </object_component>
      <object_component id="oc-59">
         <name>.debug_frame</name>
         <load_address>0xd85</load_address>
         <run_address>0xd85</run_address>
         <size>0x1d9</size>
         <input_file_ref idref="fl-d"/>
      </object_component>
      <object_component id="oc-5e">
         <name>.debug_frame</name>
         <load_address>0xf5e</load_address>
         <run_address>0xf5e</run_address>
         <size>0x175</size>
         <input_file_ref idref="fl-13"/>
      </object_component>
      <object_component id="oc-18">
         <name>.debug_line</name>
         <load_address>0x0</load_address>
         <run_address>0x0</run_address>
         <size>0x10e</size>
         <input_file_ref idref="fl-2"/>
      </object_component>
      <object_component id="oc-1e">
         <name>.debug_line</name>
         <load_address>0x10e</load_address>
         <run_address>0x10e</run_address>
         <size>0xfe</size>
         <input_file_ref idref="fl-3"/>
      </object_component>
      <object_component id="oc-24">
         <name>.debug_line</name>
         <load_address>0x20c</load_address>
         <run_address>0x20c</run_address>
         <size>0x20e</size>
         <input_file_ref idref="fl-4"/>
      </object_component>
      <object_component id="oc-29">
         <name>.debug_line</name>
         <load_address>0x41a</load_address>
         <run_address>0x41a</run_address>
         <size>0x1a9</size>
         <input_file_ref idref="fl-5"/>
      </object_component>
      <object_component id="oc-31">
         <name>.debug_line</name>
         <load_address>0x5c3</load_address>
         <run_address>0x5c3</run_address>
         <size>0x15f</size>
         <input_file_ref idref="fl-6"/>
      </object_component>
      <object_component id="oc-38">
         <name>.debug_line</name>
         <load_address>0x722</load_address>
         <run_address>0x722</run_address>
         <size>0x513</size>
         <input_file_ref idref="fl-7"/>
      </object_component>
      <object_component id="oc-3f">
         <name>.debug_line</name>
         <load_address>0xc35</load_address>
         <run_address>0xc35</run_address>
         <size>0x1d5</size>
         <input_file_ref idref="fl-8"/>
      </object_component>
      <object_component id="oc-44">
         <name>.debug_line</name>
         <load_address>0xe0a</load_address>
         <run_address>0xe0a</run_address>
         <size>0x44</size>
         <input_file_ref idref="fl-9"/>
      </object_component>
      <object_component id="oc-49">
         <name>.debug_line</name>
         <load_address>0xe4e</load_address>
         <run_address>0xe4e</run_address>
         <size>0x83</size>
         <input_file_ref idref="fl-a"/>
      </object_component>
      <object_component id="oc-4e">
         <name>.debug_line</name>
         <load_address>0xed1</load_address>
         <run_address>0xed1</run_address>
         <size>0xdd</size>
         <input_file_ref idref="fl-b"/>
      </object_component>
      <object_component id="oc-55">
         <name>.debug_line</name>
         <load_address>0xfae</load_address>
         <run_address>0xfae</run_address>
         <size>0x122</size>
         <input_file_ref idref="fl-c"/>
      </object_component>
      <object_component id="oc-5a">
         <name>.debug_line</name>
         <load_address>0x10d0</load_address>
         <run_address>0x10d0</run_address>
         <size>0x179</size>
         <input_file_ref idref="fl-d"/>
      </object_component>
      <object_component id="oc-5f">
         <name>.debug_line</name>
         <load_address>0x1249</load_address>
         <run_address>0x1249</run_address>
         <size>0x2dd</size>
         <input_file_ref idref="fl-13"/>
      </object_component>
      <object_component id="oc-63">
         <name>.debug_line</name>
         <load_address>0x1526</load_address>
         <run_address>0x1526</run_address>
         <size>0x54</size>
         <input_file_ref idref="fl-14"/>
      </object_component>
      <object_component id="oc-6a">
         <name>.debug_line</name>
         <load_address>0x157a</load_address>
         <run_address>0x157a</run_address>
         <size>0x51</size>
         <input_file_ref idref="fl-15"/>
      </object_component>
      <object_component id="oc-6f">
         <name>.debug_line</name>
         <load_address>0x15cb</load_address>
         <run_address>0x15cb</run_address>
         <size>0xa6</size>
         <input_file_ref idref="fl-16"/>
      </object_component>
      <object_component id="oc-75">
         <name>.debug_line</name>
         <load_address>0x1671</load_address>
         <run_address>0x1671</run_address>
         <size>0x1b0</size>
         <input_file_ref idref="fl-17"/>
      </object_component>
      <object_component id="oc-79">
         <name>.debug_line</name>
         <load_address>0x1821</load_address>
         <run_address>0x1821</run_address>
         <size>0x54</size>
         <input_file_ref idref="fl-18"/>
      </object_component>
      <object_component id="oc-7d">
         <name>.debug_line</name>
         <load_address>0x1875</load_address>
         <run_address>0x1875</run_address>
         <size>0x69</size>
         <input_file_ref idref="fl-19"/>
      </object_component>
      <object_component id="oc-81">
         <name>.debug_line</name>
         <load_address>0x18de</load_address>
         <run_address>0x18de</run_address>
         <size>0x44</size>
         <input_file_ref idref="fl-1a"/>
      </object_component>
      <object_component id="oc-86">
         <name>.debug_line</name>
         <load_address>0x1922</load_address>
         <run_address>0x1922</run_address>
         <size>0x15e</size>
         <input_file_ref idref="fl-1b"/>
      </object_component>
      <object_component id="oc-8c">
         <name>.debug_line</name>
         <load_address>0x1a80</load_address>
         <run_address>0x1a80</run_address>
         <size>0x6a</size>
         <input_file_ref idref="fl-1c"/>
      </object_component>
      <object_component id="oc-90">
         <name>.debug_line</name>
         <load_address>0x1aea</load_address>
         <run_address>0x1aea</run_address>
         <size>0x37</size>
         <input_file_ref idref="fl-1d"/>
      </object_component>
      <object_component id="oc-94">
         <name>.debug_line</name>
         <load_address>0x1b21</load_address>
         <run_address>0x1b21</run_address>
         <size>0x57</size>
         <input_file_ref idref="fl-1e"/>
      </object_component>
      <object_component id="oc-9a">
         <name>.debug_line</name>
         <load_address>0x1b78</load_address>
         <run_address>0x1b78</run_address>
         <size>0x57</size>
         <input_file_ref idref="fl-1f"/>
      </object_component>
      <object_component id="oc-a0">
         <name>.debug_line</name>
         <load_address>0x1bcf</load_address>
         <run_address>0x1bcf</run_address>
         <size>0x328</size>
         <input_file_ref idref="fl-20"/>
      </object_component>
      <object_component id="oc-a4">
         <name>.debug_line</name>
         <load_address>0x1ef7</load_address>
         <run_address>0x1ef7</run_address>
         <size>0x41</size>
         <input_file_ref idref="fl-21"/>
      </object_component>
      <object_component id="oc-a8">
         <name>.debug_line</name>
         <load_address>0x1f38</load_address>
         <run_address>0x1f38</run_address>
         <size>0x46</size>
         <input_file_ref idref="fl-22"/>
      </object_component>
      <object_component id="oc-ac">
         <name>.debug_line</name>
         <load_address>0x1f7e</load_address>
         <run_address>0x1f7e</run_address>
         <size>0x55</size>
         <input_file_ref idref="fl-23"/>
      </object_component>
      <object_component id="oc-b0">
         <name>.debug_line</name>
         <load_address>0x1fd3</load_address>
         <run_address>0x1fd3</run_address>
         <size>0xad</size>
         <input_file_ref idref="fl-24"/>
      </object_component>
      <object_component id="oc-ba">
         <name>.debug_line</name>
         <load_address>0x2080</load_address>
         <run_address>0x2080</run_address>
         <size>0x5b</size>
         <input_file_ref idref="fl-27"/>
      </object_component>
      <object_component id="oc-be">
         <name>.debug_line</name>
         <load_address>0x20db</load_address>
         <run_address>0x20db</run_address>
         <size>0x44</size>
         <input_file_ref idref="fl-28"/>
      </object_component>
      <object_component id="oc-c2">
         <name>.debug_line</name>
         <load_address>0x211f</load_address>
         <run_address>0x211f</run_address>
         <size>0x5b</size>
         <input_file_ref idref="fl-29"/>
      </object_component>
      <object_component id="oc-c6">
         <name>.debug_line</name>
         <load_address>0x217a</load_address>
         <run_address>0x217a</run_address>
         <size>0x3d</size>
         <input_file_ref idref="fl-2a"/>
      </object_component>
      <object_component id="oc-ca">
         <name>.debug_line</name>
         <load_address>0x21b7</load_address>
         <run_address>0x21b7</run_address>
         <size>0x3d</size>
         <input_file_ref idref="fl-2b"/>
      </object_component>
      <object_component id="oc-cf">
         <name>.debug_line</name>
         <load_address>0x21f4</load_address>
         <run_address>0x21f4</run_address>
         <size>0x44</size>
         <input_file_ref idref="fl-2c"/>
      </object_component>
      <object_component id="oc-d3">
         <name>.debug_line</name>
         <load_address>0x2238</load_address>
         <run_address>0x2238</run_address>
         <size>0x56</size>
         <input_file_ref idref="fl-2d"/>
      </object_component>
      <object_component id="oc-d7">
         <name>.debug_line</name>
         <load_address>0x228e</load_address>
         <run_address>0x228e</run_address>
         <size>0x40</size>
         <input_file_ref idref="fl-2e"/>
      </object_component>
      <object_component id="oc-db">
         <name>.debug_line</name>
         <load_address>0x22ce</load_address>
         <run_address>0x22ce</run_address>
         <size>0x3c</size>
         <input_file_ref idref="fl-2f"/>
      </object_component>
      <object_component id="oc-df">
         <name>.debug_line</name>
         <load_address>0x230a</load_address>
         <run_address>0x230a</run_address>
         <size>0x38</size>
         <input_file_ref idref="fl-30"/>
      </object_component>
      <object_component id="oc-e3">
         <name>.debug_line</name>
         <load_address>0x2342</load_address>
         <run_address>0x2342</run_address>
         <size>0xa8</size>
         <input_file_ref idref="fl-31"/>
      </object_component>
      <object_component id="oc-e7">
         <name>.debug_line</name>
         <load_address>0x23ea</load_address>
         <run_address>0x23ea</run_address>
         <size>0x3c</size>
         <input_file_ref idref="fl-32"/>
      </object_component>
      <object_component id="oc-eb">
         <name>.debug_line</name>
         <load_address>0x2426</load_address>
         <run_address>0x2426</run_address>
         <size>0x40</size>
         <input_file_ref idref="fl-33"/>
      </object_component>
      <object_component id="oc-ef">
         <name>.debug_line</name>
         <load_address>0x2466</load_address>
         <run_address>0x2466</run_address>
         <size>0x3a</size>
         <input_file_ref idref="fl-34"/>
      </object_component>
      <object_component id="oc-f3">
         <name>.debug_line</name>
         <load_address>0x24a0</load_address>
         <run_address>0x24a0</run_address>
         <size>0x3c</size>
         <input_file_ref idref="fl-35"/>
      </object_component>
      <object_component id="oc-f7">
         <name>.debug_line</name>
         <load_address>0x24dc</load_address>
         <run_address>0x24dc</run_address>
         <size>0x37</size>
         <input_file_ref idref="fl-36"/>
      </object_component>
      <object_component id="oc-fb">
         <name>.debug_line</name>
         <load_address>0x2513</load_address>
         <run_address>0x2513</run_address>
         <size>0x3c</size>
         <input_file_ref idref="fl-37"/>
      </object_component>
      <object_component id="oc-ff">
         <name>.debug_line</name>
         <load_address>0x254f</load_address>
         <run_address>0x254f</run_address>
         <size>0x40</size>
         <input_file_ref idref="fl-38"/>
      </object_component>
      <object_component id="oc-103">
         <name>.debug_line</name>
         <load_address>0x258f</load_address>
         <run_address>0x258f</run_address>
         <size>0x37</size>
         <input_file_ref idref="fl-39"/>
      </object_component>
      <object_component id="oc-107">
         <name>.debug_line</name>
         <load_address>0x25c6</load_address>
         <run_address>0x25c6</run_address>
         <size>0x58</size>
         <input_file_ref idref="fl-3a"/>
      </object_component>
      <object_component id="oc-10b">
         <name>.debug_line</name>
         <load_address>0x261e</load_address>
         <run_address>0x261e</run_address>
         <size>0x5c</size>
         <input_file_ref idref="fl-3b"/>
      </object_component>
      <object_component id="oc-10f">
         <name>.debug_line</name>
         <load_address>0x267a</load_address>
         <run_address>0x267a</run_address>
         <size>0x3c</size>
         <input_file_ref idref="fl-3c"/>
      </object_component>
      <object_component id="oc-115">
         <name>.debug_line</name>
         <load_address>0x26b6</load_address>
         <run_address>0x26b6</run_address>
         <size>0xd7</size>
         <input_file_ref idref="fl-3d"/>
      </object_component>
      <object_component id="oc-119">
         <name>.debug_line</name>
         <load_address>0x278d</load_address>
         <run_address>0x278d</run_address>
         <size>0x3a</size>
         <input_file_ref idref="fl-3e"/>
      </object_component>
      <object_component id="oc-120">
         <name>.debug_line</name>
         <load_address>0x27c7</load_address>
         <run_address>0x27c7</run_address>
         <size>0x112</size>
         <input_file_ref idref="fl-3f"/>
      </object_component>
      <object_component id="oc-124">
         <name>.debug_line</name>
         <load_address>0x28d9</load_address>
         <run_address>0x28d9</run_address>
         <size>0x3d</size>
         <input_file_ref idref="fl-40"/>
      </object_component>
      <object_component id="oc-128">
         <name>.debug_line</name>
         <load_address>0x2916</load_address>
         <run_address>0x2916</run_address>
         <size>0x39</size>
         <input_file_ref idref="fl-41"/>
      </object_component>
      <object_component id="oc-19">
         <name>.debug_abbrev</name>
         <load_address>0x0</load_address>
         <run_address>0x0</run_address>
         <size>0x14c</size>
         <input_file_ref idref="fl-2"/>
      </object_component>
      <object_component id="oc-1f">
         <name>.debug_abbrev</name>
         <load_address>0x14c</load_address>
         <run_address>0x14c</run_address>
         <size>0x147</size>
         <input_file_ref idref="fl-3"/>
      </object_component>
      <object_component id="oc-25">
         <name>.debug_abbrev</name>
         <load_address>0x293</load_address>
         <run_address>0x293</run_address>
         <size>0xfd</size>
         <input_file_ref idref="fl-4"/>
      </object_component>
      <object_component id="oc-2a">
         <name>.debug_abbrev</name>
         <load_address>0x390</load_address>
         <run_address>0x390</run_address>
         <size>0xf4</size>
         <input_file_ref idref="fl-5"/>
      </object_component>
      <object_component id="oc-32">
         <name>.debug_abbrev</name>
         <load_address>0x484</load_address>
         <run_address>0x484</run_address>
         <size>0x10b</size>
         <input_file_ref idref="fl-6"/>
      </object_component>
      <object_component id="oc-39">
         <name>.debug_abbrev</name>
         <load_address>0x58f</load_address>
         <run_address>0x58f</run_address>
         <size>0x174</size>
         <input_file_ref idref="fl-7"/>
      </object_component>
      <object_component id="oc-40">
         <name>.debug_abbrev</name>
         <load_address>0x703</load_address>
         <run_address>0x703</run_address>
         <size>0xf5</size>
         <input_file_ref idref="fl-8"/>
      </object_component>
      <object_component id="oc-45">
         <name>.debug_abbrev</name>
         <load_address>0x7f8</load_address>
         <run_address>0x7f8</run_address>
         <size>0x87</size>
         <input_file_ref idref="fl-9"/>
      </object_component>
      <object_component id="oc-4a">
         <name>.debug_abbrev</name>
         <load_address>0x87f</load_address>
         <run_address>0x87f</run_address>
         <size>0xe7</size>
         <input_file_ref idref="fl-a"/>
      </object_component>
      <object_component id="oc-4f">
         <name>.debug_abbrev</name>
         <load_address>0x966</load_address>
         <run_address>0x966</run_address>
         <size>0x87</size>
         <input_file_ref idref="fl-b"/>
      </object_component>
      <object_component id="oc-56">
         <name>.debug_abbrev</name>
         <load_address>0x9ed</load_address>
         <run_address>0x9ed</run_address>
         <size>0xe0</size>
         <input_file_ref idref="fl-c"/>
      </object_component>
      <object_component id="oc-5b">
         <name>.debug_abbrev</name>
         <load_address>0xacd</load_address>
         <run_address>0xacd</run_address>
         <size>0xdc</size>
         <input_file_ref idref="fl-d"/>
      </object_component>
      <object_component id="oc-60">
         <name>.debug_abbrev</name>
         <load_address>0xba9</load_address>
         <run_address>0xba9</run_address>
         <size>0x23e</size>
         <input_file_ref idref="fl-13"/>
      </object_component>
      <object_component id="oc-64">
         <name>.debug_abbrev</name>
         <load_address>0xde7</load_address>
         <run_address>0xde7</run_address>
         <size>0x3a</size>
         <input_file_ref idref="fl-14"/>
      </object_component>
      <object_component id="oc-6b">
         <name>.debug_abbrev</name>
         <load_address>0xe21</load_address>
         <run_address>0xe21</run_address>
         <size>0xf7</size>
         <input_file_ref idref="fl-15"/>
      </object_component>
      <object_component id="oc-70">
         <name>.debug_abbrev</name>
         <load_address>0xf18</load_address>
         <run_address>0xf18</run_address>
         <size>0x140</size>
         <input_file_ref idref="fl-16"/>
      </object_component>
      <object_component id="oc-76">
         <name>.debug_abbrev</name>
         <load_address>0x1058</load_address>
         <run_address>0x1058</run_address>
         <size>0x225</size>
         <input_file_ref idref="fl-17"/>
      </object_component>
      <object_component id="oc-7a">
         <name>.debug_abbrev</name>
         <load_address>0x127d</load_address>
         <run_address>0x127d</run_address>
         <size>0x38</size>
         <input_file_ref idref="fl-18"/>
      </object_component>
      <object_component id="oc-7e">
         <name>.debug_abbrev</name>
         <load_address>0x12b5</load_address>
         <run_address>0x12b5</run_address>
         <size>0x145</size>
         <input_file_ref idref="fl-19"/>
      </object_component>
      <object_component id="oc-82">
         <name>.debug_abbrev</name>
         <load_address>0x13fa</load_address>
         <run_address>0x13fa</run_address>
         <size>0xb5</size>
         <input_file_ref idref="fl-1a"/>
      </object_component>
      <object_component id="oc-87">
         <name>.debug_abbrev</name>
         <load_address>0x14af</load_address>
         <run_address>0x14af</run_address>
         <size>0x15a</size>
         <input_file_ref idref="fl-1b"/>
      </object_component>
      <object_component id="oc-8d">
         <name>.debug_abbrev</name>
         <load_address>0x1609</load_address>
         <run_address>0x1609</run_address>
         <size>0xde</size>
         <input_file_ref idref="fl-1c"/>
      </object_component>
      <object_component id="oc-91">
         <name>.debug_abbrev</name>
         <load_address>0x16e7</load_address>
         <run_address>0x16e7</run_address>
         <size>0x26</size>
         <input_file_ref idref="fl-1d"/>
      </object_component>
      <object_component id="oc-95">
         <name>.debug_abbrev</name>
         <load_address>0x170d</load_address>
         <run_address>0x170d</run_address>
         <size>0xd1</size>
         <input_file_ref idref="fl-1e"/>
      </object_component>
      <object_component id="oc-9b">
         <name>.debug_abbrev</name>
         <load_address>0x17de</load_address>
         <run_address>0x17de</run_address>
         <size>0x9f</size>
         <input_file_ref idref="fl-1f"/>
      </object_component>
      <object_component id="oc-a1">
         <name>.debug_abbrev</name>
         <load_address>0x187d</load_address>
         <run_address>0x187d</run_address>
         <size>0x1f8</size>
         <input_file_ref idref="fl-20"/>
      </object_component>
      <object_component id="oc-a5">
         <name>.debug_abbrev</name>
         <load_address>0x1a75</load_address>
         <run_address>0x1a75</run_address>
         <size>0xec</size>
         <input_file_ref idref="fl-21"/>
      </object_component>
      <object_component id="oc-a9">
         <name>.debug_abbrev</name>
         <load_address>0x1b61</load_address>
         <run_address>0x1b61</run_address>
         <size>0xd5</size>
         <input_file_ref idref="fl-22"/>
      </object_component>
      <object_component id="oc-ad">
         <name>.debug_abbrev</name>
         <load_address>0x1c36</load_address>
         <run_address>0x1c36</run_address>
         <size>0x44</size>
         <input_file_ref idref="fl-23"/>
      </object_component>
      <object_component id="oc-b1">
         <name>.debug_abbrev</name>
         <load_address>0x1c7a</load_address>
         <run_address>0x1c7a</run_address>
         <size>0xb7</size>
         <input_file_ref idref="fl-24"/>
      </object_component>
      <object_component id="oc-b3">
         <name>.debug_abbrev</name>
         <load_address>0x1d31</load_address>
         <run_address>0x1d31</run_address>
         <size>0x68</size>
         <input_file_ref idref="fl-25"/>
      </object_component>
      <object_component id="oc-b7">
         <name>.debug_abbrev</name>
         <load_address>0x1d99</load_address>
         <run_address>0x1d99</run_address>
         <size>0x83</size>
         <input_file_ref idref="fl-26"/>
      </object_component>
      <object_component id="oc-bb">
         <name>.debug_abbrev</name>
         <load_address>0x1e1c</load_address>
         <run_address>0x1e1c</run_address>
         <size>0x112</size>
         <input_file_ref idref="fl-27"/>
      </object_component>
      <object_component id="oc-bf">
         <name>.debug_abbrev</name>
         <load_address>0x1f2e</load_address>
         <run_address>0x1f2e</run_address>
         <size>0xb5</size>
         <input_file_ref idref="fl-28"/>
      </object_component>
      <object_component id="oc-c3">
         <name>.debug_abbrev</name>
         <load_address>0x1fe3</load_address>
         <run_address>0x1fe3</run_address>
         <size>0x136</size>
         <input_file_ref idref="fl-29"/>
      </object_component>
      <object_component id="oc-c7">
         <name>.debug_abbrev</name>
         <load_address>0x2119</load_address>
         <run_address>0x2119</run_address>
         <size>0x8f</size>
         <input_file_ref idref="fl-2a"/>
      </object_component>
      <object_component id="oc-cb">
         <name>.debug_abbrev</name>
         <load_address>0x21a8</load_address>
         <run_address>0x21a8</run_address>
         <size>0xb7</size>
         <input_file_ref idref="fl-2b"/>
      </object_component>
      <object_component id="oc-d0">
         <name>.debug_abbrev</name>
         <load_address>0x225f</load_address>
         <run_address>0x225f</run_address>
         <size>0xc2</size>
         <input_file_ref idref="fl-2c"/>
      </object_component>
      <object_component id="oc-d4">
         <name>.debug_abbrev</name>
[...]
         <object_component_ref idref="oc-4b"/>
      </symbol>
      <symbol id="sm-255">
         <name>_USBSTK5515_GPIO_getInput</name>
         <value>0x252ad</value>
         <object_component_ref idref="oc-4b"/>
      </symbol>
      <symbol id="sm-27e">
         <name>_USBSTK5515_I2C_close</name>
         <value>0x2546f</value>
         <object_component_ref idref="oc-50"/>
      </symbol>
      <symbol id="sm-27f">
         <name>_USBSTK5515_I2C_read</name>
         <value>0x25515</value>
         <object_component_ref idref="oc-50"/>
      </symbol>
      <symbol id="sm-280">
         <name>_USBSTK5515_I2C_write</name>
         <value>0x25486</value>
         <object_component_ref idref="oc-50"/>
      </symbol>
      <symbol id="sm-281">
         <name>_USBSTK5515_I2C_reset</name>
         <value>0x25478</value>
         <object_component_ref idref="oc-50"/>
      </symbol>
      <symbol id="sm-282">
         <name>_USBSTK5515_I2C_init</name>
         <value>0x25450</value>
         <object_component_ref idref="oc-50"/>
      </symbol>
      <symbol id="sm-29f">
         <name>_USBSTK5515_ULED_toggle</name>
         <value>0x24fef</value>
         <object_component_ref idref="oc-57"/>
      </symbol>
      <symbol id="sm-2a0">
         <name>_USBSTK5515_LED_on</name>
         <value>0x24e76</value>
         <object_component_ref idref="oc-57"/>
      </symbol>
      <symbol id="sm-2a1">
         <name>_USBSTK5515_LED_off</name>
         <value>0x24e87</value>
         <object_component_ref idref="oc-57"/>
      </symbol>
      <symbol id="sm-2a2">
         <name>_USBSTK5515_ULED_on</name>
         <value>0x24f87</value>
         <object_component_ref idref="oc-57"/>
      </symbol>
      <symbol id="sm-2a3">
         <name>_USBSTK5515_ULED_off</name>
         <value>0x24fbc</value>
         <object_component_ref idref="oc-57"/>
      </symbol>
      <symbol id="sm-2a4">
         <name>_USBSTK5515_ULED_getall</name>
         <value>0x24ec7</value>
         <object_component_ref idref="oc-57"/>
      </symbol>
      <symbol id="sm-2a5">
         <name>_USBSTK5515_ULED_setall</name>
         <value>0x24f19</value>
         <object_component_ref idref="oc-57"/>
      </symbol>
      <symbol id="sm-2a6">
         <name>_USBSTK5515_ULED_init</name>
         <value>0x24e98</value>
         <object_component_ref idref="oc-57"/>
      </symbol>
      <symbol id="sm-2a7">
         <name>_USBSTK5515_LED_init</name>
         <value>0x24e6b</value>
         <object_component_ref idref="oc-57"/>
      </symbol>
      <symbol id="sm-2cc">
         <name>_PLL_reset</name>
         <value>0x2429a</value>
         <object_component_ref idref="oc-5c"/>
      </symbol>
      <symbol id="sm-2cd">
         <name>_PLL_bypass</name>
         <value>0x2424b</value>
         <object_component_ref idref="oc-5c"/>
      </symbol>
      <symbol id="sm-2ce">
         <name>_PLL_enable</name>
         <value>0x241e4</value>
         <object_component_ref idref="oc-5c"/>
      </symbol>
      <symbol id="sm-2cf">
         <name>_PLL_config</name>
         <value>0x240bb</value>
         <object_component_ref idref="oc-5c"/>
      </symbol>
      <symbol id="sm-2d0">
         <name>_PLL_init</name>
         <value>0x24083</value>
         <object_component_ref idref="oc-5c"/>
      </symbol>
      <symbol id="sm-2dc">
         <name>__sysstack</name>
         <value>0x20c0</value>
         <object_component_ref idref="oc-12a"/>
      </symbol>
      <symbol id="sm-2dd">
         <name>_c_int00</name>
         <value>0x261f8</value>
         <object_component_ref idref="oc-10"/>
      </symbol>
      <symbol id="sm-2de">
         <name>__stack</name>
         <value>0xc0</value>
         <object_component_ref idref="oc-61"/>
      </symbol>
      <symbol id="sm-2ee">
         <name>C$$EXIT</name>
         <value>0x2632c</value>
         <object_component_ref idref="oc-69"/>
      </symbol>
      <symbol id="sm-2ef">
         <name>_exit</name>
         <value>0x261ba</value>
         <object_component_ref idref="oc-65"/>
      </symbol>
      <symbol id="sm-2f0">
         <name>_abort</name>
         <value>0x2632b</value>
         <object_component_ref idref="oc-69"/>
      </symbol>
      <symbol id="sm-2f1">
         <name>__cleanup_ptr</name>
         <value>0x5dc4</value>
         <object_component_ref idref="oc-66"/>
      </symbol>
      <symbol id="sm-2f2">
         <name>__dtors_ptr</name>
         <value>0x5dc8</value>
         <object_component_ref idref="oc-66"/>
      </symbol>
      <symbol id="sm-2fe">
         <name>_puts</name>
         <value>0x25183</value>
         <object_component_ref idref="oc-6c"/>
      </symbol>
      <symbol id="sm-2ff">
         <name>_fputs</name>
         <value>0x25034</value>
         <object_component_ref idref="oc-6c"/>
      </symbol>
      <symbol id="sm-310">
         <name>_add_device</name>
         <value>0x23255</value>
         <object_component_ref idref="oc-71"/>
      </symbol>
      <symbol id="sm-311">
         <name>_rename</name>
         <value>0x22f86</value>
         <object_component_ref idref="oc-71"/>
      </symbol>
      <symbol id="sm-312">
         <name>_read</name>
         <value>0x23011</value>
         <object_component_ref idref="oc-71"/>
      </symbol>
      <symbol id="sm-313">
         <name>_unlink</name>
         <value>0x22f52</value>
         <object_component_ref idref="oc-71"/>
      </symbol>
      <symbol id="sm-314">
         <name>_remove_device</name>
         <value>0x22fdd</value>
         <object_component_ref idref="oc-71"/>
      </symbol>
      <symbol id="sm-315">
         <name>_open</name>
         <value>0x230bb</value>
         <object_component_ref idref="oc-71"/>
      </symbol>
      <symbol id="sm-316">
         <name>_find_registered_device</name>
         <value>0x231dc</value>
         <object_component_ref idref="oc-71"/>
      </symbol>
      <symbol id="sm-317">
         <name>_lseek</name>
         <value>0x23178</value>
         <object_component_ref idref="oc-71"/>
      </symbol>
      <symbol id="sm-318">
         <name>_close</name>
         <value>0x231e5</value>
         <object_component_ref idref="oc-71"/>
      </symbol>
      <symbol id="sm-319">
         <name>_write</name>
         <value>0x22e25</value>
         <object_component_ref idref="oc-71"/>
      </symbol>
      <symbol id="sm-323">
         <name>_memcpy</name>
         <value>0x25f99</value>
         <object_component_ref idref="oc-77"/>
      </symbol>
      <symbol id="sm-32d">
         <name>_printf</name>
         <value>0x26043</value>
         <object_component_ref idref="oc-7b"/>
      </symbol>
      <symbol id="sm-338">
         <name>__remul</name>
         <value>0x25d28</value>
         <object_component_ref idref="oc-7f"/>
      </symbol>
      <symbol id="sm-344">
         <name>_HOSTopen</name>
         <value>0x221b1</value>
         <object_component_ref idref="oc-83"/>
      </symbol>
      <symbol id="sm-345">
         <name>_HOSTread</name>
         <value>0x22126</value>
         <object_component_ref idref="oc-83"/>
      </symbol>
      <symbol id="sm-346">
         <name>_HOSTtime</name>
         <value>0x2200f</value>
         <object_component_ref idref="oc-83"/>
      </symbol>
      <symbol id="sm-347">
         <name>_getenv</name>
         <value>0x21e98</value>
         <object_component_ref idref="oc-83"/>
      </symbol>
      <symbol id="sm-348">
         <name>_HOSTrename</name>
         <value>0x2206d</value>
         <object_component_ref idref="oc-83"/>
      </symbol>
      <symbol id="sm-349">
         <name>_HOSTclock</name>
         <value>0x22372</value>
         <object_component_ref idref="oc-83"/>
      </symbol>
      <symbol id="sm-34a">
         <name>_HOSTwrite</name>
         <value>0x21f18</value>
         <object_component_ref idref="oc-83"/>
      </symbol>
      <symbol id="sm-34b">
         <name>_HOSTlseek</name>
         <value>0x22252</value>
         <object_component_ref idref="oc-83"/>
      </symbol>
      <symbol id="sm-34c">
         <name>_HOSTunlink</name>
         <value>0x21fa3</value>
         <object_component_ref idref="oc-83"/>
      </symbol>
      <symbol id="sm-34d">
         <name>_HOSTclose</name>
         <value>0x22307</value>
         <object_component_ref idref="oc-83"/>
      </symbol>
      <symbol id="sm-35f">
         <name>C$$IO$$</name>
         <value>0x2594f</value>
         <object_component_ref idref="oc-8b"/>
      </symbol>
      <symbol id="sm-360">
         <name>__CIOBUF_</name>
         <value>0x40740</value>
         <object_component_ref idref="oc-8a"/>
      </symbol>
      <symbol id="sm-361">
         <name>_readmsg</name>
         <value>0x25e06</value>
         <object_component_ref idref="oc-88"/>
      </symbol>
      <symbol id="sm-362">
         <name>_writemsg</name>
         <value>0x25896</value>
         <object_component_ref idref="oc-8b"/>
      </symbol>
      <symbol id="sm-36c">
         <name>_Reset</name>
         <value>0x4fe00</value>
         <object_component_ref idref="oc-11"/>
      </symbol>
      <symbol id="sm-376">
         <name>__rd_ok</name>
         <value>0x25839</value>
         <object_component_ref idref="oc-92"/>
      </symbol>
      <symbol id="sm-377">
         <name>__wrt_ok</name>
         <value>0x257bc</value>
         <object_component_ref idref="oc-92"/>
      </symbol>
      <symbol id="sm-385">
         <name>__unlock</name>
         <value>0x5dc0</value>
         <object_component_ref idref="oc-97"/>
      </symbol>
      <symbol id="sm-386">
         <name>__lock</name>
         <value>0x5dbc</value>
         <object_component_ref idref="oc-97"/>
      </symbol>
      <symbol id="sm-387">
         <name>__register_lock</name>
         <value>0x26307</value>
         <object_component_ref idref="oc-96"/>
      </symbol>
      <symbol id="sm-388">
         <name>__nop</name>
         <value>0x2630f</value>
         <object_component_ref idref="oc-96"/>
      </symbol>
      <symbol id="sm-389">
         <name>__register_unlock</name>
         <value>0x262ff</value>
         <object_component_ref idref="oc-96"/>
      </symbol>
      <symbol id="sm-39b">
         <name>__printfi</name>
         <value>0x21315</value>
         <object_component_ref idref="oc-9c"/>
      </symbol>
      <symbol id="sm-3a5">
         <name>__args_main</name>
         <value>0x26129</value>
         <object_component_ref idref="oc-a2"/>
      </symbol>
      <symbol id="sm-3a6">
         <name>__TI_args_main</name>
         <value>0x1</value>
      </symbol>
      <symbol id="sm-3b0">
         <name>_atoi</name>
         <value>0x25f40</value>
         <object_component_ref idref="oc-a6"/>
      </symbol>
      <symbol id="sm-3b8">
         <name>_auto_init</name>
         <value>0x26091</value>
         <object_component_ref idref="oc-aa"/>
      </symbol>
      <symbol id="sm-3c2">
         <name>__eqld</name>
         <value>0x24ddf</value>
         <object_component_ref idref="oc-ae"/>
      </symbol>
      <symbol id="sm-3c3">
         <name>__cmpd</name>
         <value>0x24e13</value>
         <object_component_ref idref="oc-ae"/>
      </symbol>
      <symbol id="sm-3c4">
         <name>__neqd</name>
         <value>0x24c81</value>
         <object_component_ref idref="oc-ae"/>
      </symbol>
      <symbol id="sm-3c5">
         <name>__gtrd</name>
         <value>0x24d4a</value>
         <object_component_ref idref="oc-ae"/>
      </symbol>
      <symbol id="sm-3c6">
         <name>__geqd</name>
         <value>0x24d95</value>
         <object_component_ref idref="oc-ae"/>
      </symbol>
      <symbol id="sm-3c7">
         <name>__leqd</name>
         <value>0x24cfd</value>
         <object_component_ref idref="oc-ae"/>
      </symbol>
      <symbol id="sm-3c8">
         <name>__lssd</name>
         <value>0x24cb5</value>
         <object_component_ref idref="oc-ae"/>
      </symbol>
      <symbol id="sm-3d0">
         <name>__ctypes_</name>
         <value>0x6830</value>
         <object_component_ref idref="oc-12b"/>
      </symbol>
      <symbol id="sm-3da">
         <name>__tmpnams</name>
         <value>0x5960</value>
         <object_component_ref idref="oc-b4"/>
      </symbol>
      <symbol id="sm-3db">
         <name>__ft_end</name>
         <value>0x5aa0</value>
         <object_component_ref idref="oc-b4"/>
      </symbol>
      <symbol id="sm-3dc">
         <name>__ftable</name>
         <value>0x5870</value>
         <object_component_ref idref="oc-b4"/>
      </symbol>
      <symbol id="sm-3e8">
         <name>__divd</name>
         <value>0x2333d</value>
         <object_component_ref idref="oc-b8"/>
      </symbol>
      <symbol id="sm-3f3">
         <name>__divul</name>
         <value>0x25ab0</value>
         <object_component_ref idref="oc-bc"/>
      </symbol>
      <symbol id="sm-3fd">
         <name>__doflush</name>
         <value>0x25954</value>
         <object_component_ref idref="oc-c0"/>
      </symbol>
      <symbol id="sm-3fe">
         <name>_fflush</name>
         <value>0x259b6</value>
         <object_component_ref idref="oc-c0"/>
      </symbol>
      <symbol id="sm-408">
         <name>__fixdi</name>
         <value>0x2622c</value>
         <object_component_ref idref="oc-c4"/>
      </symbol>
      <symbol id="sm-412">
         <name>__fixdli</name>
         <value>0x25d98</value>
         <object_component_ref idref="oc-c8"/>
      </symbol>
      <symbol id="sm-41e">
         <name>__fltlid</name>
         <value>0x25ed9</value>
         <object_component_ref idref="oc-cc"/>
      </symbol>
      <symbol id="sm-428">
         <name>_putchar</name>
         <value>0x25aa1</value>
         <object_component_ref idref="oc-d1"/>
      </symbol>
      <symbol id="sm-429">
         <name>_putc</name>
         <value>0x25a0e</value>
         <object_component_ref idref="oc-d1"/>
      </symbol>
      <symbol id="sm-42a">
         <name>_fputc</name>
         <value>0x25a0e</value>
         <object_component_ref idref="oc-d1"/>
      </symbol>
      <symbol id="sm-434">
         <name>__frcmpyd_div</name>
         <value>0x25cb5</value>
         <object_component_ref idref="oc-d5"/>
      </symbol>
      <symbol id="sm-43e">
         <name>_fseek</name>
         <value>0x25e71</value>
         <object_component_ref idref="oc-d9"/>
      </symbol>
      <symbol id="sm-448">
         <name>___isinf</name>
         <value>0x262be</value>
         <object_component_ref idref="oc-dd"/>
      </symbol>
      <symbol id="sm-452">
         <name>__divull</name>
         <value>0x24902</value>
         <object_component_ref idref="oc-e1"/>
      </symbol>
      <symbol id="sm-453">
         <name>__mpylli</name>
         <value>0x2484b</value>
         <object_component_ref idref="oc-e1"/>
      </symbol>
      <symbol id="sm-454">
         <name>__remlli</name>
         <value>0x2481c</value>
         <object_component_ref idref="oc-e1"/>
      </symbol>
      <symbol id="sm-455">
         <name>__divlli</name>
         <value>0x249f6</value>
         <object_component_ref idref="oc-e1"/>
      </symbol>
      <symbol id="sm-456">
         <name>__remull</name>
         <value>0x247ce</value>
         <object_component_ref idref="oc-e1"/>
      </symbol>
      <symbol id="sm-45e">
         <name>__mpyli</name>
         <value>0x262ec</value>
         <object_component_ref idref="oc-e5"/>
      </symbol>
      <symbol id="sm-45f">
         <name>I$$LMPY</name>
         <value>0x262ec</value>
         <object_component_ref idref="oc-e5"/>
      </symbol>
      <symbol id="sm-469">
         <name>_ltoa</name>
         <value>0x25b50</value>
         <object_component_ref idref="oc-e9"/>
      </symbol>
      <symbol id="sm-474">
         <name>_memccpy</name>
         <value>0x26280</value>
         <object_component_ref idref="oc-ed"/>
      </symbol>
      <symbol id="sm-47e">
         <name>__mpyd</name>
         <value>0x25305</value>
         <object_component_ref idref="oc-f1"/>
      </symbol>
      <symbol id="sm-488">
         <name>__negd</name>
         <value>0x26311</value>
         <object_component_ref idref="oc-f5"/>
      </symbol>
      <symbol id="sm-492">
         <name>__remli</name>
         <value>0x260de</value>
         <object_component_ref idref="oc-f9"/>
      </symbol>
      <symbol id="sm-49c">
         <name>_setvbuf</name>
         <value>0x256c9</value>
         <object_component_ref idref="oc-fd"/>
      </symbol>
      <symbol id="sm-4a6">
         <name>__subd</name>
         <value>0x262d8</value>
         <object_component_ref idref="oc-101"/>
      </symbol>
      <symbol id="sm-4ae">
         <name>__remu</name>
         <value>0x2626b</value>
         <object_component_ref idref="oc-105"/>
      </symbol>
      <symbol id="sm-4af">
         <name>__divu</name>
         <value>0x26256</value>
         <object_component_ref idref="oc-105"/>
      </symbol>
      <symbol id="sm-4b0">
         <name>I$$UMOD</name>
         <value>0x2626b</value>
         <object_component_ref idref="oc-105"/>
      </symbol>
      <symbol id="sm-4b1">
         <name>I$$UDIV</name>
         <value>0x26256</value>
         <object_component_ref idref="oc-105"/>
      </symbol>
      <symbol id="sm-4bb">
         <name>__addd</name>
         <value>0x24a2a</value>
         <object_component_ref idref="oc-109"/>
      </symbol>
      <symbol id="sm-4c5">
         <name>__divli</name>
         <value>0x26172</value>
         <object_component_ref idref="oc-10d"/>
      </symbol>
      <symbol id="sm-4d4">
         <name>__cleanup</name>
         <value>0x2441b</value>
         <object_component_ref idref="oc-111"/>
      </symbol>
      <symbol id="sm-4d5">
         <name>_fopen</name>
         <value>0x24539</value>
         <object_component_ref idref="oc-111"/>
      </symbol>
      <symbol id="sm-4d6">
         <name>_freopen</name>
         <value>0x24473</value>
         <object_component_ref idref="oc-111"/>
      </symbol>
      <symbol id="sm-4e0">
         <name>__frcmpyd</name>
         <value>0x25c3f</value>
         <object_component_ref idref="oc-117"/>
      </symbol>
      <symbol id="sm-4f0">
         <name>__sys_memory</name>
         <value>0x30c0</value>
         <object_component_ref idref="oc-11f"/>
      </symbol>
      <symbol id="sm-4f1">
         <name>_chkheap</name>
         <value>0x228af</value>
         <object_component_ref idref="oc-11b"/>
      </symbol>
      <symbol id="sm-4f2">
         <name>_realloc</name>
         <value>0x22615</value>
         <object_component_ref idref="oc-11b"/>
      </symbol>
      <symbol id="sm-4f3">
         <name>_free_memory</name>
         <value>0x22848</value>
         <object_component_ref idref="oc-11b"/>
      </symbol>
      <symbol id="sm-4f4">
         <name>_max_free</name>
         <value>0x227de</value>
         <object_component_ref idref="oc-11b"/>
      </symbol>
      <symbol id="sm-4f5">
         <name>_free</name>
         <value>0x223d0</value>
         <object_component_ref idref="oc-11b"/>
      </symbol>
      <symbol id="sm-4f6">
         <name>_calloc</name>
         <value>0x228b7</value>
         <object_component_ref idref="oc-11b"/>
      </symbol>
      <symbol id="sm-4f7">
         <name>_malloc</name>
         <value>0x22514</value>
         <object_component_ref idref="oc-11b"/>
      </symbol>
      <symbol id="sm-4f8">
         <name>_minit</name>
         <value>0x224a2</value>
         <object_component_ref idref="oc-11b"/>
      </symbol>
      <symbol id="sm-502">
         <name>_fclose</name>
         <value>0x25bc9</value>
         <object_component_ref idref="oc-122"/>
      </symbol>
      <symbol id="sm-50c">
         <name>_remove</name>
         <value>0x26321</value>
         <object_component_ref idref="oc-126"/>
      </symbol>
   </symbol_table>
</link_info>
