<?xml version="1.0"?>
<link_info>
   <banner>TMS320C55x Linker PC v4.4.1</banner>
   <copyright>Copyright (c) 1996-2012 Texas Instruments Incorporated</copyright>
   <link_time>0x6738cdac</link_time>
   <output_file>Fourier_Analysis.out</output_file>
   <entry_point>
      <name>_c_int00</name>
      <address>0x26387</address>
   </entry_point>
   <input_file_list>
      <input_file id="fl-2">
         <path>.\</path>
         <kind>object</kind>
         <file>PLL.obj</file>
         <name>PLL.obj</name>
      </input_file>
      <input_file id="fl-3">
         <path>.\</path>
         <kind>object</kind>
         <file>aic3204.obj</file>
         <name>aic3204.obj</name>
      </input_file>
      <input_file id="fl-4">
         <path>.\</path>
         <kind>object</kind>
         <file>aic3204_init.obj</file>
         <name>aic3204_init.obj</name>
      </input_file>
      <input_file id="fl-5">
         <path>.\</path>
         <kind>object</kind>
         <file>bargraph5515.obj</file>
         <name>bargraph5515.obj</name>
      </input_file>
      <input_file id="fl-6">
         <path>.\</path>
         <kind>object</kind>
         <file>main.obj</file>
         <name>main.obj</name>
      </input_file>
      <input_file id="fl-7">
         <path>.\</path>
         <kind>object</kind>
         <file>oled5515.obj</file>
         <name>oled5515.obj</name>
      </input_file>
      <input_file id="fl-8">
         <path>.\</path>
         <kind>object</kind>
         <file>pushbuttons5515.obj</file>
         <name>pushbuttons5515.obj</name>
      </input_file>
      <input_file id="fl-9">
         <path>.\</path>
         <kind>object</kind>
         <file>stereo.obj</file>
         <name>stereo.obj</name>
      </input_file>
      <input_file id="fl-a">
         <path>.\</path>
         <kind>object</kind>
         <file>usbstk5515.obj</file>
         <name>usbstk5515.obj</name>
      </input_file>
      <input_file id="fl-b">
         <path>.\</path>
         <kind>object</kind>
         <file>usbstk5515_gpio.obj</file>
         <name>usbstk5515_gpio.obj</name>
      </input_file>
      <input_file id="fl-c">
         <path>.\</path>
         <kind>object</kind>
         <file>usbstk5515_i2c.obj</file>
         <name>usbstk5515_i2c.obj</name>
      </input_file>
      <input_file id="fl-d">
         <path>.\</path>
         <kind>object</kind>
         <file>usbstk5515_led.obj</file>
         <name>usbstk5515_led.obj</name>
      </input_file>
      <input_file id="fl-13">
         <path>..\</path>
         <kind>archive</kind>
         <file>55xdsph.lib</file>
         <name>cbrev.obj</name>
      </input_file>
      <input_file id="fl-14">
         <path>..\</path>
         <kind>archive</kind>
         <file>55xdsph.lib</file>
         <name>cfft_scale.obj</name>
      </input_file>
      <input_file id="fl-15">
         <path>..\</path>
         <kind>archive</kind>
         <file>55xdsph.lib</file>
         <name>twiddle.obj</name>
      </input_file>
      <input_file id="fl-16">
         <path>..\</path>
         <kind>archive</kind>
         <file>CSLc55x5h.lib</file>
         <name>csl_pll.obj</name>
      </input_file>
      <input_file id="fl-17">
         <path>C:\ti\ccs1281\ccs\tools\compiler\c5500_4.4.1\lib\</path>
         <kind>archive</kind>
         <file>rts55h.lib</file>
         <name>boot.obj</name>
      </input_file>
      <input_file id="fl-18">
         <path>C:\ti\ccs1281\ccs\tools\compiler\c5500_4.4.1\lib\</path>
         <kind>archive</kind>
         <file>rts55h.lib</file>
         <name>exit.obj</name>
      </input_file>
      <input_file id="fl-19">
         <path>C:\ti\ccs1281\ccs\tools\compiler\c5500_4.4.1\lib\</path>
         <kind>archive</kind>
         <file>rts55h.lib</file>
         <name>printf.obj</name>
      </input_file>
      <input_file id="fl-1a">
         <path>C:\ti\ccs1281\ccs\tools\compiler\c5500_4.4.1\lib\</path>
         <kind>archive</kind>
         <file>rts55h.lib</file>
         <name>vectors.obj</name>
      </input_file>
      <input_file id="fl-1b">
         <path>C:\ti\ccs1281\ccs\tools\compiler\c5500_4.4.1\lib\</path>
         <kind>archive</kind>
         <file>rts55h.lib</file>
         <name>_lock.obj</name>
      </input_file>
      <input_file id="fl-1c">
         <path>C:\ti\ccs1281\ccs\tools\compiler\c5500_4.4.1\lib\</path>
         <kind>archive</kind>
         <file>rts55h.lib</file>
         <name>_printfi.obj</name>
      </input_file>
      <input_file id="fl-1d">
         <path>C:\ti\ccs1281\ccs\tools\compiler\c5500_4.4.1\lib\</path>
         <kind>archive</kind>
         <file>rts55h.lib</file>
         <name>args_main.obj</name>
      </input_file>
      <input_file id="fl-1e">
         <path>C:\ti\ccs1281\ccs\tools\compiler\c5500_4.4.1\lib\</path>
         <kind>archive</kind>
         <file>rts55h.lib</file>
         <name>atoi.obj</name>
      </input_file>
      <input_file id="fl-1f">
         <path>C:\ti\ccs1281\ccs\tools\compiler\c5500_4.4.1\lib\</path>
         <kind>archive</kind>
         <file>rts55h.lib</file>
         <name>autoinit.obj</name>
      </input_file>
      <input_file id="fl-20">
         <path>C:\ti\ccs1281\ccs\tools\compiler\c5500_4.4.1\lib\</path>
         <kind>archive</kind>
         <file>rts55h.lib</file>
         <name>cmpd.obj</name>
      </input_file>
      <input_file id="fl-21">
         <path>C:\ti\ccs1281\ccs\tools\compiler\c5500_4.4.1\lib\</path>
         <kind>archive</kind>
         <file>rts55h.lib</file>
         <name>ctype.obj</name>
      </input_file>
      <input_file id="fl-22">
         <path>C:\ti\ccs1281\ccs\tools\compiler\c5500_4.4.1\lib\</path>
         <kind>archive</kind>
         <file>rts55h.lib</file>
         <name>defs.obj</name>
      </input_file>
      <input_file id="fl-23">
         <path>C:\ti\ccs1281\ccs\tools\compiler\c5500_4.4.1\lib\</path>
         <kind>archive</kind>
         <file>rts55h.lib</file>
         <name>divd.obj</name>
      </input_file>
      <input_file id="fl-24">
         <path>C:\ti\ccs1281\ccs\tools\compiler\c5500_4.4.1\lib\</path>
         <kind>archive</kind>
         <file>rts55h.lib</file>
         <name>divul.obj</name>
      </input_file>
      <input_file id="fl-25">
         <path>C:\ti\ccs1281\ccs\tools\compiler\c5500_4.4.1\lib\</path>
         <kind>archive</kind>
         <file>rts55h.lib</file>
         <name>fixdi.obj</name>
      </input_file>
      <input_file id="fl-26">
         <path>C:\ti\ccs1281\ccs\tools\compiler\c5500_4.4.1\lib\</path>
         <kind>archive</kind>
         <file>rts55h.lib</file>
         <name>fixdli.obj</name>
      </input_file>
      <input_file id="fl-27">
         <path>C:\ti\ccs1281\ccs\tools\compiler\c5500_4.4.1\lib\</path>
         <kind>archive</kind>
         <file>rts55h.lib</file>
         <name>fltlid.obj</name>
      </input_file>
      <input_file id="fl-28">
         <path>C:\ti\ccs1281\ccs\tools\compiler\c5500_4.4.1\lib\</path>
         <kind>archive</kind>
         <file>rts55h.lib</file>
         <name>fputc.obj</name>
      </input_file>
      <input_file id="fl-29">
         <path>C:\ti\ccs1281\ccs\tools\compiler\c5500_4.4.1\lib\</path>
         <kind>archive</kind>
         <file>rts55h.lib</file>
         <name>fputs.obj</name>
      </input_file>
      <input_file id="fl-2a">
         <path>C:\ti\ccs1281\ccs\tools\compiler\c5500_4.4.1\lib\</path>
         <kind>archive</kind>
         <file>rts55h.lib</file>
         <name>frcmpyd_div.obj</name>
      </input_file>
      <input_file id="fl-2b">
         <path>C:\ti\ccs1281\ccs\tools\compiler\c5500_4.4.1\lib\</path>
         <kind>archive</kind>
         <file>rts55h.lib</file>
         <name>isinf.obj</name>
      </input_file>
      <input_file id="fl-2c">
         <path>C:\ti\ccs1281\ccs\tools\compiler\c5500_4.4.1\lib\</path>
         <kind>archive</kind>
         <file>rts55h.lib</file>
         <name>llmpy.obj</name>
      </input_file>
      <input_file id="fl-2d">
         <path>C:\ti\ccs1281\ccs\tools\compiler\c5500_4.4.1\lib\</path>
         <kind>archive</kind>
         <file>rts55h.lib</file>
         <name>lmpy.obj</name>
      </input_file>
      <input_file id="fl-2e">
         <path>C:\ti\ccs1281\ccs\tools\compiler\c5500_4.4.1\lib\</path>
         <kind>archive</kind>
         <file>rts55h.lib</file>
         <name>lowlev.obj</name>
      </input_file>
      <input_file id="fl-2f">
         <path>C:\ti\ccs1281\ccs\tools\compiler\c5500_4.4.1\lib\</path>
         <kind>archive</kind>
         <file>rts55h.lib</file>
         <name>ltoa.obj</name>
      </input_file>
      <input_file id="fl-30">
         <path>C:\ti\ccs1281\ccs\tools\compiler\c5500_4.4.1\lib\</path>
         <kind>archive</kind>
         <file>rts55h.lib</file>
         <name>memccpy.obj</name>
      </input_file>
      <input_file id="fl-31">
         <path>C:\ti\ccs1281\ccs\tools\compiler\c5500_4.4.1\lib\</path>
         <kind>archive</kind>
         <file>rts55h.lib</file>
         <name>memcpy.obj</name>
      </input_file>
      <input_file id="fl-32">
         <path>C:\ti\ccs1281\ccs\tools\compiler\c5500_4.4.1\lib\</path>
         <kind>archive</kind>
         <file>rts55h.lib</file>
         <name>mpyd.obj</name>
      </input_file>
      <input_file id="fl-33">
         <path>C:\ti\ccs1281\ccs\tools\compiler\c5500_4.4.1\lib\</path>
         <kind>archive</kind>
         <file>rts55h.lib</file>
         <name>negd.obj</name>
      </input_file>
      <input_file id="fl-34">
         <path>C:\ti\ccs1281\ccs\tools\compiler\c5500_4.4.1\lib\</path>
         <kind>archive</kind>
         <file>rts55h.lib</file>
         <name>remli.obj</name>
      </input_file>
      <input_file id="fl-35">
         <path>C:\ti\ccs1281\ccs\tools\compiler\c5500_4.4.1\lib\</path>
         <kind>archive</kind>
         <file>rts55h.lib</file>
         <name>remul.obj</name>
      </input_file>
      <input_file id="fl-36">
         <path>C:\ti\ccs1281\ccs\tools\compiler\c5500_4.4.1\lib\</path>
         <kind>archive</kind>
         <file>rts55h.lib</file>
         <name>subd.obj</name>
      </input_file>
      <input_file id="fl-37">
         <path>C:\ti\ccs1281\ccs\tools\compiler\c5500_4.4.1\lib\</path>
         <kind>archive</kind>
         <file>rts55h.lib</file>
         <name>trgdrv.obj</name>
      </input_file>
      <input_file id="fl-38">
         <path>C:\ti\ccs1281\ccs\tools\compiler\c5500_4.4.1\lib\</path>
         <kind>archive</kind>
         <file>rts55h.lib</file>
         <name>trgmsg.obj</name>
      </input_file>
      <input_file id="fl-39">
         <path>C:\ti\ccs1281\ccs\tools\compiler\c5500_4.4.1\lib\</path>
         <kind>archive</kind>
         <file>rts55h.lib</file>
         <name>udiv.obj</name>
      </input_file>
      <input_file id="fl-3a">
         <path>C:\ti\ccs1281\ccs\tools\compiler\c5500_4.4.1\lib\</path>
         <kind>archive</kind>
         <file>rts55h.lib</file>
         <name>_io_perm.obj</name>
      </input_file>
      <input_file id="fl-3b">
         <path>C:\ti\ccs1281\ccs\tools\compiler\c5500_4.4.1\lib\</path>
         <kind>archive</kind>
         <file>rts55h.lib</file>
         <name>addd.obj</name>
      </input_file>
      <input_file id="fl-3c">
         <path>C:\ti\ccs1281\ccs\tools\compiler\c5500_4.4.1\lib\</path>
         <kind>archive</kind>
         <file>rts55h.lib</file>
         <name>divli.obj</name>
      </input_file>
      <input_file id="fl-3d">
         <path>C:\ti\ccs1281\ccs\tools\compiler\c5500_4.4.1\lib\</path>
         <kind>archive</kind>
         <file>rts55h.lib</file>
         <name>fflush.obj</name>
      </input_file>
      <input_file id="fl-3e">
         <path>C:\ti\ccs1281\ccs\tools\compiler\c5500_4.4.1\lib\</path>
         <kind>archive</kind>
         <file>rts55h.lib</file>
         <name>frcmpyd.obj</name>
      </input_file>
      <input_file id="fl-3f">
         <path>C:\ti\ccs1281\ccs\tools\compiler\c5500_4.4.1\lib\</path>
         <kind>archive</kind>
         <file>rts55h.lib</file>
         <name>fseek.obj</name>
      </input_file>
      <input_file id="fl-40">
         <path>C:\ti\ccs1281\ccs\tools\compiler\c5500_4.4.1\lib\</path>
         <kind>archive</kind>
         <file>rts55h.lib</file>
         <name>setvbuf.obj</name>
      </input_file>
      <input_file id="fl-41">
         <path>C:\ti\ccs1281\ccs\tools\compiler\c5500_4.4.1\lib\</path>
         <kind>archive</kind>
         <file>rts55h.lib</file>
         <name>fopen.obj</name>
      </input_file>
      <input_file id="fl-42">
         <path>C:\ti\ccs1281\ccs\tools\compiler\c5500_4.4.1\lib\</path>
         <kind>archive</kind>
         <file>rts55h.lib</file>
         <name>memory.obj</name>
      </input_file>
      <input_file id="fl-43">
         <path>C:\ti\ccs1281\ccs\tools\compiler\c5500_4.4.1\lib\</path>
         <kind>archive</kind>
         <file>rts55h.lib</file>
         <name>fclose.obj</name>
      </input_file>
      <input_file id="fl-44">
         <path>C:\ti\ccs1281\ccs\tools\compiler\c5500_4.4.1\lib\</path>
         <kind>archive</kind>
         <file>rts55h.lib</file>
         <name>remove.obj</name>
      </input_file>
   </input_file_list>
   <object_component_list>
      <object_component id="oc-84">
         <name>.text</name>
         <load_address>0x20000</load_address>
         <run_address>0x20000</run_address>
         <size>0x1533</size>
         <input_file_ref idref="fl-1c"/>
      </object_component>
      <object_component id="oc-33">
         <name>.text</name>
         <load_address>0x21533</load_address>
         <run_address>0x21533</run_address>
         <size>0x965</size>
         <input_file_ref idref="fl-7"/>
      </object_component>
      <object_component id="oc-f4">
         <name>.text</name>
         <load_address>0x21e98</load_address>
         <run_address>0x21e98</run_address>
         <size>0x538</size>
         <input_file_ref idref="fl-37"/>
      </object_component>
      <object_component id="oc-125">
         <name>.text</name>
         <load_address>0x223d0</load_address>
         <run_address>0x223d0</run_address>
         <size>0x533</size>
         <input_file_ref idref="fl-42"/>
      </object_component>
      <object_component id="oc-20">
         <name>.text</name>
         <load_address>0x22903</load_address>
         <run_address>0x22903</run_address>
         <size>0x522</size>
         <input_file_ref idref="fl-4"/>
      </object_component>
      <object_component id="oc-ce">
         <name>.text</name>
         <load_address>0x22e25</load_address>
         <run_address>0x22e25</run_address>
         <size>0x518</size>
         <input_file_ref idref="fl-2e"/>
      </object_component>
      <object_component id="oc-a0">
         <name>.text</name>
         <load_address>0x2333d</load_address>
         <run_address>0x2333d</run_address>
         <size>0x3c7</size>
         <input_file_ref idref="fl-23"/>
      </object_component>
      <object_component id="oc-12">
         <name>.text</name>
         <load_address>0x23704</load_address>
         <run_address>0x23704</run_address>
         <size>0x340</size>
         <input_file_ref idref="fl-2"/>
      </object_component>
      <object_component id="oc-3a">
         <name>.text</name>
         <load_address>0x23a44</load_address>
         <run_address>0x23a44</run_address>
         <size>0x2b6</size>
         <input_file_ref idref="fl-8"/>
      </object_component>
      <object_component id="oc-66">
         <name>.text</name>
         <load_address>0x23cfa</load_address>
         <run_address>0x23cfa</run_address>
         <size>0x2ad</size>
         <input_file_ref idref="fl-16"/>
      </object_component>
      <object_component id="oc-11f">
         <name>.text</name>
         <load_address>0x23fa7</load_address>
         <run_address>0x23fa7</run_address>
         <size>0x26c</size>
         <input_file_ref idref="fl-41"/>
      </object_component>
      <object_component id="oc-26">
         <name>.text</name>
         <load_address>0x24213</load_address>
         <run_address>0x24213</run_address>
         <size>0x25c</size>
         <input_file_ref idref="fl-5"/>
      </object_component>
      <object_component id="oc-c6">
         <name>.text</name>
         <load_address>0x2446f</load_address>
         <run_address>0x2446f</run_address>
         <size>0x25c</size>
         <input_file_ref idref="fl-2c"/>
      </object_component>
      <object_component id="oc-107">
         <name>.text</name>
         <load_address>0x246cb</load_address>
         <run_address>0x246cb</run_address>
         <size>0x257</size>
         <input_file_ref idref="fl-3b"/>
      </object_component>
      <object_component id="oc-2b">
         <name>.text</name>
         <load_address>0x24922</load_address>
         <run_address>0x24922</run_address>
         <size>0x222</size>
         <input_file_ref idref="fl-6"/>
      </object_component>
      <object_component id="oc-60">
         <name>.text</name>
         <load_address>0x24b44</load_address>
         <run_address>0x24b44</run_address>
         <size>0x1ee</size>
         <input_file_ref idref="fl-14"/>
      </object_component>
      <object_component id="oc-96">
         <name>.text</name>
         <load_address>0x24d32</load_address>
         <run_address>0x24d32</run_address>
         <size>0x1ea</size>
         <input_file_ref idref="fl-20"/>
      </object_component>
      <object_component id="oc-57">
         <name>.text</name>
         <load_address>0x24f1c</load_address>
         <run_address>0x24f1c</run_address>
         <size>0x1c9</size>
         <input_file_ref idref="fl-d"/>
      </object_component>
      <object_component id="oc-b9">
         <name>.text</name>
         <load_address>0x250e5</load_address>
         <run_address>0x250e5</run_address>
         <size>0x17b</size>
         <input_file_ref idref="fl-29"/>
      </object_component>
      <object_component id="oc-4b">
         <name>.text</name>
         <load_address>0x25260</load_address>
         <run_address>0x25260</run_address>
         <size>0x156</size>
         <input_file_ref idref="fl-b"/>
      </object_component>
      <object_component id="oc-e0">
         <name>.text</name>
         <load_address>0x253b6</load_address>
         <run_address>0x253b6</run_address>
         <size>0x14b</size>
         <input_file_ref idref="fl-32"/>
      </object_component>
      <object_component id="oc-50">
         <name>.text</name>
         <load_address>0x25501</load_address>
         <run_address>0x25501</run_address>
         <size>0x13e</size>
         <input_file_ref idref="fl-c"/>
      </object_component>
      <object_component id="oc-1a">
         <name>.text</name>
         <load_address>0x2563f</load_address>
         <run_address>0x2563f</run_address>
         <size>0x13b</size>
         <input_file_ref idref="fl-3"/>
      </object_component>
      <object_component id="oc-11b">
         <name>.text</name>
         <load_address>0x2577a</load_address>
         <run_address>0x2577a</run_address>
         <size>0xf3</size>
         <input_file_ref idref="fl-40"/>
      </object_component>
      <object_component id="oc-5c">
         <name>.text:cbrev</name>
         <load_address>0x2586d</load_address>
         <run_address>0x2586d</run_address>
         <size>0xde</size>
         <input_file_ref idref="fl-13"/>
      </object_component>
      <object_component id="oc-103">
         <name>.text</name>
         <load_address>0x2594b</load_address>
         <run_address>0x2594b</run_address>
         <size>0xda</size>
         <input_file_ref idref="fl-3a"/>
      </object_component>
      <object_component id="oc-fc">
         <name>.text:CIO_breakpoint</name>
         <load_address>0x25a25</load_address>
         <run_address>0x25a25</run_address>
         <size>0xbe</size>
         <input_file_ref idref="fl-38"/>
      </object_component>
      <object_component id="oc-10f">
         <name>.text</name>
         <load_address>0x25ae3</load_address>
         <run_address>0x25ae3</run_address>
         <size>0xba</size>
         <input_file_ref idref="fl-3d"/>
      </object_component>
      <object_component id="oc-b5">
         <name>.text</name>
         <load_address>0x25b9d</load_address>
         <run_address>0x25b9d</run_address>
         <size>0xa2</size>
         <input_file_ref idref="fl-28"/>
      </object_component>
      <object_component id="oc-a4">
         <name>.text</name>
         <load_address>0x25c3f</load_address>
         <run_address>0x25c3f</run_address>
         <size>0xa0</size>
         <input_file_ref idref="fl-24"/>
      </object_component>
      <object_component id="oc-d4">
         <name>.text</name>
         <load_address>0x25cdf</load_address>
         <run_address>0x25cdf</run_address>
         <size>0x79</size>
         <input_file_ref idref="fl-2f"/>
      </object_component>
      <object_component id="oc-12c">
         <name>.text</name>
         <load_address>0x25d58</load_address>
         <run_address>0x25d58</run_address>
         <size>0x76</size>
         <input_file_ref idref="fl-43"/>
      </object_component>
      <object_component id="oc-113">
         <name>.text</name>
         <load_address>0x25dce</load_address>
         <run_address>0x25dce</run_address>
         <size>0x76</size>
         <input_file_ref idref="fl-3e"/>
      </object_component>
      <object_component id="oc-be">
         <name>.text</name>
         <load_address>0x25e44</load_address>
         <run_address>0x25e44</run_address>
         <size>0x73</size>
         <input_file_ref idref="fl-2a"/>
      </object_component>
      <object_component id="oc-ec">
         <name>.text</name>
         <load_address>0x25eb7</load_address>
         <run_address>0x25eb7</run_address>
         <size>0x70</size>
         <input_file_ref idref="fl-35"/>
      </object_component>
      <object_component id="oc-ac">
         <name>.text</name>
         <load_address>0x25f27</load_address>
         <run_address>0x25f27</run_address>
         <size>0x6e</size>
         <input_file_ref idref="fl-26"/>
      </object_component>
      <object_component id="oc-f9">
         <name>.text</name>
         <load_address>0x25f95</load_address>
         <run_address>0x25f95</run_address>
         <size>0x6b</size>
         <input_file_ref idref="fl-38"/>
      </object_component>
      <object_component id="oc-117">
         <name>.text</name>
         <load_address>0x26000</load_address>
         <run_address>0x26000</run_address>
         <size>0x68</size>
         <input_file_ref idref="fl-3f"/>
      </object_component>
      <object_component id="oc-b0">
         <name>.text</name>
         <load_address>0x26068</load_address>
         <run_address>0x26068</run_address>
         <size>0x67</size>
         <input_file_ref idref="fl-27"/>
      </object_component>
      <object_component id="oc-8e">
         <name>.text</name>
         <load_address>0x260cf</load_address>
         <run_address>0x260cf</run_address>
         <size>0x59</size>
         <input_file_ref idref="fl-1e"/>
      </object_component>
      <object_component id="oc-dc">
         <name>.text</name>
         <load_address>0x26128</load_address>
         <run_address>0x26128</run_address>
         <size>0x56</size>
         <input_file_ref idref="fl-31"/>
      </object_component>
      <object_component id="oc-46">
         <name>.text</name>
         <load_address>0x2617e</load_address>
         <run_address>0x2617e</run_address>
         <size>0x54</size>
         <input_file_ref idref="fl-a"/>
      </object_component>
      <object_component id="oc-76">
         <name>.text</name>
         <load_address>0x261d2</load_address>
         <run_address>0x261d2</run_address>
         <size>0x4e</size>
         <input_file_ref idref="fl-19"/>
      </object_component>
      <object_component id="oc-92">
         <name>.text</name>
         <load_address>0x26220</load_address>
         <run_address>0x26220</run_address>
         <size>0x4d</size>
         <input_file_ref idref="fl-1f"/>
      </object_component>
      <object_component id="oc-e8">
         <name>.text</name>
         <load_address>0x2626d</load_address>
         <run_address>0x2626d</run_address>
         <size>0x4b</size>
         <input_file_ref idref="fl-34"/>
      </object_component>
      <object_component id="oc-8a">
         <name>.text</name>
         <load_address>0x262b8</load_address>
         <run_address>0x262b8</run_address>
         <size>0x49</size>
         <input_file_ref idref="fl-1d"/>
      </object_component>
      <object_component id="oc-10b">
         <name>.text</name>
         <load_address>0x26301</load_address>
         <run_address>0x26301</run_address>
         <size>0x48</size>
         <input_file_ref idref="fl-3c"/>
      </object_component>
      <object_component id="oc-6f">
         <name>.text</name>
         <load_address>0x26349</load_address>
         <run_address>0x26349</run_address>
         <size>0x3e</size>
         <input_file_ref idref="fl-18"/>
      </object_component>
      <object_component id="oc-10">
         <name>.text</name>
         <load_address>0x26387</load_address>
         <run_address>0x26387</run_address>
         <size>0x34</size>
         <input_file_ref idref="fl-17"/>
      </object_component>
      <object_component id="oc-a8">
         <name>.text</name>
         <load_address>0x263bb</load_address>
         <run_address>0x263bb</run_address>
         <size>0x2a</size>
         <input_file_ref idref="fl-25"/>
      </object_component>
      <object_component id="oc-ff">
         <name>.text</name>
         <load_address>0x263e5</load_address>
         <run_address>0x263e5</run_address>
         <size>0x2a</size>
         <input_file_ref idref="fl-39"/>
      </object_component>
      <object_component id="oc-d8">
         <name>.text</name>
         <load_address>0x2640f</load_address>
         <run_address>0x2640f</run_address>
         <size>0x22</size>
         <input_file_ref idref="fl-30"/>
      </object_component>
      <object_component id="oc-41">
         <name>.text</name>
         <load_address>0x26431</load_address>
         <run_address>0x26431</run_address>
         <size>0x1c</size>
         <input_file_ref idref="fl-9"/>
      </object_component>
      <object_component id="oc-c2">
         <name>.text</name>
         <load_address>0x2644d</load_address>
         <run_address>0x2644d</run_address>
         <size>0x1a</size>
         <input_file_ref idref="fl-2b"/>
      </object_component>
      <object_component id="oc-f0">
         <name>.text</name>
         <load_address>0x26467</load_address>
         <run_address>0x26467</run_address>
         <size>0x14</size>
         <input_file_ref idref="fl-36"/>
      </object_component>
      <object_component id="oc-ca">
         <name>.text</name>
         <load_address>0x2647b</load_address>
         <run_address>0x2647b</run_address>
         <size>0x13</size>
         <input_file_ref idref="fl-2d"/>
      </object_component>
      <object_component id="oc-7e">
         <name>.text</name>
         <load_address>0x2648e</load_address>
         <run_address>0x2648e</run_address>
         <size>0x12</size>
         <input_file_ref idref="fl-1b"/>
      </object_component>
      <object_component id="oc-e4">
         <name>.text</name>
         <load_address>0x264a0</load_address>
         <run_address>0x264a0</run_address>
         <size>0x10</size>
         <input_file_ref idref="fl-33"/>
      </object_component>
      <object_component id="oc-130">
         <name>.text</name>
         <load_address>0x264b0</load_address>
         <run_address>0x264b0</run_address>
         <size>0xa</size>
         <input_file_ref idref="fl-44"/>
      </object_component>
      <object_component id="oc-73">
         <name>.text:CIO_breakpoint</name>
         <load_address>0x264ba</load_address>
         <run_address>0x264ba</run_address>
         <size>0x7</size>
         <input_file_ref idref="fl-18"/>
      </object_component>
      <object_component id="oc-7a">
         <name>.text</name>
         <load_address>0x264c1</load_address>
         <run_address>0x264c1</run_address>
         <size>0x2</size>
         <input_file_ref idref="fl-1a"/>
      </object_component>
      <object_component id="oc-6b">
         <name>.stack</name>
         <uninitialized>true</uninitialized>
         <run_address>0xc0</run_address>
         <size>0x0</size>
         <input_file_ref idref="fl-17"/>
      </object_component>
      <object_component id="oc-14e">
         <name>.stack</name>
         <uninitialized>true</uninitialized>
         <run_address>0xc0</run_address>
         <size>0x0</size>
      </object_component>
      <object_component id="oc-134">
         <name>.sysstack</name>
         <uninitialized>true</uninitialized>
         <run_address>0x20c0</run_address>
         <size>0x0</size>
         <input_file_ref idref="fl-17"/>
      </object_component>
      <object_component id="oc-150">
         <name>.sysstack</name>
         <uninitialized>true</uninitialized>
         <run_address>0x20c0</run_address>
         <size>0x0</size>
      </object_component>
      <object_component id="oc-65">
         <name>.data:twiddle</name>
         <load_address>0x693c</load_address>
         <run_address>0x693c</run_address>
         <size>0x800</size>
         <input_file_ref idref="fl-15"/>
      </object_component>
      <object_component id="oc-34">
         <name>.bss</name>
         <uninitialized>true</uninitialized>
         <run_address>0x50c0</run_address>
         <size>0x544</size>
         <input_file_ref idref="fl-7"/>
      </object_component>
      <object_component id="oc-2c">
         <name>.bss</name>
         <uninitialized>true</uninitialized>
         <run_address>0x5604</run_address>
         <size>0x294</size>
         <input_file_ref idref="fl-6"/>
      </object_component>
      <object_component id="oc-9c">
         <name>.bss</name>
         <uninitialized>true</uninitialized>
         <run_address>0x5898</run_address>
         <size>0x232</size>
         <input_file_ref idref="fl-22"/>
      </object_component>
      <object_component id="oc-f5">
         <name>.bss</name>
         <uninitialized>true</uninitialized>
         <run_address>0x5aca</run_address>
         <size>0x1a0</size>
         <input_file_ref idref="fl-37"/>
      </object_component>
      <object_component id="oc-120">
         <name>.bss</name>
         <uninitialized>true</uninitialized>
         <run_address>0x5c6a</run_address>
         <size>0x2</size>
         <input_file_ref idref="fl-41"/>
      </object_component>
      <object_component id="oc-cf">
         <name>.bss</name>
         <uninitialized>true</uninitialized>
         <run_address>0x5c6c</run_address>
         <size>0xe2</size>
         <input_file_ref idref="fl-2e"/>
      </object_component>
      <object_component id="oc-51">
         <name>.bss</name>
         <uninitialized>true</uninitialized>
         <run_address>0x5d4e</run_address>
         <size>0x2</size>
         <input_file_ref idref="fl-c"/>
      </object_component>
      <object_component id="oc-13">
         <name>.bss</name>
         <uninitialized>true</uninitialized>
         <run_address>0x5d50</run_address>
         <size>0x6c</size>
         <input_file_ref idref="fl-2"/>
      </object_component>
      <object_component id="oc-3b">
         <name>.bss</name>
         <uninitialized>true</uninitialized>
         <run_address>0x5dbc</run_address>
         <size>0x18</size>
         <input_file_ref idref="fl-8"/>
      </object_component>
      <object_component id="oc-126">
         <name>.bss</name>
         <uninitialized>true</uninitialized>
         <run_address>0x5dd4</run_address>
         <size>0xe</size>
         <input_file_ref idref="fl-42"/>
      </object_component>
      <object_component id="oc-61">
         <name>.bss</name>
         <uninitialized>true</uninitialized>
         <run_address>0x5de4</run_address>
         <size>0x8</size>
         <input_file_ref idref="fl-14"/>
      </object_component>
      <object_component id="oc-7f">
         <name>.bss</name>
         <uninitialized>true</uninitialized>
         <run_address>0x5dec</run_address>
         <size>0x8</size>
         <input_file_ref idref="fl-1b"/>
      </object_component>
      <object_component id="oc-70">
         <name>.bss</name>
         <uninitialized>true</uninitialized>
         <run_address>0x5df4</run_address>
         <size>0x8</size>
         <input_file_ref idref="fl-18"/>
      </object_component>
      <object_component id="oc-1b">
         <name>.bss</name>
         <uninitialized>true</uninitialized>
         <run_address>0x5dfc</run_address>
         <size>0x4</size>
         <input_file_ref idref="fl-3"/>
      </object_component>
      <object_component id="oc-16">
         <name>.const:.string</name>
         <load_address>0x5e00</load_address>
         <run_address>0x5e00</run_address>
         <size>0x46c</size>
         <input_file_ref idref="fl-2"/>
      </object_component>
      <object_component id="oc-22">
         <name>.const:.string</name>
         <load_address>0x626c</load_address>
         <run_address>0x626c</run_address>
         <size>0x2e8</size>
         <input_file_ref idref="fl-4"/>
      </object_component>
      <object_component id="oc-135">
         <name>.const:__ctypes_</name>
         <load_address>0x6554</load_address>
         <run_address>0x6554</run_address>
         <size>0x202</size>
         <input_file_ref idref="fl-21"/>
      </object_component>
      <object_component id="oc-2f">
         <name>.const:.string</name>
         <load_address>0x6758</load_address>
         <run_address>0x6758</run_address>
         <size>0x16c</size>
         <input_file_ref idref="fl-6"/>
      </object_component>
      <object_component id="oc-87">
         <name>.const:.string</name>
         <load_address>0x68c4</load_address>
         <run_address>0x68c4</run_address>
         <size>0x48</size>
         <input_file_ref idref="fl-1c"/>
      </object_component>
      <object_component id="oc-86">
         <name>.const</name>
         <load_address>0x690c</load_address>
         <run_address>0x690c</run_address>
         <size>0x18</size>
         <input_file_ref idref="fl-1c"/>
      </object_component>
      <object_component id="oc-136">
         <name>.const:_initial_approx$1</name>
         <load_address>0x6924</load_address>
         <run_address>0x6924</run_address>
         <size>0x10</size>
         <input_file_ref idref="fl-23"/>
      </object_component>
      <object_component id="oc-bb">
         <name>.const:.string</name>
         <load_address>0x6934</load_address>
         <run_address>0x6934</run_address>
         <size>0x4</size>
         <input_file_ref idref="fl-29"/>
      </object_component>
      <object_component id="oc-b2">
         <name>.const</name>
         <load_address>0x6938</load_address>
         <run_address>0x6938</run_address>
         <size>0x4</size>
         <input_file_ref idref="fl-27"/>
      </object_component>
      <object_component id="oc-129">
         <name>.sysmem</name>
         <uninitialized>true</uninitialized>
         <run_address>0x30c0</run_address>
         <size>0x0</size>
         <input_file_ref idref="fl-42"/>
      </object_component>
      <object_component id="oc-14f">
         <name>.sysmem</name>
         <uninitialized>true</uninitialized>
         <run_address>0x30c0</run_address>
         <size>0x0</size>
      </object_component>
      <object_component id="oc-36">
         <name>.cinit</name>
         <load_address>0x40000</load_address>
         <run_address>0x40000</run_address>
         <size>0x556</size>
         <input_file_ref idref="fl-7"/>
      </object_component>
      <object_component id="oc-15">
         <name>.cinit</name>
         <load_address>0x40556</load_address>
         <run_address>0x40556</run_address>
         <size>0x8c</size>
         <input_file_ref idref="fl-2"/>
      </object_component>
      <object_component id="oc-d1">
         <name>.cinit</name>
         <load_address>0x405e2</load_address>
         <run_address>0x405e2</run_address>
         <size>0x5a</size>
         <input_file_ref idref="fl-2e"/>
      </object_component>
      <object_component id="oc-9e">
         <name>.cinit</name>
         <load_address>0x4063c</load_address>
         <run_address>0x4063c</run_address>
         <size>0x54</size>
         <input_file_ref idref="fl-22"/>
      </object_component>
      <object_component id="oc-3d">
         <name>.cinit</name>
         <load_address>0x40690</load_address>
         <run_address>0x40690</run_address>
         <size>0x48</size>
         <input_file_ref idref="fl-8"/>
      </object_component>
      <object_component id="oc-2e">
         <name>.cinit</name>
         <load_address>0x406d8</load_address>
         <run_address>0x406d8</run_address>
         <size>0x1e</size>
         <input_file_ref idref="fl-6"/>
      </object_component>
      <object_component id="oc-81">
         <name>.cinit</name>
         <load_address>0x406f6</load_address>
         <run_address>0x406f6</run_address>
         <size>0x14</size>
         <input_file_ref idref="fl-1b"/>
      </object_component>
      <object_component id="oc-72">
         <name>.cinit</name>
         <load_address>0x4070a</load_address>
         <run_address>0x4070a</run_address>
         <size>0x14</size>
         <input_file_ref idref="fl-18"/>
      </object_component>
      <object_component id="oc-122">
         <name>.cinit</name>
         <load_address>0x4071e</load_address>
         <run_address>0x4071e</run_address>
         <size>0x8</size>
         <input_file_ref idref="fl-41"/>
      </object_component>
      <object_component id="oc-128">
         <name>.cinit</name>
         <load_address>0x40726</load_address>
         <run_address>0x40726</run_address>
         <size>0x8</size>
         <input_file_ref idref="fl-42"/>
      </object_component>
      <object_component id="oc-53">
         <name>.cinit</name>
         <load_address>0x4072e</load_address>
         <run_address>0x4072e</run_address>
         <size>0x8</size>
         <input_file_ref idref="fl-c"/>
      </object_component>
      <object_component id="oc-fb">
         <name>.cio</name>
         <uninitialized>true</uninitialized>
         <run_address>0x40738</run_address>
         <size>0x240</size>
         <input_file_ref idref="fl-38"/>
      </object_component>
      <object_component id="oc-11">
         <name>vectors</name>
         <load_address>0x4fe00</load_address>
         <run_address>0x4fe00</run_address>
         <size>0x100</size>
         <input_file_ref idref="fl-1a"/>
      </object_component>
      <object_component id="oc-14">
         <name>.debug_info</name>
         <load_address>0x0</load_address>
         <run_address>0x0</run_address>
         <size>0x1188</size>
         <input_file_ref idref="fl-2"/>
      </object_component>
      <object_component id="oc-1c">
         <name>.debug_info</name>
         <load_address>0x1188</load_address>
         <run_address>0x1188</run_address>
         <size>0xc88</size>
         <input_file_ref idref="fl-3"/>
      </object_component>
      <object_component id="oc-21">
         <name>.debug_info</name>
         <load_address>0x1e10</load_address>
         <run_address>0x1e10</run_address>
         <size>0xe6d</size>
         <input_file_ref idref="fl-4"/>
      </object_component>
      <object_component id="oc-27">
         <name>.debug_info</name>
         <load_address>0x2c7d</load_address>
         <run_address>0x2c7d</run_address>
         <size>0xb96</size>
         <input_file_ref idref="fl-5"/>
      </object_component>
      <object_component id="oc-2d">
         <name>.debug_info</name>
         <load_address>0x3813</load_address>
         <run_address>0x3813</run_address>
         <size>0xc40</size>
         <input_file_ref idref="fl-6"/>
      </object_component>
      <object_component id="oc-35">
         <name>.debug_info</name>
         <load_address>0x4453</load_address>
         <run_address>0x4453</run_address>
         <size>0x1d2d</size>
         <input_file_ref idref="fl-7"/>
      </object_component>
      <object_component id="oc-3c">
         <name>.debug_info</name>
         <load_address>0x6180</load_address>
         <run_address>0x6180</run_address>
         <size>0x712</size>
         <input_file_ref idref="fl-8"/>
      </object_component>
      <object_component id="oc-42">
         <name>.debug_info</name>
         <load_address>0x6892</load_address>
         <run_address>0x6892</run_address>
         <size>0x57a</size>
         <input_file_ref idref="fl-9"/>
      </object_component>
      <object_component id="oc-47">
         <name>.debug_info</name>
         <load_address>0x6e0c</load_address>
         <run_address>0x6e0c</run_address>
         <size>0x679</size>
         <input_file_ref idref="fl-a"/>
      </object_component>
      <object_component id="oc-4c">
         <name>.debug_info</name>
         <load_address>0x7485</load_address>
         <run_address>0x7485</run_address>
         <size>0x80a</size>
         <input_file_ref idref="fl-b"/>
      </object_component>
      <object_component id="oc-52">
         <name>.debug_info</name>
         <load_address>0x7c8f</load_address>
         <run_address>0x7c8f</run_address>
         <size>0xb8c</size>
         <input_file_ref idref="fl-c"/>
      </object_component>
      <object_component id="oc-58">
         <name>.debug_info</name>
         <load_address>0x881b</load_address>
         <run_address>0x881b</run_address>
         <size>0xe87</size>
         <input_file_ref idref="fl-d"/>
      </object_component>
      <object_component id="oc-5d">
         <name>.debug_info</name>
         <load_address>0x96a2</load_address>
         <run_address>0x96a2</run_address>
         <size>0xe7</size>
         <input_file_ref idref="fl-13"/>
      </object_component>
      <object_component id="oc-62">
         <name>.debug_info</name>
         <load_address>0x9789</load_address>
         <run_address>0x9789</run_address>
         <size>0xf1</size>
         <input_file_ref idref="fl-14"/>
      </object_component>
      <object_component id="oc-67">
         <name>.debug_info</name>
         <load_address>0x987a</load_address>
         <run_address>0x987a</run_address>
         <size>0x5ff3</size>
         <input_file_ref idref="fl-16"/>
      </object_component>
      <object_component id="oc-6c">
         <name>.debug_info</name>
         <load_address>0xf86d</load_address>
         <run_address>0xf86d</run_address>
         <size>0xe8</size>
         <input_file_ref idref="fl-17"/>
      </object_component>
      <object_component id="oc-71">
         <name>.debug_info</name>
         <load_address>0xf955</load_address>
         <run_address>0xf955</run_address>
         <size>0x5fb</size>
         <input_file_ref idref="fl-18"/>
      </object_component>
      <object_component id="oc-77">
         <name>.debug_info</name>
         <load_address>0xff50</load_address>
         <run_address>0xff50</run_address>
         <size>0x76c</size>
         <input_file_ref idref="fl-19"/>
      </object_component>
      <object_component id="oc-7b">
         <name>.debug_info</name>
         <load_address>0x106bc</load_address>
         <run_address>0x106bc</run_address>
         <size>0xbc</size>
         <input_file_ref idref="fl-1a"/>
      </object_component>
      <object_component id="oc-80">
         <name>.debug_info</name>
         <load_address>0x10778</load_address>
         <run_address>0x10778</run_address>
         <size>0x5bc</size>
         <input_file_ref idref="fl-1b"/>
      </object_component>
      <object_component id="oc-85">
         <name>.debug_info</name>
         <load_address>0x10d34</load_address>
         <run_address>0x10d34</run_address>
         <size>0x27bd</size>
         <input_file_ref idref="fl-1c"/>
      </object_component>
      <object_component id="oc-8b">
         <name>.debug_info</name>
         <load_address>0x134f1</load_address>
         <run_address>0x134f1</run_address>
         <size>0x586</size>
         <input_file_ref idref="fl-1d"/>
      </object_component>
      <object_component id="oc-8f">
         <name>.debug_info</name>
         <load_address>0x13a77</load_address>
         <run_address>0x13a77</run_address>
         <size>0x5a4</size>
         <input_file_ref idref="fl-1e"/>
      </object_component>
      <object_component id="oc-93">
         <name>.debug_info</name>
         <load_address>0x1401b</load_address>
         <run_address>0x1401b</run_address>
         <size>0xcd</size>
         <input_file_ref idref="fl-1f"/>
      </object_component>
      <object_component id="oc-97">
         <name>.debug_info</name>
         <load_address>0x140e8</load_address>
         <run_address>0x140e8</run_address>
         <size>0x81f</size>
         <input_file_ref idref="fl-20"/>
      </object_component>
      <object_component id="oc-9a">
         <name>.debug_info</name>
         <load_address>0x14907</load_address>
         <run_address>0x14907</run_address>
         <size>0x498</size>
         <input_file_ref idref="fl-21"/>
      </object_component>
      <object_component id="oc-9d">
         <name>.debug_info</name>
         <load_address>0x14d9f</load_address>
         <run_address>0x14d9f</run_address>
         <size>0x57e</size>
         <input_file_ref idref="fl-22"/>
      </object_component>
      <object_component id="oc-a1">
         <name>.debug_info</name>
         <load_address>0x1531d</load_address>
         <run_address>0x1531d</run_address>
         <size>0x7e8</size>
         <input_file_ref idref="fl-23"/>
      </object_component>
      <object_component id="oc-a5">
         <name>.debug_info</name>
         <load_address>0x15b05</load_address>
         <run_address>0x15b05</run_address>
         <size>0x534</size>
         <input_file_ref idref="fl-24"/>
      </object_component>
      <object_component id="oc-a9">
         <name>.debug_info</name>
         <load_address>0x16039</load_address>
         <run_address>0x16039</run_address>
         <size>0x4cf</size>
         <input_file_ref idref="fl-25"/>
      </object_component>
      <object_component id="oc-ad">
         <name>.debug_info</name>
         <load_address>0x16508</load_address>
         <run_address>0x16508</run_address>
         <size>0x534</size>
         <input_file_ref idref="fl-26"/>
      </object_component>
      <object_component id="oc-b1">
         <name>.debug_info</name>
         <load_address>0x16a3c</load_address>
         <run_address>0x16a3c</run_address>
         <size>0x549</size>
         <input_file_ref idref="fl-27"/>
      </object_component>
      <object_component id="oc-b6">
         <name>.debug_info</name>
         <load_address>0x16f85</load_address>
         <run_address>0x16f85</run_address>
         <size>0x6aa</size>
         <input_file_ref idref="fl-28"/>
      </object_component>
      <object_component id="oc-ba">
         <name>.debug_info</name>
         <load_address>0x1762f</load_address>
         <run_address>0x1762f</run_address>
         <size>0x942</size>
         <input_file_ref idref="fl-29"/>
      </object_component>
      <object_component id="oc-bf">
         <name>.debug_info</name>
         <load_address>0x17f71</load_address>
         <run_address>0x17f71</run_address>
         <size>0x53e</size>
         <input_file_ref idref="fl-2a"/>
      </object_component>
      <object_component id="oc-c3">
         <name>.debug_info</name>
         <load_address>0x184af</load_address>
         <run_address>0x184af</run_address>
         <size>0x680</size>
         <input_file_ref idref="fl-2b"/>
      </object_component>
      <object_component id="oc-c7">
         <name>.debug_info</name>
         <load_address>0x18b2f</load_address>
         <run_address>0x18b2f</run_address>
         <size>0x7d4</size>
         <input_file_ref idref="fl-2c"/>
      </object_component>
      <object_component id="oc-cb">
         <name>.debug_info</name>
         <load_address>0x19303</load_address>
         <run_address>0x19303</run_address>
         <size>0xbd</size>
         <input_file_ref idref="fl-2d"/>
      </object_component>
      <object_component id="oc-d0">
         <name>.debug_info</name>
         <load_address>0x193c0</load_address>
         <run_address>0x193c0</run_address>
         <size>0x144b</size>
         <input_file_ref idref="fl-2e"/>
      </object_component>
      <object_component id="oc-d5">
         <name>.debug_info</name>
         <load_address>0x1a80b</load_address>
         <run_address>0x1a80b</run_address>
         <size>0x5ad</size>
         <input_file_ref idref="fl-2f"/>
      </object_component>
      <object_component id="oc-d9">
         <name>.debug_info</name>
         <load_address>0x1adb8</load_address>
         <run_address>0x1adb8</run_address>
         <size>0x574</size>
         <input_file_ref idref="fl-30"/>
      </object_component>
      <object_component id="oc-dd">
         <name>.debug_info</name>
         <load_address>0x1b32c</load_address>
         <run_address>0x1b32c</run_address>
         <size>0xd1</size>
         <input_file_ref idref="fl-31"/>
      </object_component>
      <object_component id="oc-e1">
         <name>.debug_info</name>
         <load_address>0x1b3fd</load_address>
         <run_address>0x1b3fd</run_address>
         <size>0x55b</size>
         <input_file_ref idref="fl-32"/>
      </object_component>
      <object_component id="oc-e5">
         <name>.debug_info</name>
         <load_address>0x1b958</load_address>
         <run_address>0x1b958</run_address>
         <size>0x4b7</size>
         <input_file_ref idref="fl-33"/>
      </object_component>
      <object_component id="oc-e9">
         <name>.debug_info</name>
         <load_address>0x1be0f</load_address>
         <run_address>0x1be0f</run_address>
         <size>0x4f2</size>
         <input_file_ref idref="fl-34"/>
      </object_component>
      <object_component id="oc-ed">
         <name>.debug_info</name>
         <load_address>0x1c301</load_address>
         <run_address>0x1c301</run_address>
         <size>0x534</size>
         <input_file_ref idref="fl-35"/>
      </object_component>
      <object_component id="oc-f1">
         <name>.debug_info</name>
         <load_address>0x1c835</load_address>
         <run_address>0x1c835</run_address>
         <size>0x4de</size>
         <input_file_ref idref="fl-36"/>
      </object_component>
      <object_component id="oc-f6">
         <name>.debug_info</name>
         <load_address>0x1cd13</load_address>
         <run_address>0x1cd13</run_address>
         <size>0xed4</size>
         <input_file_ref idref="fl-37"/>
      </object_component>
      <object_component id="oc-fa">
         <name>.debug_info</name>
         <load_address>0x1dbe7</load_address>
         <run_address>0x1dbe7</run_address>
         <size>0x744</size>
         <input_file_ref idref="fl-38"/>
      </object_component>
      <object_component id="oc-100">
         <name>.debug_info</name>
         <load_address>0x1e32b</load_address>
         <run_address>0x1e32b</run_address>
         <size>0xef</size>
         <input_file_ref idref="fl-39"/>
      </object_component>
      <object_component id="oc-104">
         <name>.debug_info</name>
         <load_address>0x1e41a</load_address>
         <run_address>0x1e41a</run_address>
         <size>0x662</size>
         <input_file_ref idref="fl-3a"/>
      </object_component>
      <object_component id="oc-108">
         <name>.debug_info</name>
         <load_address>0x1ea7c</load_address>
         <run_address>0x1ea7c</run_address>
         <size>0x5ab</size>
         <input_file_ref idref="fl-3b"/>
      </object_component>
      <object_component id="oc-10c">
         <name>.debug_info</name>
         <load_address>0x1f027</load_address>
         <run_address>0x1f027</run_address>
         <size>0x4f2</size>
         <input_file_ref idref="fl-3c"/>
      </object_component>
      <object_component id="oc-110">
         <name>.debug_info</name>
         <load_address>0x1f519</load_address>
         <run_address>0x1f519</run_address>
         <size>0x706</size>
         <input_file_ref idref="fl-3d"/>
      </object_component>
      <object_component id="oc-114">
         <name>.debug_info</name>
         <load_address>0x1fc1f</load_address>
         <run_address>0x1fc1f</run_address>
         <size>0x4d2</size>
         <input_file_ref idref="fl-3e"/>
      </object_component>
      <object_component id="oc-118">
         <name>.debug_info</name>
         <load_address>0x200f1</load_address>
         <run_address>0x200f1</run_address>
         <size>0x5f7</size>
         <input_file_ref idref="fl-3f"/>
      </object_component>
      <object_component id="oc-11c">
         <name>.debug_info</name>
         <load_address>0x206e8</load_address>
         <run_address>0x206e8</run_address>
         <size>0x64a</size>
         <input_file_ref idref="fl-40"/>
      </object_component>
      <object_component id="oc-121">
         <name>.debug_info</name>
         <load_address>0x20d32</load_address>
         <run_address>0x20d32</run_address>
         <size>0xa1c</size>
         <input_file_ref idref="fl-41"/>
      </object_component>
      <object_component id="oc-127">
         <name>.debug_info</name>
         <load_address>0x2174e</load_address>
         <run_address>0x2174e</run_address>
         <size>0xba5</size>
         <input_file_ref idref="fl-42"/>
      </object_component>
      <object_component id="oc-12d">
         <name>.debug_info</name>
         <load_address>0x222f3</load_address>
         <run_address>0x222f3</run_address>
         <size>0x64f</size>
         <input_file_ref idref="fl-43"/>
      </object_component>
      <object_component id="oc-131">
         <name>.debug_info</name>
         <load_address>0x22942</load_address>
         <run_address>0x22942</run_address>
         <size>0x510</size>
         <input_file_ref idref="fl-44"/>
      </object_component>
      <object_component id="oc-158">
         <name>.debug_info</name>
         <load_address>0x22e52</load_address>
         <run_address>0x22e52</run_address>
         <size>0x6e</size>
      </object_component>
      <object_component id="oc-17">
         <name>.debug_frame</name>
         <load_address>0x0</load_address>
         <run_address>0x0</run_address>
         <size>0x103</size>
         <input_file_ref idref="fl-2"/>
      </object_component>
      <object_component id="oc-1d">
         <name>.debug_frame</name>
         <load_address>0x103</load_address>
         <run_address>0x103</run_address>
         <size>0x172</size>
         <input_file_ref idref="fl-3"/>
      </object_component>
      <object_component id="oc-23">
         <name>.debug_frame</name>
         <load_address>0x275</load_address>
         <run_address>0x275</run_address>
         <size>0x103</size>
         <input_file_ref idref="fl-4"/>
      </object_component>
      <object_component id="oc-28">
         <name>.debug_frame</name>
         <load_address>0x378</load_address>
         <run_address>0x378</run_address>
         <size>0x13b</size>
         <input_file_ref idref="fl-5"/>
      </object_component>
      <object_component id="oc-30">
         <name>.debug_frame</name>
         <load_address>0x4b3</load_address>
         <run_address>0x4b3</run_address>
         <size>0xe8</size>
         <input_file_ref idref="fl-6"/>
      </object_component>
      <object_component id="oc-37">
         <name>.debug_frame</name>
         <load_address>0x59b</load_address>
         <run_address>0x59b</run_address>
         <size>0x25e</size>
         <input_file_ref idref="fl-7"/>
      </object_component>
      <object_component id="oc-3e">
         <name>.debug_frame</name>
         <load_address>0x7f9</load_address>
         <run_address>0x7f9</run_address>
         <size>0x118</size>
         <input_file_ref idref="fl-8"/>
      </object_component>
      <object_component id="oc-43">
         <name>.debug_frame</name>
         <load_address>0x911</load_address>
         <run_address>0x911</run_address>
         <size>0xe4</size>
         <input_file_ref idref="fl-9"/>
      </object_component>
      <object_component id="oc-48">
         <name>.debug_frame</name>
         <load_address>0x9f5</load_address>
         <run_address>0x9f5</run_address>
         <size>0x116</size>
         <input_file_ref idref="fl-a"/>
      </object_component>
      <object_component id="oc-4d">
         <name>.debug_frame</name>
         <load_address>0xb0b</load_address>
         <run_address>0xb0b</run_address>
         <size>0x135</size>
         <input_file_ref idref="fl-b"/>
      </object_component>
      <object_component id="oc-54">
         <name>.debug_frame</name>
         <load_address>0xc40</load_address>
         <run_address>0xc40</run_address>
         <size>0x14a</size>
         <input_file_ref idref="fl-c"/>
      </object_component>
      <object_component id="oc-59">
         <name>.debug_frame</name>
         <load_address>0xd8a</load_address>
         <run_address>0xd8a</run_address>
         <size>0x1d9</size>
         <input_file_ref idref="fl-d"/>
      </object_component>
      <object_component id="oc-68">
         <name>.debug_frame</name>
         <load_address>0xf63</load_address>
         <run_address>0xf63</run_address>
         <size>0x175</size>
         <input_file_ref idref="fl-16"/>
      </object_component>
      <object_component id="oc-18">
         <name>.debug_line</name>
         <load_address>0x0</load_address>
         <run_address>0x0</run_address>
         <size>0x10e</size>
         <input_file_ref idref="fl-2"/>
      </object_component>
      <object_component id="oc-1e">
         <name>.debug_line</name>
         <load_address>0x10e</load_address>
         <run_address>0x10e</run_address>
         <size>0xfe</size>
         <input_file_ref idref="fl-3"/>
      </object_component>
      <object_component id="oc-24">
         <name>.debug_line</name>
         <load_address>0x20c</load_address>
         <run_address>0x20c</run_address>
         <size>0x20e</size>
         <input_file_ref idref="fl-4"/>
      </object_component>
      <object_component id="oc-29">
         <name>.debug_line</name>
         <load_address>0x41a</load_address>
         <run_address>0x41a</run_address>
         <size>0x1a9</size>
         <input_file_ref idref="fl-5"/>
      </object_component>
      <object_component id="oc-31">
         <name>.debug_line</name>
         <load_address>0x5c3</load_address>
         <run_address>0x5c3</run_address>
         <size>0xaf</size>
         <input_file_ref idref="fl-6"/>
      </object_component>
      <object_component id="oc-38">
         <name>.debug_line</name>
         <load_address>0x672</load_address>
         <run_address>0x672</run_address>
         <size>0x513</size>
         <input_file_ref idref="fl-7"/>
      </object_component>
      <object_component id="oc-3f">
         <name>.debug_line</name>
         <load_address>0xb85</load_address>
         <run_address>0xb85</run_address>
         <size>0x1d5</size>
         <input_file_ref idref="fl-8"/>
      </object_component>
      <object_component id="oc-44">
         <name>.debug_line</name>
         <load_address>0xd5a</load_address>
         <run_address>0xd5a</run_address>
         <size>0x44</size>
         <input_file_ref idref="fl-9"/>
      </object_component>
      <object_component id="oc-49">
         <name>.debug_line</name>
         <load_address>0xd9e</load_address>
         <run_address>0xd9e</run_address>
         <size>0x83</size>
         <input_file_ref idref="fl-a"/>
      </object_component>
      <object_component id="oc-4e">
         <name>.debug_line</name>
         <load_address>0xe21</load_address>
         <run_address>0xe21</run_address>
         <size>0xdd</size>
         <input_file_ref idref="fl-b"/>
      </object_component>
      <object_component id="oc-55">
         <name>.debug_line</name>
         <load_address>0xefe</load_address>
         <run_address>0xefe</run_address>
         <size>0x122</size>
         <input_file_ref idref="fl-c"/>
      </object_component>
      <object_component id="oc-5a">
         <name>.debug_line</name>
         <load_address>0x1020</load_address>
         <run_address>0x1020</run_address>
         <size>0x179</size>
         <input_file_ref idref="fl-d"/>
      </object_component>
      <object_component id="oc-5e">
         <name>.debug_line</name>
         <load_address>0x1199</load_address>
         <run_address>0x1199</run_address>
         <size>0x8b</size>
         <input_file_ref idref="fl-13"/>
      </object_component>
      <object_component id="oc-63">
         <name>.debug_line</name>
         <load_address>0x1224</load_address>
         <run_address>0x1224</run_address>
         <size>0x109</size>
         <input_file_ref idref="fl-14"/>
      </object_component>
      <object_component id="oc-69">
         <name>.debug_line</name>
         <load_address>0x132d</load_address>
         <run_address>0x132d</run_address>
         <size>0x2dd</size>
         <input_file_ref idref="fl-16"/>
      </object_component>
      <object_component id="oc-6d">
         <name>.debug_line</name>
         <load_address>0x160a</load_address>
         <run_address>0x160a</run_address>
         <size>0x54</size>
         <input_file_ref idref="fl-17"/>
      </object_component>
      <object_component id="oc-74">
         <name>.debug_line</name>
         <load_address>0x165e</load_address>
         <run_address>0x165e</run_address>
         <size>0x51</size>
         <input_file_ref idref="fl-18"/>
      </object_component>
      <object_component id="oc-78">
         <name>.debug_line</name>
         <load_address>0x16af</load_address>
         <run_address>0x16af</run_address>
         <size>0x69</size>
         <input_file_ref idref="fl-19"/>
      </object_component>
      <object_component id="oc-7c">
         <name>.debug_line</name>
         <load_address>0x1718</load_address>
         <run_address>0x1718</run_address>
         <size>0x37</size>
         <input_file_ref idref="fl-1a"/>
      </object_component>
      <object_component id="oc-82">
         <name>.debug_line</name>
         <load_address>0x174f</load_address>
         <run_address>0x174f</run_address>
         <size>0x57</size>
         <input_file_ref idref="fl-1b"/>
      </object_component>
      <object_component id="oc-88">
         <name>.debug_line</name>
         <load_address>0x17a6</load_address>
         <run_address>0x17a6</run_address>
         <size>0x328</size>
         <input_file_ref idref="fl-1c"/>
      </object_component>
      <object_component id="oc-8c">
         <name>.debug_line</name>
         <load_address>0x1ace</load_address>
         <run_address>0x1ace</run_address>
         <size>0x41</size>
         <input_file_ref idref="fl-1d"/>
      </object_component>
      <object_component id="oc-90">
         <name>.debug_line</name>
         <load_address>0x1b0f</load_address>
         <run_address>0x1b0f</run_address>
         <size>0x46</size>
         <input_file_ref idref="fl-1e"/>
      </object_component>
      <object_component id="oc-94">
         <name>.debug_line</name>
         <load_address>0x1b55</load_address>
         <run_address>0x1b55</run_address>
         <size>0x55</size>
         <input_file_ref idref="fl-1f"/>
      </object_component>
      <object_component id="oc-98">
         <name>.debug_line</name>
         <load_address>0x1baa</load_address>
         <run_address>0x1baa</run_address>
         <size>0xad</size>
         <input_file_ref idref="fl-20"/>
      </object_component>
      <object_component id="oc-a2">
         <name>.debug_line</name>
         <load_address>0x1c57</load_address>
         <run_address>0x1c57</run_address>
         <size>0x5b</size>
         <input_file_ref idref="fl-23"/>
      </object_component>
      <object_component id="oc-a6">
         <name>.debug_line</name>
         <load_address>0x1cb2</load_address>
         <run_address>0x1cb2</run_address>
         <size>0x44</size>
         <input_file_ref idref="fl-24"/>
      </object_component>
      <object_component id="oc-aa">
         <name>.debug_line</name>
         <load_address>0x1cf6</load_address>
         <run_address>0x1cf6</run_address>
         <size>0x3d</size>
         <input_file_ref idref="fl-25"/>
      </object_component>
      <object_component id="oc-ae">
         <name>.debug_line</name>
         <load_address>0x1d33</load_address>
         <run_address>0x1d33</run_address>
         <size>0x3d</size>
         <input_file_ref idref="fl-26"/>
      </object_component>
      <object_component id="oc-b3">
         <name>.debug_line</name>
         <load_address>0x1d70</load_address>
         <run_address>0x1d70</run_address>
         <size>0x44</size>
         <input_file_ref idref="fl-27"/>
      </object_component>
      <object_component id="oc-b7">
         <name>.debug_line</name>
         <load_address>0x1db4</load_address>
         <run_address>0x1db4</run_address>
         <size>0x56</size>
         <input_file_ref idref="fl-28"/>
      </object_component>
      <object_component id="oc-bc">
         <name>.debug_line</name>
         <load_address>0x1e0a</load_address>
         <run_address>0x1e0a</run_address>
         <size>0xa6</size>
         <input_file_ref idref="fl-29"/>
      </object_component>
      <object_component id="oc-c0">
         <name>.debug_line</name>
         <load_address>0x1eb0</load_address>
         <run_address>0x1eb0</run_address>
         <size>0x40</size>
         <input_file_ref idref="fl-2a"/>
      </object_component>
      <object_component id="oc-c4">
         <name>.debug_line</name>
         <load_address>0x1ef0</load_address>
         <run_address>0x1ef0</run_address>
         <size>0x38</size>
         <input_file_ref idref="fl-2b"/>
      </object_component>
      <object_component id="oc-c8">
         <name>.debug_line</name>
         <load_address>0x1f28</load_address>
         <run_address>0x1f28</run_address>
         <size>0xa8</size>
         <input_file_ref idref="fl-2c"/>
      </object_component>
      <object_component id="oc-cc">
         <name>.debug_line</name>
         <load_address>0x1fd0</load_address>
         <run_address>0x1fd0</run_address>
         <size>0x3c</size>
         <input_file_ref idref="fl-2d"/>
      </object_component>
      <object_component id="oc-d2">
         <name>.debug_line</name>
         <load_address>0x200c</load_address>
         <run_address>0x200c</run_address>
         <size>0x1b0</size>
         <input_file_ref idref="fl-2e"/>
      </object_component>
      <object_component id="oc-d6">
         <name>.debug_line</name>
         <load_address>0x21bc</load_address>
         <run_address>0x21bc</run_address>
         <size>0x40</size>
         <input_file_ref idref="fl-2f"/>
      </object_component>
      <object_component id="oc-da">
         <name>.debug_line</name>
         <load_address>0x21fc</load_address>
         <run_address>0x21fc</run_address>
         <size>0x3a</size>
         <input_file_ref idref="fl-30"/>
      </object_component>
      <object_component id="oc-de">
         <name>.debug_line</name>
         <load_address>0x2236</load_address>
         <run_address>0x2236</run_address>
         <size>0x54</size>
         <input_file_ref idref="fl-31"/>
      </object_component>
      <object_component id="oc-e2">
         <name>.debug_line</name>
         <load_address>0x228a</load_address>
         <run_address>0x228a</run_address>
         <size>0x3c</size>
         <input_file_ref idref="fl-32"/>
      </object_component>
      <object_component id="oc-e6">
         <name>.debug_line</name>
         <load_address>0x22c6</load_address>
         <run_address>0x22c6</run_address>
         <size>0x37</size>
         <input_file_ref idref="fl-33"/>
      </object_component>
      <object_component id="oc-ea">
         <name>.debug_line</name>
         <load_address>0x22fd</load_address>
         <run_address>0x22fd</run_address>
         <size>0x3c</size>
         <input_file_ref idref="fl-34"/>
      </object_component>
      <object_component id="oc-ee">
         <name>.debug_line</name>
         <load_address>0x2339</load_address>
         <run_address>0x2339</run_address>
         <size>0x44</size>
         <input_file_ref idref="fl-35"/>
      </object_component>
      <object_component id="oc-f2">
         <name>.debug_line</name>
         <load_address>0x237d</load_address>
         <run_address>0x237d</run_address>
         <size>0x37</size>
         <input_file_ref idref="fl-36"/>
      </object_component>
      <object_component id="oc-f7">
         <name>.debug_line</name>
         <load_address>0x23b4</load_address>
         <run_address>0x23b4</run_address>
         <size>0x15e</size>
         <input_file_ref idref="fl-37"/>
      </object_component>
      <object_component id="oc-fd">
         <name>.debug_line</name>
         <load_address>0x2512</load_address>
         <run_address>0x2512</run_address>
         <size>0x6a</size>
         <input_file_ref idref="fl-38"/>
      </object_component>
      <object_component id="oc-101">
         <name>.debug_line</name>
         <load_address>0x257c</load_address>
         <run_address>0x257c</run_address>
         <size>0x58</size>
         <input_file_ref idref="fl-39"/>
      </object_component>
      <object_component id="oc-105">
         <name>.debug_line</name>
         <load_address>0x25d4</load_address>
         <run_address>0x25d4</run_address>
         <size>0x57</size>
         <input_file_ref idref="fl-3a"/>
      </object_component>
      <object_component id="oc-109">
         <name>.debug_line</name>
         <load_address>0x262b</load_address>
         <run_address>0x262b</run_address>
         <size>0x5c</size>
         <input_file_ref idref="fl-3b"/>
      </object_component>
      <object_component id="oc-10d">
         <name>.debug_line</name>
         <load_address>0x2687</load_address>
         <run_address>0x2687</run_address>
         <size>0x3c</size>
         <input_file_ref idref="fl-3c"/>
      </object_component>
      <object_component id="oc-111">
         <name>.debug_line</name>
         <load_address>0x26c3</load_address>
         <run_address>0x26c3</run_address>
         <size>0x5b</size>
         <input_file_ref idref="fl-3d"/>
      </object_component>
      <object_component id="oc-115">
         <name>.debug_line</name>
         <load_address>0x271e</load_address>
         <run_address>0x271e</run_address>
         <size>0x3a</size>
         <input_file_ref idref="fl-3e"/>
      </object_component>
      <object_component id="oc-119">
         <name>.debug_line</name>
         <load_address>0x2758</load_address>
         <run_address>0x2758</run_address>
         <size>0x3c</size>
         <input_file_ref idref="fl-3f"/>
      </object_component>
      <object_component id="oc-11d">
         <name>.debug_line</name>
         <load_address>0x2794</load_address>
         <run_address>0x2794</run_address>
         <size>0x40</size>
         <input_file_ref idref="fl-40"/>
      </object_component>
      <object_component id="oc-123">
         <name>.debug_line</name>
         <load_address>0x27d4</load_address>
         <run_address>0x27d4</run_address>
         <size>0xd7</size>
         <input_file_ref idref="fl-41"/>
      </object_component>
      <object_component id="oc-12a">
         <name>.debug_line</name>
         <load_address>0x28ab</load_address>
         <run_address>0x28ab</run_address>
         <size>0x112</size>
         <input_file_ref idref="fl-42"/>
      </object_component>
      <object_component id="oc-12e">
         <name>.debug_line</name>
         <load_address>0x29bd</load_address>
         <run_address>0x29bd</run_address>
         <size>0x3d</size>
         <input_file_ref idref="fl-43"/>
      </object_component>
      <object_component id="oc-132">
         <name>.debug_line</name>
         <load_address>0x29fa</load_address>
         <run_address>0x29fa</run_address>
         <size>0x39</size>
         <input_file_ref idref="fl-44"/>
      </object_component>
      <object_component id="oc-19">
         <name>.debug_abbrev</name>
         <load_address>0x0</load_address>
         <run_address>0x0</run_address>
         <size>0x14c</size>
         <input_file_ref idref="fl-2"/>
      </object_component>
      <object_component id="oc-1f">
         <name>.debug_abbrev</name>
         <load_address>0x14c</load_address>
         <run_address>0x14c</run_address>
         <size>0x147</size>
         <input_file_ref idref="fl-3"/>
      </object_component>
      <object_component id="oc-25">
         <name>.debug_abbrev</name>
         <load_address>0x293</load_address>
         <run_address>0x293</run_address>
         <size>0xfd</size>
         <input_file_ref idref="fl-4"/>
      </object_component>
      <object_component id="oc-2a">
         <name>.debug_abbrev</name>
         <load_address>0x390</load_address>
         <run_address>0x390</run_address>
         <size>0xf4</size>
         <input_file_ref idref="fl-5"/>
      </object_component>
      <object_component id="oc-32">
         <name>.debug_abbrev</name>
         <load_address>0x484</load_address>
         <run_address>0x484</run_address>
         <size>0x121</size>
         <input_file_ref idref="fl-6"/>
      </object_component>
      <object_component id="oc-39">
         <name>.debug_abbrev</name>
         <load_address>0x5a5</load_address>
         <run_address>0x5a5</run_address>
         <size>0x174</size>
         <input_file_ref idref="fl-7"/>
      </object_component>
      <object_component id="oc-40">
         <name>.debug_abbrev</name>
         <load_address>0x719</load_address>
         <run_address>0x719</run_address>
         <size>0xf5</size>
         <input_file_ref idref="fl-8"/>
      </object_component>
      <object_component id="oc-45">
         <name>.debug_abbrev</name>
         <load_address>0x80e</load_address>
         <run_address>0x80e</run_address>
         <size>0x87</size>
         <input_file_ref idref="fl-9"/>
      </object_component>
      <object_component id="oc-4a">
         <name>.debug_abbrev</name>
         <load_address>0x895</load_address>
         <run_address>0x895</run_address>
         <size>0xe7</size>
         <input_file_ref idref="fl-a"/>
      </object_component>
      <object_component id="oc-4f">
         <name>.debug_abbrev</name>
         <load_address>0x97c</load_address>
         <run_address>0x97c</run_address>
         <size>0x87</size>
         <input_file_ref idref="fl-b"/>
      </object_component>
      <object_component id="oc-56">
         <name>.debug_abbrev</name>
         <load_address>0xa03</load_address>
         <run_address>0xa03</run_address>
         <size>0xe0</size>
         <input_file_ref idref="fl-c"/>
      </object_component>
      <object_component id="oc-5b">
         <name>.debug_abbrev</name>
         <load_address>0xae3</load_address>
         <run_address>0xae3</run_address>
         <size>0xdc</size>
         <input_file_ref idref="fl-d"/>
      </object_component>
      <object_component id="oc-5f">
         <name>.debug_abbrev</name>
         <load_address>0xbbf</load_address>
         <run_address>0xbbf</run_address>
         <size>0x2c</size>
         <input_file_ref idref="fl-13"/>
      </object_component>
      <object_component id="oc-64">
         <name>.debug_abbrev</name>
         <load_address>0xbeb</load_address>
         <run_address>0xbeb</run_address>
         <size>0x2c</size>
         <input_file_ref idref="fl-14"/>
      </object_component>
      <object_component id="oc-6a">
         <name>.debug_abbrev</name>
         <load_address>0xc17</load_address>
         <run_address>0xc17</run_address>
         <size>0x23e</size>
         <input_file_ref idref="fl-16"/>
      </object_component>
      <object_component id="oc-6e">
         <name>.debug_abbrev</name>
         <load_address>0xe55</load_address>
         <run_address>0xe55</run_address>
         <size>0x3a</size>
         <input_file_ref idref="fl-17"/>
      </object_component>
      <object_component id="oc-75">
         <name>.debug_abbrev</name>
         <load_address>0xe8f</load_address>
         <run_address>0xe8f</run_address>
         <size>0xf7</size>
         <input_file_ref idref="fl-18"/>
      </object_component>
      <object_component id="oc-79">
         <name>.debug_abbrev</name>
         <load_address>0xf86</load_address>
         <run_address>0xf86</run_address>
         <size>0x145</size>
         <input_file_ref idref="fl-19"/>
      </object_component>
      <object_component id="oc-7d">
         <name>.debug_abbrev</name>
         <load_address>0x10cb</load_address>
         <run_address>0x10cb</run_address>
         <size>0x26</size>
         <input_file_ref idref="fl-1a"/>
      </object_component>
      <object_component id="oc-83">
         <name>.debug_abbrev</name>
         <load_address>0x10f1</load_address>
         <run_address>0x10f1</run_address>
         <size>0x9f</size>
         <input_file_ref idref="fl-1b"/>
      </object_component>
      <object_component id="oc-89">
         <name>.debug_abbrev</name>
         <load_address>0x1190</load_address>
         <run_address>0x1190</run_address>
         <size>0x1f8</size>
         <input_file_ref idref="fl-1c"/>
      </object_component>
      <object_component id="oc-8d">
         <name>.debug_abbrev</name>
         <load_address>0x1388</load_address>
         <run_address>0x1388</run_address>
         <size>0xec</size>
         <input_file_ref idref="fl-1d"/>
      </object_component>
      <object_component id="oc-91">
         <name>.debug_abbrev</name>
         <load_address>0x1474</load_address>
         <run_address>0x1474</run_address>
         <size>0xd5</size>
         <input_file_ref idref="fl-1e"/>
      </object_component>
      <object_component id="oc-95">
         <name>.debug_abbrev</name>
         <load_address>0x1549</load_address>
         <run_address>0x1549</run_address>
         <size>0x44</size>
         <input_file_ref idref="fl-1f"/>
      </object_component>
      <object_component id="oc-99">
         <name>.debug_abbrev</name>
         <load_address>0x158d</load_address>
         <run_address>0x158d</run_address>
         <size>0xb7</size>
         <input_file_ref idref="fl-20"/>
      </object_component>
      <object_component id="oc-9b">
         <name>.debug_abbrev</name>
         <load_address>0x1644</load_address>
         <run_address>0x1644</run_address>
         <size>0x68</size>
         <input_file_ref idref="fl-21"/>
      </object_component>
      <object_component id="oc-9f">
         <name>.debug_abbrev</name>
         <load_address>0x16ac</load_address>
         <run_address>0x16ac</run_address>
         <size>0x83</size>
         <input_file_ref idref="fl-22"/>
      </object_component>
      <object_component id="oc-a3">
         <name>.debug_abbrev</name>
         <load_address>0x172f</load_address>
         <run_address>0x172f</run_address>
         <size>0x112</size>
         <input_file_ref idref="fl-23"/>
      </object_component>
      <object_component id="oc-a7">
         <name>.debug_abbrev</name>
[...]
         <value>0x255c6</value>
         <object_component_ref idref="oc-50"/>
      </symbol>
      <symbol id="sm-243">
         <name>_USBSTK5515_I2C_write</name>
         <value>0x25537</value>
         <object_component_ref idref="oc-50"/>
      </symbol>
      <symbol id="sm-244">
         <name>_USBSTK5515_I2C_reset</name>
         <value>0x25529</value>
         <object_component_ref idref="oc-50"/>
      </symbol>
      <symbol id="sm-245">
         <name>_USBSTK5515_I2C_init</name>
         <value>0x25501</value>
         <object_component_ref idref="oc-50"/>
      </symbol>
      <symbol id="sm-262">
         <name>_USBSTK5515_ULED_toggle</name>
         <value>0x250a0</value>
         <object_component_ref idref="oc-57"/>
      </symbol>
      <symbol id="sm-263">
         <name>_USBSTK5515_LED_on</name>
         <value>0x24f27</value>
         <object_component_ref idref="oc-57"/>
      </symbol>
      <symbol id="sm-264">
         <name>_USBSTK5515_LED_off</name>
         <value>0x24f38</value>
         <object_component_ref idref="oc-57"/>
      </symbol>
      <symbol id="sm-265">
         <name>_USBSTK5515_ULED_on</name>
         <value>0x25038</value>
         <object_component_ref idref="oc-57"/>
      </symbol>
      <symbol id="sm-266">
         <name>_USBSTK5515_ULED_off</name>
         <value>0x2506d</value>
         <object_component_ref idref="oc-57"/>
      </symbol>
      <symbol id="sm-267">
         <name>_USBSTK5515_ULED_getall</name>
         <value>0x24f78</value>
         <object_component_ref idref="oc-57"/>
      </symbol>
      <symbol id="sm-268">
         <name>_USBSTK5515_ULED_setall</name>
         <value>0x24fca</value>
         <object_component_ref idref="oc-57"/>
      </symbol>
      <symbol id="sm-269">
         <name>_USBSTK5515_ULED_init</name>
         <value>0x24f49</value>
         <object_component_ref idref="oc-57"/>
      </symbol>
      <symbol id="sm-26a">
         <name>_USBSTK5515_LED_init</name>
         <value>0x24f1c</value>
         <object_component_ref idref="oc-57"/>
      </symbol>
      <symbol id="sm-283">
         <name>_cbrev</name>
         <value>0x2586d</value>
         <object_component_ref idref="oc-5c"/>
      </symbol>
      <symbol id="sm-2a6">
         <name>_cfft_SCALE</name>
         <value>0x24b44</value>
         <object_component_ref idref="oc-60"/>
      </symbol>
      <symbol id="sm-2aa">
         <name>twiddle</name>
         <value>0x693c</value>
         <object_component_ref idref="oc-65"/>
      </symbol>
      <symbol id="sm-2cf">
         <name>_PLL_reset</name>
         <value>0x23f3b</value>
         <object_component_ref idref="oc-66"/>
      </symbol>
      <symbol id="sm-2d0">
         <name>_PLL_bypass</name>
         <value>0x23eec</value>
         <object_component_ref idref="oc-66"/>
      </symbol>
      <symbol id="sm-2d1">
         <name>_PLL_enable</name>
         <value>0x23e85</value>
         <object_component_ref idref="oc-66"/>
      </symbol>
      <symbol id="sm-2d2">
         <name>_PLL_config</name>
         <value>0x23d5c</value>
         <object_component_ref idref="oc-66"/>
      </symbol>
      <symbol id="sm-2d3">
         <name>_PLL_init</name>
         <value>0x23d24</value>
         <object_component_ref idref="oc-66"/>
      </symbol>
      <symbol id="sm-2df">
         <name>__sysstack</name>
         <value>0x20c0</value>
         <object_component_ref idref="oc-134"/>
      </symbol>
      <symbol id="sm-2e0">
         <name>_c_int00</name>
         <value>0x26387</value>
         <object_component_ref idref="oc-10"/>
      </symbol>
      <symbol id="sm-2e1">
         <name>__stack</name>
         <value>0xc0</value>
         <object_component_ref idref="oc-6b"/>
      </symbol>
      <symbol id="sm-2f1">
         <name>C$$EXIT</name>
         <value>0x264bb</value>
         <object_component_ref idref="oc-73"/>
      </symbol>
      <symbol id="sm-2f2">
         <name>_exit</name>
         <value>0x26349</value>
         <object_component_ref idref="oc-6f"/>
      </symbol>
      <symbol id="sm-2f3">
         <name>_abort</name>
         <value>0x264ba</value>
         <object_component_ref idref="oc-73"/>
      </symbol>
      <symbol id="sm-2f4">
         <name>__cleanup_ptr</name>
         <value>0x5df4</value>
         <object_component_ref idref="oc-70"/>
      </symbol>
      <symbol id="sm-2f5">
         <name>__dtors_ptr</name>
         <value>0x5df8</value>
         <object_component_ref idref="oc-70"/>
      </symbol>
      <symbol id="sm-2ff">
         <name>_printf</name>
         <value>0x261d2</value>
         <object_component_ref idref="oc-76"/>
      </symbol>
      <symbol id="sm-309">
         <name>_Reset</name>
         <value>0x4fe00</value>
         <object_component_ref idref="oc-11"/>
      </symbol>
      <symbol id="sm-317">
         <name>__unlock</name>
         <value>0x5df0</value>
         <object_component_ref idref="oc-7f"/>
      </symbol>
      <symbol id="sm-318">
         <name>__lock</name>
         <value>0x5dec</value>
         <object_component_ref idref="oc-7f"/>
      </symbol>
      <symbol id="sm-319">
         <name>__register_lock</name>
         <value>0x26496</value>
         <object_component_ref idref="oc-7e"/>
      </symbol>
      <symbol id="sm-31a">
         <name>__nop</name>
         <value>0x2649e</value>
         <object_component_ref idref="oc-7e"/>
      </symbol>
      <symbol id="sm-31b">
         <name>__register_unlock</name>
         <value>0x2648e</value>
         <object_component_ref idref="oc-7e"/>
      </symbol>
      <symbol id="sm-32d">
         <name>__printfi</name>
         <value>0x21315</value>
         <object_component_ref idref="oc-84"/>
      </symbol>
      <symbol id="sm-337">
         <name>__args_main</name>
         <value>0x262b8</value>
         <object_component_ref idref="oc-8a"/>
      </symbol>
      <symbol id="sm-338">
         <name>__TI_args_main</name>
         <value>0x1</value>
      </symbol>
      <symbol id="sm-342">
         <name>_atoi</name>
         <value>0x260cf</value>
         <object_component_ref idref="oc-8e"/>
      </symbol>
      <symbol id="sm-34a">
         <name>_auto_init</name>
         <value>0x26220</value>
         <object_component_ref idref="oc-92"/>
      </symbol>
      <symbol id="sm-354">
         <name>__eqld</name>
         <value>0x24e90</value>
         <object_component_ref idref="oc-96"/>
      </symbol>
      <symbol id="sm-355">
         <name>__cmpd</name>
         <value>0x24ec4</value>
         <object_component_ref idref="oc-96"/>
      </symbol>
      <symbol id="sm-356">
         <name>__neqd</name>
         <value>0x24d32</value>
         <object_component_ref idref="oc-96"/>
      </symbol>
      <symbol id="sm-357">
         <name>__gtrd</name>
         <value>0x24dfb</value>
         <object_component_ref idref="oc-96"/>
      </symbol>
      <symbol id="sm-358">
         <name>__geqd</name>
         <value>0x24e46</value>
         <object_component_ref idref="oc-96"/>
      </symbol>
      <symbol id="sm-359">
         <name>__leqd</name>
         <value>0x24dae</value>
         <object_component_ref idref="oc-96"/>
      </symbol>
      <symbol id="sm-35a">
         <name>__lssd</name>
         <value>0x24d66</value>
         <object_component_ref idref="oc-96"/>
      </symbol>
      <symbol id="sm-362">
         <name>__ctypes_</name>
         <value>0x6554</value>
         <object_component_ref idref="oc-135"/>
      </symbol>
      <symbol id="sm-36c">
         <name>__tmpnams</name>
         <value>0x5988</value>
         <object_component_ref idref="oc-9c"/>
      </symbol>
      <symbol id="sm-36d">
         <name>__ft_end</name>
         <value>0x5ac8</value>
         <object_component_ref idref="oc-9c"/>
      </symbol>
      <symbol id="sm-36e">
         <name>__ftable</name>
         <value>0x5898</value>
         <object_component_ref idref="oc-9c"/>
      </symbol>
      <symbol id="sm-37a">
         <name>__divd</name>
         <value>0x2333d</value>
         <object_component_ref idref="oc-a0"/>
      </symbol>
      <symbol id="sm-385">
         <name>__divul</name>
         <value>0x25c3f</value>
         <object_component_ref idref="oc-a4"/>
      </symbol>
      <symbol id="sm-38f">
         <name>__fixdi</name>
         <value>0x263bb</value>
         <object_component_ref idref="oc-a8"/>
      </symbol>
      <symbol id="sm-399">
         <name>__fixdli</name>
         <value>0x25f27</value>
         <object_component_ref idref="oc-ac"/>
      </symbol>
      <symbol id="sm-3a5">
         <name>__fltlid</name>
         <value>0x26068</value>
         <object_component_ref idref="oc-b0"/>
      </symbol>
      <symbol id="sm-3af">
         <name>_putchar</name>
         <value>0x25c30</value>
         <object_component_ref idref="oc-b5"/>
      </symbol>
      <symbol id="sm-3b0">
         <name>_putc</name>
         <value>0x25b9d</value>
         <object_component_ref idref="oc-b5"/>
      </symbol>
      <symbol id="sm-3b1">
         <name>_fputc</name>
         <value>0x25b9d</value>
         <object_component_ref idref="oc-b5"/>
      </symbol>
      <symbol id="sm-3bd">
         <name>_puts</name>
         <value>0x25234</value>
         <object_component_ref idref="oc-b9"/>
      </symbol>
      <symbol id="sm-3be">
         <name>_fputs</name>
         <value>0x250e5</value>
         <object_component_ref idref="oc-b9"/>
      </symbol>
      <symbol id="sm-3c8">
         <name>__frcmpyd_div</name>
         <value>0x25e44</value>
         <object_component_ref idref="oc-be"/>
      </symbol>
      <symbol id="sm-3d2">
         <name>___isinf</name>
         <value>0x2644d</value>
         <object_component_ref idref="oc-c2"/>
      </symbol>
      <symbol id="sm-3dc">
         <name>__divull</name>
         <value>0x245a3</value>
         <object_component_ref idref="oc-c6"/>
      </symbol>
      <symbol id="sm-3dd">
         <name>__mpylli</name>
         <value>0x244ec</value>
         <object_component_ref idref="oc-c6"/>
      </symbol>
      <symbol id="sm-3de">
         <name>__remlli</name>
         <value>0x244bd</value>
         <object_component_ref idref="oc-c6"/>
      </symbol>
      <symbol id="sm-3df">
         <name>__divlli</name>
         <value>0x24697</value>
         <object_component_ref idref="oc-c6"/>
      </symbol>
      <symbol id="sm-3e0">
         <name>__remull</name>
         <value>0x2446f</value>
         <object_component_ref idref="oc-c6"/>
      </symbol>
      <symbol id="sm-3e8">
         <name>__mpyli</name>
         <value>0x2647b</value>
         <object_component_ref idref="oc-ca"/>
      </symbol>
      <symbol id="sm-3e9">
         <name>I$$LMPY</name>
         <value>0x2647b</value>
         <object_component_ref idref="oc-ca"/>
      </symbol>
      <symbol id="sm-3fa">
         <name>_add_device</name>
         <value>0x23255</value>
         <object_component_ref idref="oc-ce"/>
      </symbol>
      <symbol id="sm-3fb">
         <name>_rename</name>
         <value>0x22f86</value>
         <object_component_ref idref="oc-ce"/>
      </symbol>
      <symbol id="sm-3fc">
         <name>_read</name>
         <value>0x23011</value>
         <object_component_ref idref="oc-ce"/>
      </symbol>
      <symbol id="sm-3fd">
         <name>_unlink</name>
         <value>0x22f52</value>
         <object_component_ref idref="oc-ce"/>
      </symbol>
      <symbol id="sm-3fe">
         <name>_remove_device</name>
         <value>0x22fdd</value>
         <object_component_ref idref="oc-ce"/>
      </symbol>
      <symbol id="sm-3ff">
         <name>_open</name>
         <value>0x230bb</value>
         <object_component_ref idref="oc-ce"/>
      </symbol>
      <symbol id="sm-400">
         <name>_find_registered_device</name>
         <value>0x231dc</value>
         <object_component_ref idref="oc-ce"/>
      </symbol>
      <symbol id="sm-401">
         <name>_lseek</name>
         <value>0x23178</value>
         <object_component_ref idref="oc-ce"/>
      </symbol>
      <symbol id="sm-402">
         <name>_close</name>
         <value>0x231e5</value>
         <object_component_ref idref="oc-ce"/>
      </symbol>
      <symbol id="sm-403">
         <name>_write</name>
         <value>0x22e25</value>
         <object_component_ref idref="oc-ce"/>
      </symbol>
      <symbol id="sm-40d">
         <name>_ltoa</name>
         <value>0x25cdf</value>
         <object_component_ref idref="oc-d4"/>
      </symbol>
      <symbol id="sm-418">
         <name>_memccpy</name>
         <value>0x2640f</value>
         <object_component_ref idref="oc-d8"/>
      </symbol>
      <symbol id="sm-422">
         <name>_memcpy</name>
         <value>0x26128</value>
         <object_component_ref idref="oc-dc"/>
      </symbol>
      <symbol id="sm-42c">
         <name>__mpyd</name>
         <value>0x253b6</value>
         <object_component_ref idref="oc-e0"/>
      </symbol>
      <symbol id="sm-436">
         <name>__negd</name>
         <value>0x264a0</value>
         <object_component_ref idref="oc-e4"/>
      </symbol>
      <symbol id="sm-440">
         <name>__remli</name>
         <value>0x2626d</value>
         <object_component_ref idref="oc-e8"/>
      </symbol>
      <symbol id="sm-44b">
         <name>__remul</name>
         <value>0x25eb7</value>
         <object_component_ref idref="oc-ec"/>
      </symbol>
      <symbol id="sm-455">
         <name>__subd</name>
         <value>0x26467</value>
         <object_component_ref idref="oc-f0"/>
      </symbol>
      <symbol id="sm-461">
         <name>_HOSTopen</name>
         <value>0x221b1</value>
         <object_component_ref idref="oc-f4"/>
      </symbol>
      <symbol id="sm-462">
         <name>_HOSTread</name>
         <value>0x22126</value>
         <object_component_ref idref="oc-f4"/>
      </symbol>
      <symbol id="sm-463">
         <name>_HOSTtime</name>
         <value>0x2200f</value>
         <object_component_ref idref="oc-f4"/>
      </symbol>
      <symbol id="sm-464">
         <name>_getenv</name>
         <value>0x21e98</value>
         <object_component_ref idref="oc-f4"/>
      </symbol>
      <symbol id="sm-465">
         <name>_HOSTrename</name>
         <value>0x2206d</value>
         <object_component_ref idref="oc-f4"/>
      </symbol>
      <symbol id="sm-466">
         <name>_HOSTclock</name>
         <value>0x22372</value>
         <object_component_ref idref="oc-f4"/>
      </symbol>
      <symbol id="sm-467">
         <name>_HOSTwrite</name>
         <value>0x21f18</value>
         <object_component_ref idref="oc-f4"/>
      </symbol>
      <symbol id="sm-468">
         <name>_HOSTlseek</name>
         <value>0x22252</value>
         <object_component_ref idref="oc-f4"/>
      </symbol>
      <symbol id="sm-469">
         <name>_HOSTunlink</name>
         <value>0x21fa3</value>
         <object_component_ref idref="oc-f4"/>
      </symbol>
      <symbol id="sm-46a">
         <name>_HOSTclose</name>
         <value>0x22307</value>
         <object_component_ref idref="oc-f4"/>
      </symbol>
      <symbol id="sm-47c">
         <name>C$$IO$$</name>
         <value>0x25ade</value>
         <object_component_ref idref="oc-fc"/>
      </symbol>
      <symbol id="sm-47d">
         <name>__CIOBUF_</name>
         <value>0x40738</value>
         <object_component_ref idref="oc-fb"/>
      </symbol>
      <symbol id="sm-47e">
         <name>_readmsg</name>
         <value>0x25f95</value>
         <object_component_ref idref="oc-f9"/>
      </symbol>
      <symbol id="sm-47f">
         <name>_writemsg</name>
         <value>0x25a25</value>
         <object_component_ref idref="oc-fc"/>
      </symbol>
      <symbol id="sm-487">
         <name>__remu</name>
         <value>0x263fa</value>
         <object_component_ref idref="oc-ff"/>
      </symbol>
      <symbol id="sm-488">
         <name>__divu</name>
         <value>0x263e5</value>
         <object_component_ref idref="oc-ff"/>
      </symbol>
      <symbol id="sm-489">
         <name>I$$UMOD</name>
         <value>0x263fa</value>
         <object_component_ref idref="oc-ff"/>
      </symbol>
      <symbol id="sm-48a">
         <name>I$$UDIV</name>
         <value>0x263e5</value>
         <object_component_ref idref="oc-ff"/>
      </symbol>
      <symbol id="sm-494">
         <name>__rd_ok</name>
         <value>0x259c8</value>
         <object_component_ref idref="oc-103"/>
      </symbol>
      <symbol id="sm-495">
         <name>__wrt_ok</name>
         <value>0x2594b</value>
         <object_component_ref idref="oc-103"/>
      </symbol>
      <symbol id="sm-49f">
         <name>__addd</name>
         <value>0x246cb</value>
         <object_component_ref idref="oc-107"/>
      </symbol>
      <symbol id="sm-4a9">
         <name>__divli</name>
         <value>0x26301</value>
         <object_component_ref idref="oc-10b"/>
      </symbol>
      <symbol id="sm-4b3">
         <name>__doflush</name>
         <value>0x25ae3</value>
         <object_component_ref idref="oc-10f"/>
      </symbol>
      <symbol id="sm-4b4">
         <name>_fflush</name>
         <value>0x25b45</value>
         <object_component_ref idref="oc-10f"/>
      </symbol>
      <symbol id="sm-4be">
         <name>__frcmpyd</name>
         <value>0x25dce</value>
         <object_component_ref idref="oc-113"/>
      </symbol>
      <symbol id="sm-4c8">
         <name>_fseek</name>
         <value>0x26000</value>
         <object_component_ref idref="oc-117"/>
      </symbol>
      <symbol id="sm-4d2">
         <name>_setvbuf</name>
         <value>0x2577a</value>
         <object_component_ref idref="oc-11b"/>
      </symbol>
      <symbol id="sm-4e1">
         <name>__cleanup</name>
         <value>0x240bc</value>
         <object_component_ref idref="oc-11f"/>
      </symbol>
      <symbol id="sm-4e2">
         <name>_fopen</name>
         <value>0x241da</value>
         <object_component_ref idref="oc-11f"/>
      </symbol>
      <symbol id="sm-4e3">
         <name>_freopen</name>
         <value>0x24114</value>
         <object_component_ref idref="oc-11f"/>
      </symbol>
      <symbol id="sm-4f3">
         <name>__sys_memory</name>
         <value>0x30c0</value>
         <object_component_ref idref="oc-129"/>
      </symbol>
      <symbol id="sm-4f4">
         <name>_chkheap</name>
         <value>0x228af</value>
         <object_component_ref idref="oc-125"/>
      </symbol>
      <symbol id="sm-4f5">
         <name>_realloc</name>
         <value>0x22615</value>
         <object_component_ref idref="oc-125"/>
      </symbol>
      <symbol id="sm-4f6">
         <name>_free_memory</name>
         <value>0x22848</value>
         <object_component_ref idref="oc-125"/>
      </symbol>
      <symbol id="sm-4f7">
         <name>_max_free</name>
         <value>0x227de</value>
         <object_component_ref idref="oc-125"/>
      </symbol>
      <symbol id="sm-4f8">
         <name>_free</name>
         <value>0x223d0</value>
         <object_component_ref idref="oc-125"/>
      </symbol>
      <symbol id="sm-4f9">
         <name>_calloc</name>
         <value>0x228b7</value>
         <object_component_ref idref="oc-125"/>
      </symbol>
      <symbol id="sm-4fa">
         <name>_malloc</name>
         <value>0x22514</value>
         <object_component_ref idref="oc-125"/>
      </symbol>
      <symbol id="sm-4fb">
         <name>_minit</name>
         <value>0x224a2</value>
         <object_component_ref idref="oc-125"/>
      </symbol>
      <symbol id="sm-505">
         <name>_fclose</name>
         <value>0x25d58</value>
         <object_component_ref idref="oc-12c"/>
      </symbol>
      <symbol id="sm-50f">
         <name>_remove</name>
         <value>0x264b0</value>
         <object_component_ref idref="oc-130"/>
      </symbol>
   </symbol_table>
</link_info>
