<?xml version="1.0"?>
<link_info>
   <banner>TMS320C55x Linker PC v4.4.1</banner>
   <copyright>Copyright (c) 1996-2012 Texas Instruments Incorporated</copyright>
   <link_time>0x6738ce97</link_time>
   <output_file>DTMF decoder.out</output_file>
   <entry_point>
      <name>_c_int00</name>
      <address>0x26b25</address>
   </entry_point>
   <input_file_list>
      <input_file id="fl-2">
         <path>.\</path>
         <kind>object</kind>
         <file>PLL.obj</file>
         <name>PLL.obj</name>
      </input_file>
      <input_file id="fl-3">
         <path>.\</path>
         <kind>object</kind>
         <file>aic3204.obj</file>
         <name>aic3204.obj</name>
      </input_file>
      <input_file id="fl-4">
         <path>.\</path>
         <kind>object</kind>
         <file>aic3204_init.obj</file>
         <name>aic3204_init.obj</name>
      </input_file>
      <input_file id="fl-5">
         <path>.\</path>
         <kind>object</kind>
         <file>bargraph5515.obj</file>
         <name>bargraph5515.obj</name>
      </input_file>
      <input_file id="fl-6">
         <path>.\</path>
         <kind>object</kind>
         <file>main.obj</file>
         <name>main.obj</name>
      </input_file>
      <input_file id="fl-7">
         <path>.\</path>
         <kind>object</kind>
         <file>oled5515.obj</file>
         <name>oled5515.obj</name>
      </input_file>
      <input_file id="fl-8">
         <path>.\</path>
         <kind>object</kind>
         <file>pushbuttons5515.obj</file>
         <name>pushbuttons5515.obj</name>
      </input_file>
      <input_file id="fl-9">
         <path>.\</path>
         <kind>object</kind>
         <file>stereo.obj</file>
         <name>stereo.obj</name>
      </input_file>
      <input_file id="fl-a">
         <path>.\</path>
         <kind>object</kind>
         <file>usbstk5515.obj</file>
         <name>usbstk5515.obj</name>
      </input_file>
      <input_file id="fl-b">
         <path>.\</path>
         <kind>object</kind>
         <file>usbstk5515_gpio.obj</file>
         <name>usbstk5515_gpio.obj</name>
      </input_file>
      <input_file id="fl-c">
         <path>.\</path>
         <kind>object</kind>
         <file>usbstk5515_i2c.obj</file>
         <name>usbstk5515_i2c.obj</name>
      </input_file>
      <input_file id="fl-d">
         <path>.\</path>
         <kind>object</kind>
         <file>usbstk5515_led.obj</file>
         <name>usbstk5515_led.obj</name>
      </input_file>
      <input_file id="fl-13">
         <path>..\</path>
         <kind>archive</kind>
         <file>CSLc55x5h.lib</file>
         <name>csl_pll.obj</name>
      </input_file>
      <input_file id="fl-14">
         <path>C:\ti\ccs1281\ccs\tools\compiler\c5500_4.4.1\lib\</path>
         <kind>archive</kind>
         <file>rts55h.lib</file>
         <name>addd.obj</name>
      </input_file>
      <input_file id="fl-15">
         <path>C:\ti\ccs1281\ccs\tools\compiler\c5500_4.4.1\lib\</path>
         <kind>archive</kind>
         <file>rts55h.lib</file>
         <name>boot.obj</name>
      </input_file>
      <input_file id="fl-16">
         <path>C:\ti\ccs1281\ccs\tools\compiler\c5500_4.4.1\lib\</path>
         <kind>archive</kind>
         <file>rts55h.lib</file>
         <name>cmpd.obj</name>
      </input_file>
      <input_file id="fl-17">
         <path>C:\ti\ccs1281\ccs\tools\compiler\c5500_4.4.1\lib\</path>
         <kind>archive</kind>
         <file>rts55h.lib</file>
         <name>cos.obj</name>
      </input_file>
      <input_file id="fl-18">
         <path>C:\ti\ccs1281\ccs\tools\compiler\c5500_4.4.1\lib\</path>
         <kind>archive</kind>
         <file>rts55h.lib</file>
         <name>divd.obj</name>
      </input_file>
      <input_file id="fl-19">
         <path>C:\ti\ccs1281\ccs\tools\compiler\c5500_4.4.1\lib\</path>
         <kind>archive</kind>
         <file>rts55h.lib</file>
         <name>exit.obj</name>
      </input_file>
      <input_file id="fl-1a">
         <path>C:\ti\ccs1281\ccs\tools\compiler\c5500_4.4.1\lib\</path>
         <kind>archive</kind>
         <file>rts55h.lib</file>
         <name>fixdi.obj</name>
      </input_file>
      <input_file id="fl-1b">
         <path>C:\ti\ccs1281\ccs\tools\compiler\c5500_4.4.1\lib\</path>
         <kind>archive</kind>
         <file>rts55h.lib</file>
         <name>fixdli.obj</name>
      </input_file>
      <input_file id="fl-1c">
         <path>C:\ti\ccs1281\ccs\tools\compiler\c5500_4.4.1\lib\</path>
         <kind>archive</kind>
         <file>rts55h.lib</file>
         <name>fltid.obj</name>
      </input_file>
      <input_file id="fl-1d">
         <path>C:\ti\ccs1281\ccs\tools\compiler\c5500_4.4.1\lib\</path>
         <kind>archive</kind>
         <file>rts55h.lib</file>
         <name>fltlid.obj</name>
      </input_file>
      <input_file id="fl-1e">
         <path>C:\ti\ccs1281\ccs\tools\compiler\c5500_4.4.1\lib\</path>
         <kind>archive</kind>
         <file>rts55h.lib</file>
         <name>fputs.obj</name>
      </input_file>
      <input_file id="fl-1f">
         <path>C:\ti\ccs1281\ccs\tools\compiler\c5500_4.4.1\lib\</path>
         <kind>archive</kind>
         <file>rts55h.lib</file>
         <name>frcmpyd_div.obj</name>
      </input_file>
      <input_file id="fl-20">
         <path>C:\ti\ccs1281\ccs\tools\compiler\c5500_4.4.1\lib\</path>
         <kind>archive</kind>
         <file>rts55h.lib</file>
         <name>lmpy.obj</name>
      </input_file>
      <input_file id="fl-21">
         <path>C:\ti\ccs1281\ccs\tools\compiler\c5500_4.4.1\lib\</path>
         <kind>archive</kind>
         <file>rts55h.lib</file>
         <name>lowlev.obj</name>
      </input_file>
      <input_file id="fl-22">
         <path>C:\ti\ccs1281\ccs\tools\compiler\c5500_4.4.1\lib\</path>
         <kind>archive</kind>
         <file>rts55h.lib</file>
         <name>memcpy.obj</name>
      </input_file>
      <input_file id="fl-23">
         <path>C:\ti\ccs1281\ccs\tools\compiler\c5500_4.4.1\lib\</path>
         <kind>archive</kind>
         <file>rts55h.lib</file>
         <name>modf.obj</name>
      </input_file>
      <input_file id="fl-24">
         <path>C:\ti\ccs1281\ccs\tools\compiler\c5500_4.4.1\lib\</path>
         <kind>archive</kind>
         <file>rts55h.lib</file>
         <name>mpyd.obj</name>
      </input_file>
      <input_file id="fl-25">
         <path>C:\ti\ccs1281\ccs\tools\compiler\c5500_4.4.1\lib\</path>
         <kind>archive</kind>
         <file>rts55h.lib</file>
         <name>negd.obj</name>
      </input_file>
      <input_file id="fl-26">
         <path>C:\ti\ccs1281\ccs\tools\compiler\c5500_4.4.1\lib\</path>
         <kind>archive</kind>
         <file>rts55h.lib</file>
         <name>printf.obj</name>
      </input_file>
      <input_file id="fl-27">
         <path>C:\ti\ccs1281\ccs\tools\compiler\c5500_4.4.1\lib\</path>
         <kind>archive</kind>
         <file>rts55h.lib</file>
         <name>round.obj</name>
      </input_file>
      <input_file id="fl-28">
         <path>C:\ti\ccs1281\ccs\tools\compiler\c5500_4.4.1\lib\</path>
         <kind>archive</kind>
         <file>rts55h.lib</file>
         <name>sin.obj</name>
      </input_file>
      <input_file id="fl-29">
         <path>C:\ti\ccs1281\ccs\tools\compiler\c5500_4.4.1\lib\</path>
         <kind>archive</kind>
         <file>rts55h.lib</file>
         <name>subd.obj</name>
      </input_file>
      <input_file id="fl-2a">
         <path>C:\ti\ccs1281\ccs\tools\compiler\c5500_4.4.1\lib\</path>
         <kind>archive</kind>
         <file>rts55h.lib</file>
         <name>trgdrv.obj</name>
      </input_file>
      <input_file id="fl-2b">
         <path>C:\ti\ccs1281\ccs\tools\compiler\c5500_4.4.1\lib\</path>
         <kind>archive</kind>
         <file>rts55h.lib</file>
         <name>trgmsg.obj</name>
      </input_file>
      <input_file id="fl-2c">
         <path>C:\ti\ccs1281\ccs\tools\compiler\c5500_4.4.1\lib\</path>
         <kind>archive</kind>
         <file>rts55h.lib</file>
         <name>trunc.obj</name>
      </input_file>
      <input_file id="fl-2d">
         <path>C:\ti\ccs1281\ccs\tools\compiler\c5500_4.4.1\lib\</path>
         <kind>archive</kind>
         <file>rts55h.lib</file>
         <name>vectors.obj</name>
      </input_file>
      <input_file id="fl-2e">
         <path>C:\ti\ccs1281\ccs\tools\compiler\c5500_4.4.1\lib\</path>
         <kind>archive</kind>
         <file>rts55h.lib</file>
         <name>_io_perm.obj</name>
      </input_file>
      <input_file id="fl-2f">
         <path>C:\ti\ccs1281\ccs\tools\compiler\c5500_4.4.1\lib\</path>
         <kind>archive</kind>
         <file>rts55h.lib</file>
         <name>_lock.obj</name>
      </input_file>
      <input_file id="fl-30">
         <path>C:\ti\ccs1281\ccs\tools\compiler\c5500_4.4.1\lib\</path>
         <kind>archive</kind>
         <file>rts55h.lib</file>
         <name>_printfi.obj</name>
      </input_file>
      <input_file id="fl-31">
         <path>C:\ti\ccs1281\ccs\tools\compiler\c5500_4.4.1\lib\</path>
         <kind>archive</kind>
         <file>rts55h.lib</file>
         <name>args_main.obj</name>
      </input_file>
      <input_file id="fl-32">
         <path>C:\ti\ccs1281\ccs\tools\compiler\c5500_4.4.1\lib\</path>
         <kind>archive</kind>
         <file>rts55h.lib</file>
         <name>atoi.obj</name>
      </input_file>
      <input_file id="fl-33">
         <path>C:\ti\ccs1281\ccs\tools\compiler\c5500_4.4.1\lib\</path>
         <kind>archive</kind>
         <file>rts55h.lib</file>
         <name>autoinit.obj</name>
      </input_file>
      <input_file id="fl-34">
         <path>C:\ti\ccs1281\ccs\tools\compiler\c5500_4.4.1\lib\</path>
         <kind>archive</kind>
         <file>rts55h.lib</file>
         <name>ctype.obj</name>
      </input_file>
      <input_file id="fl-35">
         <path>C:\ti\ccs1281\ccs\tools\compiler\c5500_4.4.1\lib\</path>
         <kind>archive</kind>
         <file>rts55h.lib</file>
         <name>defs.obj</name>
      </input_file>
      <input_file id="fl-36">
         <path>C:\ti\ccs1281\ccs\tools\compiler\c5500_4.4.1\lib\</path>
         <kind>archive</kind>
         <file>rts55h.lib</file>
         <name>divul.obj</name>
      </input_file>
      <input_file id="fl-37">
         <path>C:\ti\ccs1281\ccs\tools\compiler\c5500_4.4.1\lib\</path>
         <kind>archive</kind>
         <file>rts55h.lib</file>
         <name>fflush.obj</name>
      </input_file>
      <input_file id="fl-38">
         <path>C:\ti\ccs1281\ccs\tools\compiler\c5500_4.4.1\lib\</path>
         <kind>archive</kind>
         <file>rts55h.lib</file>
         <name>fputc.obj</name>
      </input_file>
      <input_file id="fl-39">
         <path>C:\ti\ccs1281\ccs\tools\compiler\c5500_4.4.1\lib\</path>
         <kind>archive</kind>
         <file>rts55h.lib</file>
         <name>frcmpyd.obj</name>
      </input_file>
      <input_file id="fl-3a">
         <path>C:\ti\ccs1281\ccs\tools\compiler\c5500_4.4.1\lib\</path>
         <kind>archive</kind>
         <file>rts55h.lib</file>
         <name>fseek.obj</name>
      </input_file>
      <input_file id="fl-3b">
         <path>C:\ti\ccs1281\ccs\tools\compiler\c5500_4.4.1\lib\</path>
         <kind>archive</kind>
         <file>rts55h.lib</file>
         <name>isinf.obj</name>
      </input_file>
      <input_file id="fl-3c">
         <path>C:\ti\ccs1281\ccs\tools\compiler\c5500_4.4.1\lib\</path>
         <kind>archive</kind>
         <file>rts55h.lib</file>
         <name>llmpy.obj</name>
      </input_file>
      <input_file id="fl-3d">
         <path>C:\ti\ccs1281\ccs\tools\compiler\c5500_4.4.1\lib\</path>
         <kind>archive</kind>
         <file>rts55h.lib</file>
         <name>ltoa.obj</name>
      </input_file>
      <input_file id="fl-3e">
         <path>C:\ti\ccs1281\ccs\tools\compiler\c5500_4.4.1\lib\</path>
         <kind>archive</kind>
         <file>rts55h.lib</file>
         <name>memccpy.obj</name>
      </input_file>
      <input_file id="fl-3f">
         <path>C:\ti\ccs1281\ccs\tools\compiler\c5500_4.4.1\lib\</path>
         <kind>archive</kind>
         <file>rts55h.lib</file>
         <name>remli.obj</name>
      </input_file>
      <input_file id="fl-40">
         <path>C:\ti\ccs1281\ccs\tools\compiler\c5500_4.4.1\lib\</path>
         <kind>archive</kind>
         <file>rts55h.lib</file>
         <name>remul.obj</name>
      </input_file>
      <input_file id="fl-41">
         <path>C:\ti\ccs1281\ccs\tools\compiler\c5500_4.4.1\lib\</path>
         <kind>archive</kind>
         <file>rts55h.lib</file>
         <name>setvbuf.obj</name>
      </input_file>
      <input_file id="fl-42">
         <path>C:\ti\ccs1281\ccs\tools\compiler\c5500_4.4.1\lib\</path>
         <kind>archive</kind>
         <file>rts55h.lib</file>
         <name>udiv.obj</name>
      </input_file>
      <input_file id="fl-43">
         <path>C:\ti\ccs1281\ccs\tools\compiler\c5500_4.4.1\lib\</path>
         <kind>archive</kind>
         <file>rts55h.lib</file>
         <name>divli.obj</name>
      </input_file>
      <input_file id="fl-44">
         <path>C:\ti\ccs1281\ccs\tools\compiler\c5500_4.4.1\lib\</path>
         <kind>archive</kind>
         <file>rts55h.lib</file>
         <name>fopen.obj</name>
      </input_file>
      <input_file id="fl-45">
         <path>C:\ti\ccs1281\ccs\tools\compiler\c5500_4.4.1\lib\</path>
         <kind>archive</kind>
         <file>rts55h.lib</file>
         <name>memory.obj</name>
      </input_file>
      <input_file id="fl-46">
         <path>C:\ti\ccs1281\ccs\tools\compiler\c5500_4.4.1\lib\</path>
         <kind>archive</kind>
         <file>rts55h.lib</file>
         <name>fclose.obj</name>
      </input_file>
      <input_file id="fl-47">
         <path>C:\ti\ccs1281\ccs\tools\compiler\c5500_4.4.1\lib\</path>
         <kind>archive</kind>
         <file>rts55h.lib</file>
         <name>remove.obj</name>
      </input_file>
   </input_file_list>
   <object_component_list>
      <object_component id="oc-e7">
         <name>.text</name>
         <load_address>0x20000</load_address>
         <run_address>0x20000</run_address>
         <size>0x1533</size>
         <input_file_ref idref="fl-30"/>
      </object_component>
      <object_component id="oc-34">
         <name>.text</name>
         <load_address>0x21533</load_address>
         <run_address>0x21533</run_address>
         <size>0x965</size>
         <input_file_ref idref="fl-7"/>
      </object_component>
      <object_component id="oc-2b">
         <name>.text</name>
         <load_address>0x21e98</load_address>
         <run_address>0x21e98</run_address>
         <size>0x722</size>
         <input_file_ref idref="fl-6"/>
      </object_component>
      <object_component id="oc-c9">
         <name>.text</name>
         <load_address>0x225ba</load_address>
         <run_address>0x225ba</run_address>
         <size>0x538</size>
         <input_file_ref idref="fl-2a"/>
      </object_component>
      <object_component id="oc-13d">
         <name>.text</name>
         <load_address>0x22af2</load_address>
         <run_address>0x22af2</run_address>
         <size>0x533</size>
         <input_file_ref idref="fl-45"/>
      </object_component>
      <object_component id="oc-20">
         <name>.text</name>
         <load_address>0x23025</load_address>
         <run_address>0x23025</run_address>
         <size>0x522</size>
         <input_file_ref idref="fl-4"/>
      </object_component>
      <object_component id="oc-9e">
         <name>.text</name>
         <load_address>0x23547</load_address>
         <run_address>0x23547</run_address>
         <size>0x518</size>
         <input_file_ref idref="fl-21"/>
      </object_component>
      <object_component id="oc-75">
         <name>.text</name>
         <load_address>0x23a5f</load_address>
         <run_address>0x23a5f</run_address>
         <size>0x3c7</size>
         <input_file_ref idref="fl-18"/>
      </object_component>
      <object_component id="oc-12">
         <name>.text</name>
         <load_address>0x23e26</load_address>
         <run_address>0x23e26</run_address>
         <size>0x340</size>
         <input_file_ref idref="fl-2"/>
      </object_component>
      <object_component id="oc-3b">
         <name>.text</name>
         <load_address>0x24166</load_address>
         <run_address>0x24166</run_address>
         <size>0x2b6</size>
         <input_file_ref idref="fl-8"/>
      </object_component>
      <object_component id="oc-5d">
         <name>.text</name>
         <load_address>0x2441c</load_address>
         <run_address>0x2441c</run_address>
         <size>0x2ad</size>
         <input_file_ref idref="fl-13"/>
      </object_component>
      <object_component id="oc-137">
         <name>.text</name>
         <load_address>0x246c9</load_address>
         <run_address>0x246c9</run_address>
         <size>0x26c</size>
         <input_file_ref idref="fl-44"/>
      </object_component>
      <object_component id="oc-26">
         <name>.text</name>
         <load_address>0x24935</load_address>
         <run_address>0x24935</run_address>
         <size>0x25c</size>
         <input_file_ref idref="fl-5"/>
      </object_component>
      <object_component id="oc-117">
         <name>.text</name>
         <load_address>0x24b91</load_address>
         <run_address>0x24b91</run_address>
         <size>0x25c</size>
         <input_file_ref idref="fl-3c"/>
      </object_component>
      <object_component id="oc-62">
         <name>.text</name>
         <load_address>0x24ded</load_address>
         <run_address>0x24ded</run_address>
         <size>0x257</size>
         <input_file_ref idref="fl-14"/>
      </object_component>
      <object_component id="oc-6e">
         <name>.text</name>
         <load_address>0x25044</load_address>
         <run_address>0x25044</run_address>
         <size>0x219</size>
         <input_file_ref idref="fl-17"/>
      </object_component>
      <object_component id="oc-be">
         <name>.text</name>
         <load_address>0x2525d</load_address>
         <run_address>0x2525d</run_address>
         <size>0x1f2</size>
         <input_file_ref idref="fl-28"/>
      </object_component>
      <object_component id="oc-6a">
         <name>.text</name>
         <load_address>0x2544f</load_address>
         <run_address>0x2544f</run_address>
         <size>0x1ea</size>
         <input_file_ref idref="fl-16"/>
      </object_component>
      <object_component id="oc-58">
         <name>.text</name>
         <load_address>0x25639</load_address>
         <run_address>0x25639</run_address>
         <size>0x1c9</size>
         <input_file_ref idref="fl-d"/>
      </object_component>
      <object_component id="oc-91">
         <name>.text</name>
         <load_address>0x25802</load_address>
         <run_address>0x25802</run_address>
         <size>0x17b</size>
         <input_file_ref idref="fl-1e"/>
      </object_component>
      <object_component id="oc-4c">
         <name>.text</name>
         <load_address>0x2597d</load_address>
         <run_address>0x2597d</run_address>
         <size>0x156</size>
         <input_file_ref idref="fl-b"/>
      </object_component>
      <object_component id="oc-ad">
         <name>.text</name>
         <load_address>0x25ad3</load_address>
         <run_address>0x25ad3</run_address>
         <size>0x14b</size>
         <input_file_ref idref="fl-24"/>
      </object_component>
      <object_component id="oc-51">
         <name>.text</name>
         <load_address>0x25c1e</load_address>
         <run_address>0x25c1e</run_address>
         <size>0x13e</size>
         <input_file_ref idref="fl-c"/>
      </object_component>
      <object_component id="oc-1a">
         <name>.text</name>
         <load_address>0x25d5c</load_address>
         <run_address>0x25d5c</run_address>
         <size>0x13b</size>
         <input_file_ref idref="fl-3"/>
      </object_component>
      <object_component id="oc-12b">
         <name>.text</name>
         <load_address>0x25e97</load_address>
         <run_address>0x25e97</run_address>
         <size>0xf3</size>
         <input_file_ref idref="fl-41"/>
      </object_component>
      <object_component id="oc-dd">
         <name>.text</name>
         <load_address>0x25f8a</load_address>
         <run_address>0x25f8a</run_address>
         <size>0xda</size>
         <input_file_ref idref="fl-2e"/>
      </object_component>
      <object_component id="oc-d1">
         <name>.text:CIO_breakpoint</name>
         <load_address>0x26064</load_address>
         <run_address>0x26064</run_address>
         <size>0xbe</size>
         <input_file_ref idref="fl-2b"/>
      </object_component>
      <object_component id="oc-a8">
         <name>.text</name>
         <load_address>0x26122</load_address>
         <run_address>0x26122</run_address>
         <size>0xbd</size>
         <input_file_ref idref="fl-23"/>
      </object_component>
      <object_component id="oc-103">
         <name>.text</name>
         <load_address>0x261df</load_address>
         <run_address>0x261df</run_address>
         <size>0xba</size>
         <input_file_ref idref="fl-37"/>
      </object_component>
      <object_component id="oc-107">
         <name>.text</name>
         <load_address>0x26299</load_address>
         <run_address>0x26299</run_address>
         <size>0xa2</size>
         <input_file_ref idref="fl-38"/>
      </object_component>
      <object_component id="oc-ff">
         <name>.text</name>
         <load_address>0x2633b</load_address>
         <run_address>0x2633b</run_address>
         <size>0xa0</size>
         <input_file_ref idref="fl-36"/>
      </object_component>
      <object_component id="oc-11b">
         <name>.text</name>
         <load_address>0x263db</load_address>
         <run_address>0x263db</run_address>
         <size>0x79</size>
         <input_file_ref idref="fl-3d"/>
      </object_component>
      <object_component id="oc-144">
         <name>.text</name>
         <load_address>0x26454</load_address>
         <run_address>0x26454</run_address>
         <size>0x76</size>
         <input_file_ref idref="fl-46"/>
      </object_component>
      <object_component id="oc-10b">
         <name>.text</name>
         <load_address>0x264ca</load_address>
         <run_address>0x264ca</run_address>
         <size>0x76</size>
         <input_file_ref idref="fl-39"/>
      </object_component>
      <object_component id="oc-96">
         <name>.text</name>
         <load_address>0x26540</load_address>
         <run_address>0x26540</run_address>
         <size>0x73</size>
         <input_file_ref idref="fl-1f"/>
      </object_component>
      <object_component id="oc-127">
         <name>.text</name>
         <load_address>0x265b3</load_address>
         <run_address>0x265b3</run_address>
         <size>0x70</size>
         <input_file_ref idref="fl-40"/>
      </object_component>
      <object_component id="oc-84">
         <name>.text</name>
         <load_address>0x26623</load_address>
         <run_address>0x26623</run_address>
         <size>0x6e</size>
         <input_file_ref idref="fl-1b"/>
      </object_component>
      <object_component id="oc-ce">
         <name>.text</name>
         <load_address>0x26691</load_address>
         <run_address>0x26691</run_address>
         <size>0x6b</size>
         <input_file_ref idref="fl-2b"/>
      </object_component>
      <object_component id="oc-10f">
         <name>.text</name>
         <load_address>0x266fc</load_address>
         <run_address>0x266fc</run_address>
         <size>0x68</size>
         <input_file_ref idref="fl-3a"/>
      </object_component>
      <object_component id="oc-8c">
         <name>.text</name>
         <load_address>0x26764</load_address>
         <run_address>0x26764</run_address>
         <size>0x67</size>
         <input_file_ref idref="fl-1d"/>
      </object_component>
      <object_component id="oc-b9">
         <name>.text</name>
         <load_address>0x267cb</load_address>
         <run_address>0x267cb</run_address>
         <size>0x60</size>
         <input_file_ref idref="fl-27"/>
      </object_component>
      <object_component id="oc-f1">
         <name>.text</name>
         <load_address>0x2682b</load_address>
         <run_address>0x2682b</run_address>
         <size>0x59</size>
         <input_file_ref idref="fl-32"/>
      </object_component>
      <object_component id="oc-a4">
         <name>.text</name>
         <load_address>0x26884</load_address>
         <run_address>0x26884</run_address>
         <size>0x56</size>
         <input_file_ref idref="fl-22"/>
      </object_component>
      <object_component id="oc-47">
         <name>.text</name>
         <load_address>0x268da</load_address>
         <run_address>0x268da</run_address>
         <size>0x54</size>
         <input_file_ref idref="fl-a"/>
      </object_component>
      <object_component id="oc-b5">
         <name>.text</name>
         <load_address>0x2692e</load_address>
         <run_address>0x2692e</run_address>
         <size>0x4e</size>
         <input_file_ref idref="fl-26"/>
      </object_component>
      <object_component id="oc-f5">
         <name>.text</name>
         <load_address>0x2697c</load_address>
         <run_address>0x2697c</run_address>
         <size>0x4d</size>
         <input_file_ref idref="fl-33"/>
      </object_component>
      <object_component id="oc-123">
         <name>.text</name>
         <load_address>0x269c9</load_address>
         <run_address>0x269c9</run_address>
         <size>0x4b</size>
         <input_file_ref idref="fl-3f"/>
      </object_component>
      <object_component id="oc-ed">
         <name>.text</name>
         <load_address>0x26a14</load_address>
         <run_address>0x26a14</run_address>
         <size>0x49</size>
         <input_file_ref idref="fl-31"/>
      </object_component>
      <object_component id="oc-133">
         <name>.text</name>
         <load_address>0x26a5d</load_address>
         <run_address>0x26a5d</run_address>
         <size>0x48</size>
         <input_file_ref idref="fl-43"/>
      </object_component>
      <object_component id="oc-d4">
         <name>.text</name>
         <load_address>0x26aa5</load_address>
         <run_address>0x26aa5</run_address>
         <size>0x42</size>
         <input_file_ref idref="fl-2c"/>
      </object_component>
      <object_component id="oc-79">
         <name>.text</name>
         <load_address>0x26ae7</load_address>
         <run_address>0x26ae7</run_address>
         <size>0x3e</size>
         <input_file_ref idref="fl-19"/>
      </object_component>
      <object_component id="oc-10">
         <name>.text</name>
         <load_address>0x26b25</load_address>
         <run_address>0x26b25</run_address>
         <size>0x34</size>
         <input_file_ref idref="fl-15"/>
      </object_component>
      <object_component id="oc-80">
         <name>.text</name>
         <load_address>0x26b59</load_address>
         <run_address>0x26b59</run_address>
         <size>0x2a</size>
         <input_file_ref idref="fl-1a"/>
      </object_component>
      <object_component id="oc-12f">
         <name>.text</name>
         <load_address>0x26b83</load_address>
         <run_address>0x26b83</run_address>
         <size>0x2a</size>
         <input_file_ref idref="fl-42"/>
      </object_component>
      <object_component id="oc-11f">
         <name>.text</name>
         <load_address>0x26bad</load_address>
         <run_address>0x26bad</run_address>
         <size>0x22</size>
         <input_file_ref idref="fl-3e"/>
      </object_component>
      <object_component id="oc-42">
         <name>.text</name>
         <load_address>0x26bcf</load_address>
         <run_address>0x26bcf</run_address>
         <size>0x1c</size>
         <input_file_ref idref="fl-9"/>
      </object_component>
      <object_component id="oc-113">
         <name>.text</name>
         <load_address>0x26beb</load_address>
         <run_address>0x26beb</run_address>
         <size>0x1a</size>
         <input_file_ref idref="fl-3b"/>
      </object_component>
      <object_component id="oc-c5">
         <name>.text</name>
         <load_address>0x26c05</load_address>
         <run_address>0x26c05</run_address>
         <size>0x14</size>
         <input_file_ref idref="fl-29"/>
      </object_component>
      <object_component id="oc-9a">
         <name>.text</name>
         <load_address>0x26c19</load_address>
         <run_address>0x26c19</run_address>
         <size>0x13</size>
         <input_file_ref idref="fl-20"/>
      </object_component>
      <object_component id="oc-e1">
         <name>.text</name>
         <load_address>0x26c2c</load_address>
         <run_address>0x26c2c</run_address>
         <size>0x12</size>
         <input_file_ref idref="fl-2f"/>
      </object_component>
      <object_component id="oc-b1">
         <name>.text</name>
         <load_address>0x26c3e</load_address>
         <run_address>0x26c3e</run_address>
         <size>0x10</size>
         <input_file_ref idref="fl-25"/>
      </object_component>
      <object_component id="oc-88">
         <name>.text</name>
         <load_address>0x26c4e</load_address>
         <run_address>0x26c4e</run_address>
         <size>0xc</size>
         <input_file_ref idref="fl-1c"/>
      </object_component>
      <object_component id="oc-148">
         <name>.text</name>
         <load_address>0x26c5a</load_address>
         <run_address>0x26c5a</run_address>
         <size>0xa</size>
         <input_file_ref idref="fl-47"/>
      </object_component>
      <object_component id="oc-7d">
         <name>.text:CIO_breakpoint</name>
         <load_address>0x26c64</load_address>
         <run_address>0x26c64</run_address>
         <size>0x7</size>
         <input_file_ref idref="fl-19"/>
      </object_component>
      <object_component id="oc-d9">
         <name>.text</name>
         <load_address>0x26c6b</load_address>
         <run_address>0x26c6b</run_address>
         <size>0x2</size>
         <input_file_ref idref="fl-2d"/>
      </object_component>
      <object_component id="oc-66">
         <name>.stack</name>
         <uninitialized>true</uninitialized>
         <run_address>0xc0</run_address>
         <size>0x0</size>
         <input_file_ref idref="fl-15"/>
      </object_component>
      <object_component id="oc-167">
         <name>.stack</name>
         <uninitialized>true</uninitialized>
         <run_address>0xc0</run_address>
         <size>0x0</size>
      </object_component>
      <object_component id="oc-14c">
         <name>.sysstack</name>
         <uninitialized>true</uninitialized>
         <run_address>0x20c0</run_address>
         <size>0x0</size>
         <input_file_ref idref="fl-15"/>
      </object_component>
      <object_component id="oc-169">
         <name>.sysstack</name>
         <uninitialized>true</uninitialized>
         <run_address>0x20c0</run_address>
         <size>0x0</size>
      </object_component>
      <object_component id="oc-35">
         <name>.bss</name>
         <uninitialized>true</uninitialized>
         <run_address>0x50c0</run_address>
         <size>0x544</size>
         <input_file_ref idref="fl-7"/>
      </object_component>
      <object_component id="oc-2c">
         <name>.bss</name>
         <uninitialized>true</uninitialized>
         <run_address>0x5604</run_address>
         <size>0x3b8</size>
         <input_file_ref idref="fl-6"/>
      </object_component>
      <object_component id="oc-fb">
         <name>.bss</name>
         <uninitialized>true</uninitialized>
         <run_address>0x59bc</run_address>
         <size>0x232</size>
         <input_file_ref idref="fl-35"/>
      </object_component>
      <object_component id="oc-ca">
         <name>.bss</name>
         <uninitialized>true</uninitialized>
         <run_address>0x5bee</run_address>
         <size>0x1a0</size>
         <input_file_ref idref="fl-2a"/>
      </object_component>
      <object_component id="oc-138">
         <name>.bss</name>
         <uninitialized>true</uninitialized>
         <run_address>0x5d8e</run_address>
         <size>0x2</size>
         <input_file_ref idref="fl-44"/>
      </object_component>
      <object_component id="oc-9f">
         <name>.bss</name>
         <uninitialized>true</uninitialized>
         <run_address>0x5d90</run_address>
         <size>0xe2</size>
         <input_file_ref idref="fl-21"/>
      </object_component>
      <object_component id="oc-52">
         <name>.bss</name>
         <uninitialized>true</uninitialized>
         <run_address>0x5e72</run_address>
         <size>0x2</size>
         <input_file_ref idref="fl-c"/>
      </object_component>
      <object_component id="oc-13">
         <name>.bss</name>
         <uninitialized>true</uninitialized>
         <run_address>0x5e74</run_address>
         <size>0x6c</size>
         <input_file_ref idref="fl-2"/>
      </object_component>
      <object_component id="oc-3c">
         <name>.bss</name>
         <uninitialized>true</uninitialized>
         <run_address>0x5ee0</run_address>
         <size>0x18</size>
         <input_file_ref idref="fl-8"/>
      </object_component>
      <object_component id="oc-6f">
         <name>.bss</name>
         <uninitialized>true</uninitialized>
         <run_address>0x5ef8</run_address>
         <size>0x10</size>
         <input_file_ref idref="fl-17"/>
      </object_component>
      <object_component id="oc-bf">
         <name>.bss</name>
         <uninitialized>true</uninitialized>
         <run_address>0x5f08</run_address>
         <size>0x10</size>
         <input_file_ref idref="fl-28"/>
      </object_component>
      <object_component id="oc-13e">
         <name>.bss</name>
         <uninitialized>true</uninitialized>
         <run_address>0x5f18</run_address>
         <size>0xe</size>
         <input_file_ref idref="fl-45"/>
      </object_component>
      <object_component id="oc-e2">
         <name>.bss</name>
         <uninitialized>true</uninitialized>
         <run_address>0x5f28</run_address>
         <size>0x8</size>
         <input_file_ref idref="fl-2f"/>
      </object_component>
      <object_component id="oc-7a">
         <name>.bss</name>
         <uninitialized>true</uninitialized>
         <run_address>0x5f30</run_address>
         <size>0x8</size>
         <input_file_ref idref="fl-19"/>
      </object_component>
      <object_component id="oc-1b">
         <name>.bss</name>
         <uninitialized>true</uninitialized>
         <run_address>0x5f38</run_address>
         <size>0x4</size>
         <input_file_ref idref="fl-3"/>
      </object_component>
      <object_component id="oc-16">
         <name>.const:.string</name>
         <load_address>0x5f3c</load_address>
         <run_address>0x5f3c</run_address>
         <size>0x46c</size>
         <input_file_ref idref="fl-2"/>
      </object_component>
      <object_component id="oc-22">
         <name>.const:.string</name>
         <load_address>0x63a8</load_address>
         <run_address>0x63a8</run_address>
         <size>0x2e8</size>
         <input_file_ref idref="fl-4"/>
      </object_component>
      <object_component id="oc-14f">
         <name>.const:__ctypes_</name>
         <load_address>0x6690</load_address>
         <run_address>0x6690</run_address>
         <size>0x202</size>
         <input_file_ref idref="fl-34"/>
      </object_component>
      <object_component id="oc-30">
         <name>.const:.string</name>
         <load_address>0x6894</load_address>
         <run_address>0x6894</run_address>
         <size>0x1c4</size>
         <input_file_ref idref="fl-6"/>
      </object_component>
      <object_component id="oc-ea">
         <name>.const:.string</name>
         <load_address>0x6a58</load_address>
         <run_address>0x6a58</run_address>
         <size>0x48</size>
         <input_file_ref idref="fl-30"/>
      </object_component>
      <object_component id="oc-72">
         <name>.const</name>
         <load_address>0x6aa0</load_address>
         <run_address>0x6aa0</run_address>
         <size>0x2c</size>
         <input_file_ref idref="fl-17"/>
      </object_component>
      <object_component id="oc-c2">
         <name>.const</name>
         <load_address>0x6acc</load_address>
         <run_address>0x6acc</run_address>
         <size>0x28</size>
         <input_file_ref idref="fl-28"/>
      </object_component>
      <object_component id="oc-e9">
         <name>.const</name>
         <load_address>0x6af4</load_address>
         <run_address>0x6af4</run_address>
         <size>0x18</size>
         <input_file_ref idref="fl-30"/>
      </object_component>
      <object_component id="oc-2f">
         <name>.const</name>
         <load_address>0x6b0c</load_address>
         <run_address>0x6b0c</run_address>
         <size>0x14</size>
         <input_file_ref idref="fl-6"/>
      </object_component>
      <object_component id="oc-14e">
         <name>.const:_initial_approx$1</name>
         <load_address>0x6b20</load_address>
         <run_address>0x6b20</run_address>
         <size>0x10</size>
         <input_file_ref idref="fl-18"/>
      </object_component>
      <object_component id="oc-bb">
         <name>.const</name>
         <load_address>0x6b30</load_address>
         <run_address>0x6b30</run_address>
         <size>0x10</size>
         <input_file_ref idref="fl-27"/>
      </object_component>
      <object_component id="oc-aa">
         <name>.const</name>
         <load_address>0x6b40</load_address>
         <run_address>0x6b40</run_address>
         <size>0xc</size>
         <input_file_ref idref="fl-23"/>
      </object_component>
      <object_component id="oc-d6">
         <name>.const</name>
         <load_address>0x6b4c</load_address>
         <run_address>0x6b4c</run_address>
         <size>0x8</size>
         <input_file_ref idref="fl-2c"/>
      </object_component>
      <object_component id="oc-93">
         <name>.const:.string</name>
         <load_address>0x6b54</load_address>
         <run_address>0x6b54</run_address>
         <size>0x4</size>
         <input_file_ref idref="fl-1e"/>
      </object_component>
      <object_component id="oc-8e">
         <name>.const</name>
         <load_address>0x6b58</load_address>
         <run_address>0x6b58</run_address>
         <size>0x4</size>
         <input_file_ref idref="fl-1d"/>
      </object_component>
      <object_component id="oc-141">
         <name>.sysmem</name>
         <uninitialized>true</uninitialized>
         <run_address>0x30c0</run_address>
         <size>0x0</size>
         <input_file_ref idref="fl-45"/>
      </object_component>
      <object_component id="oc-168">
         <name>.sysmem</name>
         <uninitialized>true</uninitialized>
         <run_address>0x30c0</run_address>
         <size>0x0</size>
      </object_component>
      <object_component id="oc-14d">
         <name>.switch:_main</name>
         <load_address>0x409d0</load_address>
         <run_address>0x409d0</run_address>
         <size>0x40</size>
         <input_file_ref idref="fl-6"/>
      </object_component>
      <object_component id="oc-37">
         <name>.cinit</name>
         <load_address>0x40000</load_address>
         <run_address>0x40000</run_address>
         <size>0x556</size>
         <input_file_ref idref="fl-7"/>
      </object_component>
      <object_component id="oc-15">
         <name>.cinit</name>
         <load_address>0x40556</load_address>
         <run_address>0x40556</run_address>
         <size>0x8c</size>
         <input_file_ref idref="fl-2"/>
      </object_component>
      <object_component id="oc-a1">
         <name>.cinit</name>
         <load_address>0x405e2</load_address>
         <run_address>0x405e2</run_address>
         <size>0x5a</size>
         <input_file_ref idref="fl-21"/>
      </object_component>
      <object_component id="oc-fd">
         <name>.cinit</name>
         <load_address>0x4063c</load_address>
         <run_address>0x4063c</run_address>
         <size>0x54</size>
         <input_file_ref idref="fl-35"/>
      </object_component>
      <object_component id="oc-2e">
         <name>.cinit</name>
         <load_address>0x40690</load_address>
         <run_address>0x40690</run_address>
         <size>0x4a</size>
         <input_file_ref idref="fl-6"/>
      </object_component>
      <object_component id="oc-3e">
         <name>.cinit</name>
         <load_address>0x406da</load_address>
         <run_address>0x406da</run_address>
         <size>0x48</size>
         <input_file_ref idref="fl-8"/>
      </object_component>
      <object_component id="oc-71">
         <name>.cinit</name>
         <load_address>0x40722</load_address>
         <run_address>0x40722</run_address>
         <size>0x16</size>
         <input_file_ref idref="fl-17"/>
      </object_component>
      <object_component id="oc-c1">
         <name>.cinit</name>
         <load_address>0x40738</load_address>
         <run_address>0x40738</run_address>
         <size>0x16</size>
         <input_file_ref idref="fl-28"/>
      </object_component>
      <object_component id="oc-e4">
         <name>.cinit</name>
         <load_address>0x4074e</load_address>
         <run_address>0x4074e</run_address>
         <size>0x14</size>
         <input_file_ref idref="fl-2f"/>
      </object_component>
      <object_component id="oc-7c">
         <name>.cinit</name>
         <load_address>0x40762</load_address>
         <run_address>0x40762</run_address>
         <size>0x14</size>
         <input_file_ref idref="fl-19"/>
      </object_component>
      <object_component id="oc-13a">
         <name>.cinit</name>
         <load_address>0x40776</load_address>
         <run_address>0x40776</run_address>
         <size>0x8</size>
         <input_file_ref idref="fl-44"/>
      </object_component>
      <object_component id="oc-140">
         <name>.cinit</name>
         <load_address>0x4077e</load_address>
         <run_address>0x4077e</run_address>
         <size>0x8</size>
         <input_file_ref idref="fl-45"/>
      </object_component>
      <object_component id="oc-54">
         <name>.cinit</name>
         <load_address>0x40786</load_address>
         <run_address>0x40786</run_address>
         <size>0x8</size>
         <input_file_ref idref="fl-c"/>
      </object_component>
      <object_component id="oc-d0">
         <name>.cio</name>
         <uninitialized>true</uninitialized>
         <run_address>0x40790</run_address>
         <size>0x240</size>
         <input_file_ref idref="fl-2b"/>
      </object_component>
      <object_component id="oc-11">
         <name>vectors</name>
         <load_address>0x4fe00</load_address>
         <run_address>0x4fe00</run_address>
         <size>0x100</size>
         <input_file_ref idref="fl-2d"/>
      </object_component>
      <object_component id="oc-14">
         <name>.debug_info</name>
         <load_address>0x0</load_address>
         <run_address>0x0</run_address>
         <size>0x1182</size>
         <input_file_ref idref="fl-2"/>
      </object_component>
      <object_component id="oc-1c">
         <name>.debug_info</name>
         <load_address>0x1182</load_address>
         <run_address>0x1182</run_address>
         <size>0xc88</size>
         <input_file_ref idref="fl-3"/>
      </object_component>
      <object_component id="oc-21">
         <name>.debug_info</name>
         <load_address>0x1e0a</load_address>
         <run_address>0x1e0a</run_address>
         <size>0xe67</size>
         <input_file_ref idref="fl-4"/>
      </object_component>
      <object_component id="oc-27">
         <name>.debug_info</name>
         <load_address>0x2c71</load_address>
         <run_address>0x2c71</run_address>
         <size>0xb90</size>
         <input_file_ref idref="fl-5"/>
      </object_component>
      <object_component id="oc-2d">
         <name>.debug_info</name>
         <load_address>0x3801</load_address>
         <run_address>0x3801</run_address>
         <size>0x13d4</size>
         <input_file_ref idref="fl-6"/>
      </object_component>
      <object_component id="oc-36">
         <name>.debug_info</name>
         <load_address>0x4bd5</load_address>
         <run_address>0x4bd5</run_address>
         <size>0x1d45</size>
         <input_file_ref idref="fl-7"/>
      </object_component>
      <object_component id="oc-3d">
         <name>.debug_info</name>
         <load_address>0x691a</load_address>
         <run_address>0x691a</run_address>
         <size>0x70c</size>
         <input_file_ref idref="fl-8"/>
      </object_component>
      <object_component id="oc-43">
         <name>.debug_info</name>
         <load_address>0x7026</load_address>
         <run_address>0x7026</run_address>
         <size>0x574</size>
         <input_file_ref idref="fl-9"/>
      </object_component>
      <object_component id="oc-48">
         <name>.debug_info</name>
         <load_address>0x759a</load_address>
         <run_address>0x759a</run_address>
         <size>0x676</size>
         <input_file_ref idref="fl-a"/>
      </object_component>
      <object_component id="oc-4d">
         <name>.debug_info</name>
         <load_address>0x7c10</load_address>
         <run_address>0x7c10</run_address>
         <size>0x804</size>
         <input_file_ref idref="fl-b"/>
      </object_component>
      <object_component id="oc-53">
         <name>.debug_info</name>
         <load_address>0x8414</load_address>
         <run_address>0x8414</run_address>
         <size>0xb92</size>
         <input_file_ref idref="fl-c"/>
      </object_component>
      <object_component id="oc-59">
         <name>.debug_info</name>
         <load_address>0x8fa6</load_address>
         <run_address>0x8fa6</run_address>
         <size>0xe81</size>
         <input_file_ref idref="fl-d"/>
      </object_component>
      <object_component id="oc-5e">
         <name>.debug_info</name>
         <load_address>0x9e27</load_address>
         <run_address>0x9e27</run_address>
         <size>0x5ff3</size>
         <input_file_ref idref="fl-13"/>
      </object_component>
      <object_component id="oc-63">
         <name>.debug_info</name>
         <load_address>0xfe1a</load_address>
         <run_address>0xfe1a</run_address>
         <size>0x5ab</size>
         <input_file_ref idref="fl-14"/>
      </object_component>
      <object_component id="oc-67">
         <name>.debug_info</name>
         <load_address>0x103c5</load_address>
         <run_address>0x103c5</run_address>
         <size>0xe8</size>
         <input_file_ref idref="fl-15"/>
      </object_component>
      <object_component id="oc-6b">
         <name>.debug_info</name>
         <load_address>0x104ad</load_address>
         <run_address>0x104ad</run_address>
         <size>0x81f</size>
         <input_file_ref idref="fl-16"/>
      </object_component>
      <object_component id="oc-70">
         <name>.debug_info</name>
         <load_address>0x10ccc</load_address>
         <run_address>0x10ccc</run_address>
         <size>0x716</size>
         <input_file_ref idref="fl-17"/>
      </object_component>
      <object_component id="oc-76">
         <name>.debug_info</name>
         <load_address>0x113e2</load_address>
         <run_address>0x113e2</run_address>
         <size>0x7e8</size>
         <input_file_ref idref="fl-18"/>
      </object_component>
      <object_component id="oc-7b">
         <name>.debug_info</name>
         <load_address>0x11bca</load_address>
         <run_address>0x11bca</run_address>
         <size>0x5fb</size>
         <input_file_ref idref="fl-19"/>
      </object_component>
      <object_component id="oc-81">
         <name>.debug_info</name>
         <load_address>0x121c5</load_address>
         <run_address>0x121c5</run_address>
         <size>0x4cf</size>
         <input_file_ref idref="fl-1a"/>
      </object_component>
      <object_component id="oc-85">
         <name>.debug_info</name>
         <load_address>0x12694</load_address>
         <run_address>0x12694</run_address>
         <size>0x534</size>
         <input_file_ref idref="fl-1b"/>
      </object_component>
      <object_component id="oc-89">
         <name>.debug_info</name>
         <load_address>0x12bc8</load_address>
         <run_address>0x12bc8</run_address>
         <size>0x4cf</size>
         <input_file_ref idref="fl-1c"/>
      </object_component>
      <object_component id="oc-8d">
         <name>.debug_info</name>
         <load_address>0x13097</load_address>
         <run_address>0x13097</run_address>
         <size>0x549</size>
         <input_file_ref idref="fl-1d"/>
      </object_component>
      <object_component id="oc-92">
         <name>.debug_info</name>
         <load_address>0x135e0</load_address>
         <run_address>0x135e0</run_address>
         <size>0x942</size>
         <input_file_ref idref="fl-1e"/>
      </object_component>
      <object_component id="oc-97">
         <name>.debug_info</name>
         <load_address>0x13f22</load_address>
         <run_address>0x13f22</run_address>
         <size>0x53e</size>
         <input_file_ref idref="fl-1f"/>
      </object_component>
      <object_component id="oc-9b">
         <name>.debug_info</name>
         <load_address>0x14460</load_address>
         <run_address>0x14460</run_address>
         <size>0xbd</size>
         <input_file_ref idref="fl-20"/>
      </object_component>
      <object_component id="oc-a0">
         <name>.debug_info</name>
         <load_address>0x1451d</load_address>
         <run_address>0x1451d</run_address>
         <size>0x144b</size>
         <input_file_ref idref="fl-21"/>
      </object_component>
      <object_component id="oc-a5">
         <name>.debug_info</name>
         <load_address>0x15968</load_address>
         <run_address>0x15968</run_address>
         <size>0xd1</size>
         <input_file_ref idref="fl-22"/>
      </object_component>
      <object_component id="oc-a9">
         <name>.debug_info</name>
         <load_address>0x15a39</load_address>
         <run_address>0x15a39</run_address>
         <size>0x50c</size>
         <input_file_ref idref="fl-23"/>
      </object_component>
      <object_component id="oc-ae">
         <name>.debug_info</name>
         <load_address>0x15f45</load_address>
         <run_address>0x15f45</run_address>
         <size>0x55b</size>
         <input_file_ref idref="fl-24"/>
      </object_component>
      <object_component id="oc-b2">
         <name>.debug_info</name>
         <load_address>0x164a0</load_address>
         <run_address>0x164a0</run_address>
         <size>0x4b7</size>
         <input_file_ref idref="fl-25"/>
      </object_component>
      <object_component id="oc-b6">
         <name>.debug_info</name>
         <load_address>0x16957</load_address>
         <run_address>0x16957</run_address>
         <size>0x76c</size>
         <input_file_ref idref="fl-26"/>
      </object_component>
      <object_component id="oc-ba">
         <name>.debug_info</name>
         <load_address>0x170c3</load_address>
         <run_address>0x170c3</run_address>
         <size>0x52e</size>
         <input_file_ref idref="fl-27"/>
      </object_component>
      <object_component id="oc-c0">
         <name>.debug_info</name>
         <load_address>0x175f1</load_address>
         <run_address>0x175f1</run_address>
         <size>0x6ef</size>
         <input_file_ref idref="fl-28"/>
      </object_component>
      <object_component id="oc-c6">
         <name>.debug_info</name>
         <load_address>0x17ce0</load_address>
         <run_address>0x17ce0</run_address>
         <size>0x4de</size>
         <input_file_ref idref="fl-29"/>
      </object_component>
      <object_component id="oc-cb">
         <name>.debug_info</name>
         <load_address>0x181be</load_address>
         <run_address>0x181be</run_address>
         <size>0xed4</size>
         <input_file_ref idref="fl-2a"/>
      </object_component>
      <object_component id="oc-cf">
         <name>.debug_info</name>
         <load_address>0x19092</load_address>
         <run_address>0x19092</run_address>
         <size>0x744</size>
         <input_file_ref idref="fl-2b"/>
      </object_component>
      <object_component id="oc-d5">
         <name>.debug_info</name>
         <load_address>0x197d6</load_address>
         <run_address>0x197d6</run_address>
         <size>0x521</size>
         <input_file_ref idref="fl-2c"/>
      </object_component>
      <object_component id="oc-da">
         <name>.debug_info</name>
         <load_address>0x19cf7</load_address>
         <run_address>0x19cf7</run_address>
         <size>0xbc</size>
         <input_file_ref idref="fl-2d"/>
      </object_component>
      <object_component id="oc-de">
         <name>.debug_info</name>
         <load_address>0x19db3</load_address>
         <run_address>0x19db3</run_address>
         <size>0x662</size>
         <input_file_ref idref="fl-2e"/>
      </object_component>
      <object_component id="oc-e3">
         <name>.debug_info</name>
         <load_address>0x1a415</load_address>
         <run_address>0x1a415</run_address>
         <size>0x5bc</size>
         <input_file_ref idref="fl-2f"/>
      </object_component>
      <object_component id="oc-e8">
         <name>.debug_info</name>
         <load_address>0x1a9d1</load_address>
         <run_address>0x1a9d1</run_address>
         <size>0x27bd</size>
         <input_file_ref idref="fl-30"/>
      </object_component>
      <object_component id="oc-ee">
         <name>.debug_info</name>
         <load_address>0x1d18e</load_address>
         <run_address>0x1d18e</run_address>
         <size>0x586</size>
         <input_file_ref idref="fl-31"/>
      </object_component>
      <object_component id="oc-f2">
         <name>.debug_info</name>
         <load_address>0x1d714</load_address>
         <run_address>0x1d714</run_address>
         <size>0x5a4</size>
         <input_file_ref idref="fl-32"/>
      </object_component>
      <object_component id="oc-f6">
         <name>.debug_info</name>
         <load_address>0x1dcb8</load_address>
         <run_address>0x1dcb8</run_address>
         <size>0xcd</size>
         <input_file_ref idref="fl-33"/>
      </object_component>
      <object_component id="oc-f9">
         <name>.debug_info</name>
         <load_address>0x1dd85</load_address>
         <run_address>0x1dd85</run_address>
         <size>0x498</size>
         <input_file_ref idref="fl-34"/>
      </object_component>
      <object_component id="oc-fc">
         <name>.debug_info</name>
         <load_address>0x1e21d</load_address>
         <run_address>0x1e21d</run_address>
         <size>0x57e</size>
         <input_file_ref idref="fl-35"/>
      </object_component>
      <object_component id="oc-100">
         <name>.debug_info</name>
         <load_address>0x1e79b</load_address>
         <run_address>0x1e79b</run_address>
         <size>0x534</size>
         <input_file_ref idref="fl-36"/>
      </object_component>
      <object_component id="oc-104">
         <name>.debug_info</name>
         <load_address>0x1eccf</load_address>
         <run_address>0x1eccf</run_address>
         <size>0x706</size>
         <input_file_ref idref="fl-37"/>
      </object_component>
      <object_component id="oc-108">
         <name>.debug_info</name>
         <load_address>0x1f3d5</load_address>
         <run_address>0x1f3d5</run_address>
         <size>0x6aa</size>
         <input_file_ref idref="fl-38"/>
      </object_component>
      <object_component id="oc-10c">
         <name>.debug_info</name>
         <load_address>0x1fa7f</load_address>
         <run_address>0x1fa7f</run_address>
         <size>0x4d2</size>
         <input_file_ref idref="fl-39"/>
      </object_component>
      <object_component id="oc-110">
         <name>.debug_info</name>
         <load_address>0x1ff51</load_address>
         <run_address>0x1ff51</run_address>
         <size>0x5f7</size>
         <input_file_ref idref="fl-3a"/>
      </object_component>
      <object_component id="oc-114">
         <name>.debug_info</name>
         <load_address>0x20548</load_address>
         <run_address>0x20548</run_address>
         <size>0x680</size>
         <input_file_ref idref="fl-3b"/>
      </object_component>
      <object_component id="oc-118">
         <name>.debug_info</name>
         <load_address>0x20bc8</load_address>
         <run_address>0x20bc8</run_address>
         <size>0x7d4</size>
         <input_file_ref idref="fl-3c"/>
      </object_component>
      <object_component id="oc-11c">
         <name>.debug_info</name>
         <load_address>0x2139c</load_address>
         <run_address>0x2139c</run_address>
         <size>0x5ad</size>
         <input_file_ref idref="fl-3d"/>
      </object_component>
      <object_component id="oc-120">
         <name>.debug_info</name>
         <load_address>0x21949</load_address>
         <run_address>0x21949</run_address>
         <size>0x574</size>
         <input_file_ref idref="fl-3e"/>
      </object_component>
      <object_component id="oc-124">
         <name>.debug_info</name>
         <load_address>0x21ebd</load_address>
         <run_address>0x21ebd</run_address>
         <size>0x4f2</size>
         <input_file_ref idref="fl-3f"/>
      </object_component>
      <object_component id="oc-128">
         <name>.debug_info</name>
         <load_address>0x223af</load_address>
         <run_address>0x223af</run_address>
         <size>0x534</size>
         <input_file_ref idref="fl-40"/>
      </object_component>
      <object_component id="oc-12c">
         <name>.debug_info</name>
         <load_address>0x228e3</load_address>
         <run_address>0x228e3</run_address>
         <size>0x64a</size>
         <input_file_ref idref="fl-41"/>
      </object_component>
      <object_component id="oc-130">
         <name>.debug_info</name>
         <load_address>0x22f2d</load_address>
         <run_address>0x22f2d</run_address>
         <size>0xef</size>
         <input_file_ref idref="fl-42"/>
      </object_component>
      <object_component id="oc-134">
         <name>.debug_info</name>
         <load_address>0x2301c</load_address>
         <run_address>0x2301c</run_address>
         <size>0x4f2</size>
         <input_file_ref idref="fl-43"/>
      </object_component>
      <object_component id="oc-139">
         <name>.debug_info</name>
         <load_address>0x2350e</load_address>
         <run_address>0x2350e</run_address>
         <size>0xa1c</size>
         <input_file_ref idref="fl-44"/>
      </object_component>
      <object_component id="oc-13f">
         <name>.debug_info</name>
         <load_address>0x23f2a</load_address>
         <run_address>0x23f2a</run_address>
         <size>0xba5</size>
         <input_file_ref idref="fl-45"/>
      </object_component>
      <object_component id="oc-145">
         <name>.debug_info</name>
         <load_address>0x24acf</load_address>
         <run_address>0x24acf</run_address>
         <size>0x64f</size>
         <input_file_ref idref="fl-46"/>
      </object_component>
      <object_component id="oc-149">
         <name>.debug_info</name>
         <load_address>0x2511e</load_address>
         <run_address>0x2511e</run_address>
         <size>0x510</size>
         <input_file_ref idref="fl-47"/>
      </object_component>
      <object_component id="oc-170">
         <name>.debug_info</name>
         <load_address>0x2562e</load_address>
         <run_address>0x2562e</run_address>
         <size>0x6e</size>
      </object_component>
      <object_component id="oc-17">
         <name>.debug_frame</name>
         <load_address>0x0</load_address>
         <run_address>0x0</run_address>
         <size>0x103</size>
         <input_file_ref idref="fl-2"/>
      </object_component>
      <object_component id="oc-1d">
         <name>.debug_frame</name>
         <load_address>0x103</load_address>
         <run_address>0x103</run_address>
         <size>0x172</size>
         <input_file_ref idref="fl-3"/>
      </object_component>
      <object_component id="oc-23">
         <name>.debug_frame</name>
         <load_address>0x275</load_address>
         <run_address>0x275</run_address>
         <size>0x103</size>
         <input_file_ref idref="fl-4"/>
      </object_component>
      <object_component id="oc-28">
         <name>.debug_frame</name>
         <load_address>0x378</load_address>
         <run_address>0x378</run_address>
         <size>0x13b</size>
         <input_file_ref idref="fl-5"/>
      </object_component>
      <object_component id="oc-31">
         <name>.debug_frame</name>
         <load_address>0x4b3</load_address>
         <run_address>0x4b3</run_address>
         <size>0x100</size>
         <input_file_ref idref="fl-6"/>
      </object_component>
      <object_component id="oc-38">
         <name>.debug_frame</name>
         <load_address>0x5b3</load_address>
         <run_address>0x5b3</run_address>
         <size>0x25e</size>
         <input_file_ref idref="fl-7"/>
      </object_component>
      <object_component id="oc-3f">
         <name>.debug_frame</name>
         <load_address>0x811</load_address>
         <run_address>0x811</run_address>
         <size>0x118</size>
         <input_file_ref idref="fl-8"/>
      </object_component>
      <object_component id="oc-44">
         <name>.debug_frame</name>
         <load_address>0x929</load_address>
         <run_address>0x929</run_address>
         <size>0xe4</size>
         <input_file_ref idref="fl-9"/>
      </object_component>
      <object_component id="oc-49">
         <name>.debug_frame</name>
         <load_address>0xa0d</load_address>
         <run_address>0xa0d</run_address>
         <size>0x116</size>
         <input_file_ref idref="fl-a"/>
      </object_component>
      <object_component id="oc-4e">
         <name>.debug_frame</name>
         <load_address>0xb23</load_address>
         <run_address>0xb23</run_address>
         <size>0x135</size>
         <input_file_ref idref="fl-b"/>
      </object_component>
      <object_component id="oc-55">
         <name>.debug_frame</name>
         <load_address>0xc58</load_address>
         <run_address>0xc58</run_address>
         <size>0x14a</size>
         <input_file_ref idref="fl-c"/>
      </object_component>
      <object_component id="oc-5a">
         <name>.debug_frame</name>
         <load_address>0xda2</load_address>
         <run_address>0xda2</run_address>
         <size>0x1d9</size>
         <input_file_ref idref="fl-d"/>
      </object_component>
      <object_component id="oc-5f">
         <name>.debug_frame</name>
         <load_address>0xf7b</load_address>
         <run_address>0xf7b</run_address>
         <size>0x175</size>
         <input_file_ref idref="fl-13"/>
      </object_component>
      <object_component id="oc-18">
         <name>.debug_line</name>
         <load_address>0x0</load_address>
         <run_address>0x0</run_address>
         <size>0x10e</size>
         <input_file_ref idref="fl-2"/>
      </object_component>
      <object_component id="oc-1e">
         <name>.debug_line</name>
         <load_address>0x10e</load_address>
         <run_address>0x10e</run_address>
         <size>0xfe</size>
         <input_file_ref idref="fl-3"/>
      </object_component>
      <object_component id="oc-24">
         <name>.debug_line</name>
         <load_address>0x20c</load_address>
         <run_address>0x20c</run_address>
         <size>0x20e</size>
         <input_file_ref idref="fl-4"/>
      </object_component>
      <object_component id="oc-29">
         <name>.debug_line</name>
         <load_address>0x41a</load_address>
         <run_address>0x41a</run_address>
         <size>0x1a9</size>
         <input_file_ref idref="fl-5"/>
      </object_component>
      <object_component id="oc-32">
         <name>.debug_line</name>
         <load_address>0x5c3</load_address>
         <run_address>0x5c3</run_address>
         <size>0x2f7</size>
         <input_file_ref idref="fl-6"/>
      </object_component>
      <object_component id="oc-39">
         <name>.debug_line</name>
         <load_address>0x8ba</load_address>
         <run_address>0x8ba</run_address>
         <size>0x513</size>
         <input_file_ref idref="fl-7"/>
      </object_component>
      <object_component id="oc-40">
         <name>.debug_line</name>
         <load_address>0xdcd</load_address>
         <run_address>0xdcd</run_address>
         <size>0x1d5</size>
         <input_file_ref idref="fl-8"/>
      </object_component>
      <object_component id="oc-45">
         <name>.debug_line</name>
         <load_address>0xfa2</load_address>
         <run_address>0xfa2</run_address>
         <size>0x44</size>
         <input_file_ref idref="fl-9"/>
      </object_component>
      <object_component id="oc-4a">
         <name>.debug_line</name>
         <load_address>0xfe6</load_address>
         <run_address>0xfe6</run_address>
         <size>0x83</size>
         <input_file_ref idref="fl-a"/>
      </object_component>
      <object_component id="oc-4f">
         <name>.debug_line</name>
         <load_address>0x1069</load_address>
         <run_address>0x1069</run_address>
         <size>0xdd</size>
         <input_file_ref idref="fl-b"/>
      </object_component>
      <object_component id="oc-56">
         <name>.debug_line</name>
         <load_address>0x1146</load_address>
         <run_address>0x1146</run_address>
         <size>0x122</size>
         <input_file_ref idref="fl-c"/>
      </object_component>
      <object_component id="oc-5b">
         <name>.debug_line</name>
         <load_address>0x1268</load_address>
         <run_address>0x1268</run_address>
         <size>0x179</size>
         <input_file_ref idref="fl-d"/>
      </object_component>
      <object_component id="oc-60">
         <name>.debug_line</name>
         <load_address>0x13e1</load_address>
         <run_address>0x13e1</run_address>
         <size>0x2dd</size>
         <input_file_ref idref="fl-13"/>
      </object_component>
      <object_component id="oc-64">
         <name>.debug_line</name>
         <load_address>0x16be</load_address>
         <run_address>0x16be</run_address>
         <size>0x5c</size>
         <input_file_ref idref="fl-14"/>
      </object_component>
      <object_component id="oc-68">
         <name>.debug_line</name>
         <load_address>0x171a</load_address>
         <run_address>0x171a</run_address>
         <size>0x54</size>
         <input_file_ref idref="fl-15"/>
      </object_component>
      <object_component id="oc-6c">
         <name>.debug_line</name>
         <load_address>0x176e</load_address>
         <run_address>0x176e</run_address>
         <size>0xad</size>
         <input_file_ref idref="fl-16"/>
      </object_component>
      <object_component id="oc-73">
         <name>.debug_line</name>
         <load_address>0x181b</load_address>
         <run_address>0x181b</run_address>
         <size>0x54</size>
         <input_file_ref idref="fl-17"/>
      </object_component>
      <object_component id="oc-77">
         <name>.debug_line</name>
         <load_address>0x186f</load_address>
         <run_address>0x186f</run_address>
         <size>0x5b</size>
         <input_file_ref idref="fl-18"/>
      </object_component>
      <object_component id="oc-7e">
         <name>.debug_line</name>
         <load_address>0x18ca</load_address>
         <run_address>0x18ca</run_address>
         <size>0x51</size>
         <input_file_ref idref="fl-19"/>
      </object_component>
      <object_component id="oc-82">
         <name>.debug_line</name>
         <load_address>0x191b</load_address>
         <run_address>0x191b</run_address>
         <size>0x3d</size>
         <input_file_ref idref="fl-1a"/>
      </object_component>
      <object_component id="oc-86">
         <name>.debug_line</name>
         <load_address>0x1958</load_address>
         <run_address>0x1958</run_address>
         <size>0x3d</size>
         <input_file_ref idref="fl-1b"/>
      </object_component>
      <object_component id="oc-8a">
         <name>.debug_line</name>
         <load_address>0x1995</load_address>
         <run_address>0x1995</run_address>
         <size>0x3d</size>
         <input_file_ref idref="fl-1c"/>
      </object_component>
      <object_component id="oc-8f">
         <name>.debug_line</name>
         <load_address>0x19d2</load_address>
         <run_address>0x19d2</run_address>
         <size>0x44</size>
         <input_file_ref idref="fl-1d"/>
      </object_component>
      <object_component id="oc-94">
         <name>.debug_line</name>
         <load_address>0x1a16</load_address>
         <run_address>0x1a16</run_address>
         <size>0xa6</size>
         <input_file_ref idref="fl-1e"/>
      </object_component>
      <object_component id="oc-98">
         <name>.debug_line</name>
         <load_address>0x1abc</load_address>
         <run_address>0x1abc</run_address>
         <size>0x40</size>
         <input_file_ref idref="fl-1f"/>
      </object_component>
      <object_component id="oc-9c">
         <name>.debug_line</name>
         <load_address>0x1afc</load_address>
         <run_address>0x1afc</run_address>
         <size>0x3c</size>
         <input_file_ref idref="fl-20"/>
      </object_component>
      <object_component id="oc-a2">
         <name>.debug_line</name>
         <load_address>0x1b38</load_address>
         <run_address>0x1b38</run_address>
         <size>0x1b0</size>
         <input_file_ref idref="fl-21"/>
      </object_component>
      <object_component id="oc-a6">
         <name>.debug_line</name>
         <load_address>0x1ce8</load_address>
         <run_address>0x1ce8</run_address>
         <size>0x54</size>
         <input_file_ref idref="fl-22"/>
      </object_component>
      <object_component id="oc-ab">
         <name>.debug_line</name>
         <load_address>0x1d3c</load_address>
         <run_address>0x1d3c</run_address>
         <size>0x3c</size>
         <input_file_ref idref="fl-23"/>
      </object_component>
      <object_component id="oc-af">
         <name>.debug_line</name>
         <load_address>0x1d78</load_address>
         <run_address>0x1d78</run_address>
         <size>0x3c</size>
         <input_file_ref idref="fl-24"/>
      </object_component>
      <object_component id="oc-b3">
         <name>.debug_line</name>
         <load_address>0x1db4</load_address>
         <run_address>0x1db4</run_address>
         <size>0x37</size>
         <input_file_ref idref="fl-25"/>
      </object_component>
      <object_component id="oc-b7">
         <name>.debug_line</name>
         <load_address>0x1deb</load_address>
         <run_address>0x1deb</run_address>
         <size>0x69</size>
         <input_file_ref idref="fl-26"/>
      </object_component>
      <object_component id="oc-bc">
         <name>.debug_line</name>
         <load_address>0x1e54</load_address>
         <run_address>0x1e54</run_address>
         <size>0x38</size>
         <input_file_ref idref="fl-27"/>
      </object_component>
      <object_component id="oc-c3">
         <name>.debug_line</name>
         <load_address>0x1e8c</load_address>
         <run_address>0x1e8c</run_address>
         <size>0x54</size>
         <input_file_ref idref="fl-28"/>
      </object_component>
      <object_component id="oc-c7">
         <name>.debug_line</name>
         <load_address>0x1ee0</load_address>
         <run_address>0x1ee0</run_address>
         <size>0x37</size>
         <input_file_ref idref="fl-29"/>
      </object_component>
      <object_component id="oc-cc">
         <name>.debug_line</name>
         <load_address>0x1f17</load_address>
         <run_address>0x1f17</run_address>
         <size>0x15e</size>
         <input_file_ref idref="fl-2a"/>
      </object_component>
      <object_component id="oc-d2">
         <name>.debug_line</name>
         <load_address>0x2075</load_address>
         <run_address>0x2075</run_address>
         <size>0x6a</size>
         <input_file_ref idref="fl-2b"/>
      </object_component>
      <object_component id="oc-d7">
         <name>.debug_line</name>
         <load_address>0x20df</load_address>
         <run_address>0x20df</run_address>
         <size>0x38</size>
         <input_file_ref idref="fl-2c"/>
      </object_component>
      <object_component id="oc-db">
         <name>.debug_line</name>
         <load_address>0x2117</load_address>
         <run_address>0x2117</run_address>
         <size>0x37</size>
         <input_file_ref idref="fl-2d"/>
      </object_component>
      <object_component id="oc-df">
         <name>.debug_line</name>
         <load_address>0x214e</load_address>
         <run_address>0x214e</run_address>
         <size>0x57</size>
         <input_file_ref idref="fl-2e"/>
      </object_component>
      <object_component id="oc-e5">
         <name>.debug_line</name>
         <load_address>0x21a5</load_address>
         <run_address>0x21a5</run_address>
         <size>0x57</size>
         <input_file_ref idref="fl-2f"/>
      </object_component>
      <object_component id="oc-eb">
         <name>.debug_line</name>
         <load_address>0x21fc</load_address>
         <run_address>0x21fc</run_address>
         <size>0x328</size>
         <input_file_ref idref="fl-30"/>
      </object_component>
      <object_component id="oc-ef">
         <name>.debug_line</name>
         <load_address>0x2524</load_address>
         <run_address>0x2524</run_address>
         <size>0x41</size>
         <input_file_ref idref="fl-31"/>
      </object_component>
      <object_component id="oc-f3">
         <name>.debug_line</name>
         <load_address>0x2565</load_address>
         <run_address>0x2565</run_address>
         <size>0x46</size>
         <input_file_ref idref="fl-32"/>
      </object_component>
      <object_component id="oc-f7">
         <name>.debug_line</name>
         <load_address>0x25ab</load_address>
         <run_address>0x25ab</run_address>
         <size>0x55</size>
         <input_file_ref idref="fl-33"/>
      </object_component>
      <object_component id="oc-101">
         <name>.debug_line</name>
         <load_address>0x2600</load_address>
         <run_address>0x2600</run_address>
         <size>0x44</size>
         <input_file_ref idref="fl-36"/>
      </object_component>
      <object_component id="oc-105">
         <name>.debug_line</name>
         <load_address>0x2644</load_address>
         <run_address>0x2644</run_address>
         <size>0x5b</size>
         <input_file_ref idref="fl-37"/>
      </object_component>
      <object_component id="oc-109">
         <name>.debug_line</name>
         <load_address>0x269f</load_address>
         <run_address>0x269f</run_address>
         <size>0x56</size>
         <input_file_ref idref="fl-38"/>
      </object_component>
      <object_component id="oc-10d">
         <name>.debug_line</name>
         <load_address>0x26f5</load_address>
         <run_address>0x26f5</run_address>
         <size>0x3a</size>
         <input_file_ref idref="fl-39"/>
      </object_component>
      <object_component id="oc-111">
         <name>.debug_line</name>
         <load_address>0x272f</load_address>
         <run_address>0x272f</run_address>
         <size>0x3c</size>
         <input_file_ref idref="fl-3a"/>
      </object_component>
      <object_component id="oc-115">
         <name>.debug_line</name>
         <load_address>0x276b</load_address>
         <run_address>0x276b</run_address>
         <size>0x38</size>
         <input_file_ref idref="fl-3b"/>
      </object_component>
      <object_component id="oc-119">
         <name>.debug_line</name>
         <load_address>0x27a3</load_address>
         <run_address>0x27a3</run_address>
         <size>0xa8</size>
         <input_file_ref idref="fl-3c"/>
      </object_component>
      <object_component id="oc-11d">
         <name>.debug_line</name>
         <load_address>0x284b</load_address>
         <run_address>0x284b</run_address>
         <size>0x40</size>
         <input_file_ref idref="fl-3d"/>
      </object_component>
      <object_component id="oc-121">
         <name>.debug_line</name>
         <load_address>0x288b</load_address>
         <run_address>0x288b</run_address>
         <size>0x3a</size>
         <input_file_ref idref="fl-3e"/>
      </object_component>
      <object_component id="oc-125">
         <name>.debug_line</name>
         <load_address>0x28c5</load_address>
         <run_address>0x28c5</run_address>
         <size>0x3c</size>
         <input_file_ref idref="fl-3f"/>
      </object_component>
      <object_component id="oc-129">
         <name>.debug_line</name>
         <load_address>0x2901</load_address>
         <run_address>0x2901</run_address>
         <size>0x44</size>
         <input_file_ref idref="fl-40"/>
      </object_component>
      <object_component id="oc-12d">
         <name>.debug_line</name>
         <load_address>0x2945</load_address>
         <run_address>0x2945</run_address>
         <size>0x40</size>
         <input_file_ref idref="fl-41"/>
      </object_component>
      <object_component id="oc-131">
         <name>.debug_line</name>
         <load_address>0x2985</load_address>
         <run_address>0x2985</run_address>
         <size>0x58</size>
         <input_file_ref idref="fl-42"/>
      </object_component>
      <object_component id="oc-135">
         <name>.debug_line</name>
         <load_address>0x29dd</load_address>
         <run_address>0x29dd</run_address>
         <size>0x3c</size>
         <input_file_ref idref="fl-43"/>
      </object_component>
      <object_component id="oc-13b">
         <name>.debug_line</name>
         <load_address>0x2a19</load_address>
         <run_address>0x2a19</run_address>
         <size>0xd7</size>
         <input_file_ref idref="fl-44"/>
      </object_component>
      <object_component id="oc-142">
         <name>.debug_line</name>
         <load_address>0x2af0</load_address>
         <run_address>0x2af0</run_address>
         <size>0x112</size>
         <input_file_ref idref="fl-45"/>
      </object_component>
      <object_component id="oc-146">
         <name>.debug_line</name>
         <load_address>0x2c02</load_address>
         <run_address>0x2c02</run_address>
         <size>0x3d</size>
         <input_file_ref idref="fl-46"/>
      </object_component>
      <object_component id="oc-14a">
         <name>.debug_line</name>
         <load_address>0x2c3f</load_address>
         <run_address>0x2c3f</run_address>
         <size>0x39</size>
         <input_file_ref idref="fl-47"/>
      </object_component>
      <object_component id="oc-19">
         <name>.debug_abbrev</name>
         <load_address>0x0</load_address>
         <run_address>0x0</run_address>
         <size>0x14c</size>
         <input_file_ref idref="fl-2"/>
      </object_component>
      <object_component id="oc-1f">
         <name>.debug_abbrev</name>
         <load_address>0x14c</load_address>
         <run_address>0x14c</run_address>
         <size>0x147</size>
         <input_file_ref idref="fl-3"/>
      </object_component>
      <object_component id="oc-25">
         <name>.debug_abbrev</name>
         <load_address>0x293</load_address>
         <run_address>0x293</run_address>
         <size>0xfd</size>
         <input_file_ref idref="fl-4"/>
      </object_component>
      <object_component id="oc-2a">
         <name>.debug_abbrev</name>
         <load_address>0x390</load_address>
         <run_address>0x390</run_address>
         <size>0xf4</size>
         <input_file_ref idref="fl-5"/>
      </object_component>
      <object_component id="oc-33">
         <name>.debug_abbrev</name>
         <load_address>0x484</load_address>
[...]
         <name>_USBSTK5515_I2C_init</name>
         <value>0x25c1e</value>
         <object_component_ref idref="oc-51"/>
      </symbol>
      <symbol id="sm-304">
         <name>_USBSTK5515_ULED_toggle</name>
         <value>0x257bd</value>
         <object_component_ref idref="oc-58"/>
      </symbol>
      <symbol id="sm-305">
         <name>_USBSTK5515_LED_on</name>
         <value>0x25644</value>
         <object_component_ref idref="oc-58"/>
      </symbol>
      <symbol id="sm-306">
         <name>_USBSTK5515_LED_off</name>
         <value>0x25655</value>
         <object_component_ref idref="oc-58"/>
      </symbol>
      <symbol id="sm-307">
         <name>_USBSTK5515_ULED_on</name>
         <value>0x25755</value>
         <object_component_ref idref="oc-58"/>
      </symbol>
      <symbol id="sm-308">
         <name>_USBSTK5515_ULED_off</name>
         <value>0x2578a</value>
         <object_component_ref idref="oc-58"/>
      </symbol>
      <symbol id="sm-309">
         <name>_USBSTK5515_ULED_getall</name>
         <value>0x25695</value>
         <object_component_ref idref="oc-58"/>
      </symbol>
      <symbol id="sm-30a">
         <name>_USBSTK5515_ULED_setall</name>
         <value>0x256e7</value>
         <object_component_ref idref="oc-58"/>
      </symbol>
      <symbol id="sm-30b">
         <name>_USBSTK5515_ULED_init</name>
         <value>0x25666</value>
         <object_component_ref idref="oc-58"/>
      </symbol>
      <symbol id="sm-30c">
         <name>_USBSTK5515_LED_init</name>
         <value>0x25639</value>
         <object_component_ref idref="oc-58"/>
      </symbol>
      <symbol id="sm-331">
         <name>_PLL_reset</name>
         <value>0x2465d</value>
         <object_component_ref idref="oc-5d"/>
      </symbol>
      <symbol id="sm-332">
         <name>_PLL_bypass</name>
         <value>0x2460e</value>
         <object_component_ref idref="oc-5d"/>
      </symbol>
      <symbol id="sm-333">
         <name>_PLL_enable</name>
         <value>0x245a7</value>
         <object_component_ref idref="oc-5d"/>
      </symbol>
      <symbol id="sm-334">
         <name>_PLL_config</name>
         <value>0x2447e</value>
         <object_component_ref idref="oc-5d"/>
      </symbol>
      <symbol id="sm-335">
         <name>_PLL_init</name>
         <value>0x24446</value>
         <object_component_ref idref="oc-5d"/>
      </symbol>
      <symbol id="sm-33f">
         <name>__addd</name>
         <value>0x24ded</value>
         <object_component_ref idref="oc-62"/>
      </symbol>
      <symbol id="sm-34b">
         <name>__sysstack</name>
         <value>0x20c0</value>
         <object_component_ref idref="oc-14c"/>
      </symbol>
      <symbol id="sm-34c">
         <name>_c_int00</name>
         <value>0x26b25</value>
         <object_component_ref idref="oc-10"/>
      </symbol>
      <symbol id="sm-34d">
         <name>__stack</name>
         <value>0xc0</value>
         <object_component_ref idref="oc-66"/>
      </symbol>
      <symbol id="sm-357">
         <name>__eqld</name>
         <value>0x255ad</value>
         <object_component_ref idref="oc-6a"/>
      </symbol>
      <symbol id="sm-358">
         <name>__cmpd</name>
         <value>0x255e1</value>
         <object_component_ref idref="oc-6a"/>
      </symbol>
      <symbol id="sm-359">
         <name>__neqd</name>
         <value>0x2544f</value>
         <object_component_ref idref="oc-6a"/>
      </symbol>
      <symbol id="sm-35a">
         <name>__gtrd</name>
         <value>0x25518</value>
         <object_component_ref idref="oc-6a"/>
      </symbol>
      <symbol id="sm-35b">
         <name>__geqd</name>
         <value>0x25563</value>
         <object_component_ref idref="oc-6a"/>
      </symbol>
      <symbol id="sm-35c">
         <name>__leqd</name>
         <value>0x254cb</value>
         <object_component_ref idref="oc-6a"/>
      </symbol>
      <symbol id="sm-35d">
         <name>__lssd</name>
         <value>0x25483</value>
         <object_component_ref idref="oc-6a"/>
      </symbol>
      <symbol id="sm-36e">
         <name>_cos</name>
         <value>0x25044</value>
         <object_component_ref idref="oc-6e"/>
      </symbol>
      <symbol id="sm-37a">
         <name>__divd</name>
         <value>0x23a5f</value>
         <object_component_ref idref="oc-75"/>
      </symbol>
      <symbol id="sm-38a">
         <name>C$$EXIT</name>
         <value>0x26c65</value>
         <object_component_ref idref="oc-7d"/>
      </symbol>
      <symbol id="sm-38b">
         <name>_exit</name>
         <value>0x26ae7</value>
         <object_component_ref idref="oc-79"/>
      </symbol>
      <symbol id="sm-38c">
         <name>_abort</name>
         <value>0x26c64</value>
         <object_component_ref idref="oc-7d"/>
      </symbol>
      <symbol id="sm-38d">
         <name>__cleanup_ptr</name>
         <value>0x5f30</value>
         <object_component_ref idref="oc-7a"/>
      </symbol>
      <symbol id="sm-38e">
         <name>__dtors_ptr</name>
         <value>0x5f34</value>
         <object_component_ref idref="oc-7a"/>
      </symbol>
      <symbol id="sm-398">
         <name>__fixdi</name>
         <value>0x26b59</value>
         <object_component_ref idref="oc-80"/>
      </symbol>
      <symbol id="sm-3a2">
         <name>__fixdli</name>
         <value>0x26623</value>
         <object_component_ref idref="oc-84"/>
      </symbol>
      <symbol id="sm-3ac">
         <name>__fltid</name>
         <value>0x26c4e</value>
         <object_component_ref idref="oc-88"/>
      </symbol>
      <symbol id="sm-3b8">
         <name>__fltlid</name>
         <value>0x26764</value>
         <object_component_ref idref="oc-8c"/>
      </symbol>
      <symbol id="sm-3c4">
         <name>_puts</name>
         <value>0x25951</value>
         <object_component_ref idref="oc-91"/>
      </symbol>
      <symbol id="sm-3c5">
         <name>_fputs</name>
         <value>0x25802</value>
         <object_component_ref idref="oc-91"/>
      </symbol>
      <symbol id="sm-3cf">
         <name>__frcmpyd_div</name>
         <value>0x26540</value>
         <object_component_ref idref="oc-96"/>
      </symbol>
      <symbol id="sm-3d7">
         <name>__mpyli</name>
         <value>0x26c19</value>
         <object_component_ref idref="oc-9a"/>
      </symbol>
      <symbol id="sm-3d8">
         <name>I$$LMPY</name>
         <value>0x26c19</value>
         <object_component_ref idref="oc-9a"/>
      </symbol>
      <symbol id="sm-3e9">
         <name>_add_device</name>
         <value>0x23977</value>
         <object_component_ref idref="oc-9e"/>
      </symbol>
      <symbol id="sm-3ea">
         <name>_rename</name>
         <value>0x236a8</value>
         <object_component_ref idref="oc-9e"/>
      </symbol>
      <symbol id="sm-3eb">
         <name>_read</name>
         <value>0x23733</value>
         <object_component_ref idref="oc-9e"/>
      </symbol>
      <symbol id="sm-3ec">
         <name>_unlink</name>
         <value>0x23674</value>
         <object_component_ref idref="oc-9e"/>
      </symbol>
      <symbol id="sm-3ed">
         <name>_remove_device</name>
         <value>0x236ff</value>
         <object_component_ref idref="oc-9e"/>
      </symbol>
      <symbol id="sm-3ee">
         <name>_open</name>
         <value>0x237dd</value>
         <object_component_ref idref="oc-9e"/>
      </symbol>
      <symbol id="sm-3ef">
         <name>_find_registered_device</name>
         <value>0x238fe</value>
         <object_component_ref idref="oc-9e"/>
      </symbol>
      <symbol id="sm-3f0">
         <name>_lseek</name>
         <value>0x2389a</value>
         <object_component_ref idref="oc-9e"/>
      </symbol>
      <symbol id="sm-3f1">
         <name>_close</name>
         <value>0x23907</value>
         <object_component_ref idref="oc-9e"/>
      </symbol>
      <symbol id="sm-3f2">
         <name>_write</name>
         <value>0x23547</value>
         <object_component_ref idref="oc-9e"/>
      </symbol>
      <symbol id="sm-3fc">
         <name>_memcpy</name>
         <value>0x26884</value>
         <object_component_ref idref="oc-a4"/>
      </symbol>
      <symbol id="sm-408">
         <name>_modf</name>
         <value>0x26122</value>
         <object_component_ref idref="oc-a8"/>
      </symbol>
      <symbol id="sm-412">
         <name>__mpyd</name>
         <value>0x25ad3</value>
         <object_component_ref idref="oc-ad"/>
      </symbol>
      <symbol id="sm-41c">
         <name>__negd</name>
         <value>0x26c3e</value>
         <object_component_ref idref="oc-b1"/>
      </symbol>
      <symbol id="sm-426">
         <name>_printf</name>
         <value>0x2692e</value>
         <object_component_ref idref="oc-b5"/>
      </symbol>
      <symbol id="sm-432">
         <name>__nround</name>
         <value>0x267cb</value>
         <object_component_ref idref="oc-b9"/>
      </symbol>
      <symbol id="sm-443">
         <name>_sin</name>
         <value>0x2525d</value>
         <object_component_ref idref="oc-be"/>
      </symbol>
      <symbol id="sm-44d">
         <name>__subd</name>
         <value>0x26c05</value>
         <object_component_ref idref="oc-c5"/>
      </symbol>
      <symbol id="sm-459">
         <name>_HOSTopen</name>
         <value>0x228d3</value>
         <object_component_ref idref="oc-c9"/>
      </symbol>
      <symbol id="sm-45a">
         <name>_HOSTread</name>
         <value>0x22848</value>
         <object_component_ref idref="oc-c9"/>
      </symbol>
      <symbol id="sm-45b">
         <name>_HOSTtime</name>
         <value>0x22731</value>
         <object_component_ref idref="oc-c9"/>
      </symbol>
      <symbol id="sm-45c">
         <name>_getenv</name>
         <value>0x225ba</value>
         <object_component_ref idref="oc-c9"/>
      </symbol>
      <symbol id="sm-45d">
         <name>_HOSTrename</name>
         <value>0x2278f</value>
         <object_component_ref idref="oc-c9"/>
      </symbol>
      <symbol id="sm-45e">
         <name>_HOSTclock</name>
         <value>0x22a94</value>
         <object_component_ref idref="oc-c9"/>
      </symbol>
      <symbol id="sm-45f">
         <name>_HOSTwrite</name>
         <value>0x2263a</value>
         <object_component_ref idref="oc-c9"/>
      </symbol>
      <symbol id="sm-460">
         <name>_HOSTlseek</name>
         <value>0x22974</value>
         <object_component_ref idref="oc-c9"/>
      </symbol>
      <symbol id="sm-461">
         <name>_HOSTunlink</name>
         <value>0x226c5</value>
         <object_component_ref idref="oc-c9"/>
      </symbol>
      <symbol id="sm-462">
         <name>_HOSTclose</name>
         <value>0x22a29</value>
         <object_component_ref idref="oc-c9"/>
      </symbol>
      <symbol id="sm-474">
         <name>C$$IO$$</name>
         <value>0x2611d</value>
         <object_component_ref idref="oc-d1"/>
      </symbol>
      <symbol id="sm-475">
         <name>__CIOBUF_</name>
         <value>0x40790</value>
         <object_component_ref idref="oc-d0"/>
      </symbol>
      <symbol id="sm-476">
         <name>_readmsg</name>
         <value>0x26691</value>
         <object_component_ref idref="oc-ce"/>
      </symbol>
      <symbol id="sm-477">
         <name>_writemsg</name>
         <value>0x26064</value>
         <object_component_ref idref="oc-d1"/>
      </symbol>
      <symbol id="sm-483">
         <name>__trunc</name>
         <value>0x26aa5</value>
         <object_component_ref idref="oc-d4"/>
      </symbol>
      <symbol id="sm-48d">
         <name>_Reset</name>
         <value>0x4fe00</value>
         <object_component_ref idref="oc-11"/>
      </symbol>
      <symbol id="sm-497">
         <name>__rd_ok</name>
         <value>0x26007</value>
         <object_component_ref idref="oc-dd"/>
      </symbol>
      <symbol id="sm-498">
         <name>__wrt_ok</name>
         <value>0x25f8a</value>
         <object_component_ref idref="oc-dd"/>
      </symbol>
      <symbol id="sm-4a6">
         <name>__unlock</name>
         <value>0x5f2c</value>
         <object_component_ref idref="oc-e2"/>
      </symbol>
      <symbol id="sm-4a7">
         <name>__lock</name>
         <value>0x5f28</value>
         <object_component_ref idref="oc-e2"/>
      </symbol>
      <symbol id="sm-4a8">
         <name>__register_lock</name>
         <value>0x26c34</value>
         <object_component_ref idref="oc-e1"/>
      </symbol>
      <symbol id="sm-4a9">
         <name>__nop</name>
         <value>0x26c3c</value>
         <object_component_ref idref="oc-e1"/>
      </symbol>
      <symbol id="sm-4aa">
         <name>__register_unlock</name>
         <value>0x26c2c</value>
         <object_component_ref idref="oc-e1"/>
      </symbol>
      <symbol id="sm-4bc">
         <name>__printfi</name>
         <value>0x21315</value>
         <object_component_ref idref="oc-e7"/>
      </symbol>
      <symbol id="sm-4c6">
         <name>__args_main</name>
         <value>0x26a14</value>
         <object_component_ref idref="oc-ed"/>
      </symbol>
      <symbol id="sm-4c7">
         <name>__TI_args_main</name>
         <value>0x1</value>
      </symbol>
      <symbol id="sm-4d1">
         <name>_atoi</name>
         <value>0x2682b</value>
         <object_component_ref idref="oc-f1"/>
      </symbol>
      <symbol id="sm-4d9">
         <name>_auto_init</name>
         <value>0x2697c</value>
         <object_component_ref idref="oc-f5"/>
      </symbol>
      <symbol id="sm-4e1">
         <name>__ctypes_</name>
         <value>0x6690</value>
         <object_component_ref idref="oc-14f"/>
      </symbol>
      <symbol id="sm-4eb">
         <name>__tmpnams</name>
         <value>0x5aac</value>
         <object_component_ref idref="oc-fb"/>
      </symbol>
      <symbol id="sm-4ec">
         <name>__ft_end</name>
         <value>0x5bec</value>
         <object_component_ref idref="oc-fb"/>
      </symbol>
      <symbol id="sm-4ed">
         <name>__ftable</name>
         <value>0x59bc</value>
         <object_component_ref idref="oc-fb"/>
      </symbol>
      <symbol id="sm-4f8">
         <name>__divul</name>
         <value>0x2633b</value>
         <object_component_ref idref="oc-ff"/>
      </symbol>
      <symbol id="sm-502">
         <name>__doflush</name>
         <value>0x261df</value>
         <object_component_ref idref="oc-103"/>
      </symbol>
      <symbol id="sm-503">
         <name>_fflush</name>
         <value>0x26241</value>
         <object_component_ref idref="oc-103"/>
      </symbol>
      <symbol id="sm-50d">
         <name>_putchar</name>
         <value>0x2632c</value>
         <object_component_ref idref="oc-107"/>
      </symbol>
      <symbol id="sm-50e">
         <name>_putc</name>
         <value>0x26299</value>
         <object_component_ref idref="oc-107"/>
      </symbol>
      <symbol id="sm-50f">
         <name>_fputc</name>
         <value>0x26299</value>
         <object_component_ref idref="oc-107"/>
      </symbol>
      <symbol id="sm-519">
         <name>__frcmpyd</name>
         <value>0x264ca</value>
         <object_component_ref idref="oc-10b"/>
      </symbol>
      <symbol id="sm-523">
         <name>_fseek</name>
         <value>0x266fc</value>
         <object_component_ref idref="oc-10f"/>
      </symbol>
      <symbol id="sm-52d">
         <name>___isinf</name>
         <value>0x26beb</value>
         <object_component_ref idref="oc-113"/>
      </symbol>
      <symbol id="sm-537">
         <name>__divull</name>
         <value>0x24cc5</value>
         <object_component_ref idref="oc-117"/>
      </symbol>
      <symbol id="sm-538">
         <name>__mpylli</name>
         <value>0x24c0e</value>
         <object_component_ref idref="oc-117"/>
      </symbol>
      <symbol id="sm-539">
         <name>__remlli</name>
         <value>0x24bdf</value>
         <object_component_ref idref="oc-117"/>
      </symbol>
      <symbol id="sm-53a">
         <name>__divlli</name>
         <value>0x24db9</value>
         <object_component_ref idref="oc-117"/>
      </symbol>
      <symbol id="sm-53b">
         <name>__remull</name>
         <value>0x24b91</value>
         <object_component_ref idref="oc-117"/>
      </symbol>
      <symbol id="sm-545">
         <name>_ltoa</name>
         <value>0x263db</value>
         <object_component_ref idref="oc-11b"/>
      </symbol>
      <symbol id="sm-550">
         <name>_memccpy</name>
         <value>0x26bad</value>
         <object_component_ref idref="oc-11f"/>
      </symbol>
      <symbol id="sm-55a">
         <name>__remli</name>
         <value>0x269c9</value>
         <object_component_ref idref="oc-123"/>
      </symbol>
      <symbol id="sm-565">
         <name>__remul</name>
         <value>0x265b3</value>
         <object_component_ref idref="oc-127"/>
      </symbol>
      <symbol id="sm-56f">
         <name>_setvbuf</name>
         <value>0x25e97</value>
         <object_component_ref idref="oc-12b"/>
      </symbol>
      <symbol id="sm-577">
         <name>__remu</name>
         <value>0x26b98</value>
         <object_component_ref idref="oc-12f"/>
      </symbol>
      <symbol id="sm-578">
         <name>__divu</name>
         <value>0x26b83</value>
         <object_component_ref idref="oc-12f"/>
      </symbol>
      <symbol id="sm-579">
         <name>I$$UMOD</name>
         <value>0x26b98</value>
         <object_component_ref idref="oc-12f"/>
      </symbol>
      <symbol id="sm-57a">
         <name>I$$UDIV</name>
         <value>0x26b83</value>
         <object_component_ref idref="oc-12f"/>
      </symbol>
      <symbol id="sm-584">
         <name>__divli</name>
         <value>0x26a5d</value>
         <object_component_ref idref="oc-133"/>
      </symbol>
      <symbol id="sm-593">
         <name>__cleanup</name>
         <value>0x247de</value>
         <object_component_ref idref="oc-137"/>
      </symbol>
      <symbol id="sm-594">
         <name>_fopen</name>
         <value>0x248fc</value>
         <object_component_ref idref="oc-137"/>
      </symbol>
      <symbol id="sm-595">
         <name>_freopen</name>
         <value>0x24836</value>
         <object_component_ref idref="oc-137"/>
      </symbol>
      <symbol id="sm-5a5">
         <name>__sys_memory</name>
         <value>0x30c0</value>
         <object_component_ref idref="oc-141"/>
      </symbol>
      <symbol id="sm-5a6">
         <name>_chkheap</name>
         <value>0x22fd1</value>
         <object_component_ref idref="oc-13d"/>
      </symbol>
      <symbol id="sm-5a7">
         <name>_realloc</name>
         <value>0x22d37</value>
         <object_component_ref idref="oc-13d"/>
      </symbol>
      <symbol id="sm-5a8">
         <name>_free_memory</name>
         <value>0x22f6a</value>
         <object_component_ref idref="oc-13d"/>
      </symbol>
      <symbol id="sm-5a9">
         <name>_max_free</name>
         <value>0x22f00</value>
         <object_component_ref idref="oc-13d"/>
      </symbol>
      <symbol id="sm-5aa">
         <name>_free</name>
         <value>0x22af2</value>
         <object_component_ref idref="oc-13d"/>
      </symbol>
      <symbol id="sm-5ab">
         <name>_calloc</name>
         <value>0x22fd9</value>
         <object_component_ref idref="oc-13d"/>
      </symbol>
      <symbol id="sm-5ac">
         <name>_malloc</name>
         <value>0x22c36</value>
         <object_component_ref idref="oc-13d"/>
      </symbol>
      <symbol id="sm-5ad">
         <name>_minit</name>
         <value>0x22bc4</value>
         <object_component_ref idref="oc-13d"/>
      </symbol>
      <symbol id="sm-5b7">
         <name>_fclose</name>
         <value>0x26454</value>
         <object_component_ref idref="oc-144"/>
      </symbol>
      <symbol id="sm-5c1">
         <name>_remove</name>
         <value>0x26c5a</value>
         <object_component_ref idref="oc-148"/>
      </symbol>
   </symbol_table>
</link_info>
